******************************************************************************
         TMS320C54x COFF Linker PC v4.1.0                      
******************************************************************************
>> Linked Fri Nov 23 17:00:12 2007

OUTPUT FILE NAME:   <./Debug/app.out>
ENTRY POINT SYMBOL: "_c_int00"  address: 0000aab9


MEMORY CONFIGURATION

                  name            origin    length      used    attr    fill
         ----------------------  --------  ---------  --------  ----  --------
PAGE  0: IPROG                   00003000   00001000  00000541  RWIX
         EPROG                   00008000   00007f80  00002b33  RWIX
         VECT                    0000ff80   00000080  00000080  RWIX

PAGE  1: USERREGS                00000060   0000001a  00000000  RWIX
         CSLREGS                 0000007a   00000002  00000000  RWIX
         BIOSREGS                0000007c   00000004  00000004  RWIX
         IDATA                   00000080   00002f80  00001963  RWIX
         EDATA                   00008000   00008000  00002244  RWIX


SECTION ALLOCATION MAP

 output                                  attributes/
section   page    origin      length       input sections
--------  ----  ----------  ----------   ----------------
.hwi       0    00003000    00000000     UNINITIALIZED

.switch    0    00003000    00000000     UNINITIALIZED

.bios:.norptb 
*          0    00003000    000002fe     
                  00003000    00000034     biosi.a54f : clk_isr.o54f (.bios:.norptb)
                  00003034    00000133                : clk_run.o54f (.bios:.norptb)
                  00003167    00000026                : log_norp.o54f (.bios:.norptb)
                  0000318d    00000171                : hwi_disp_asm.o5 (.bios:.norptb)

.rtdx_text 
*          0    000032fe    00000243     
                  000032fe    00000116     rtdx_ext.lib : rtdx_mon.o54f (.rtdx_text)
                  00003414    0000012d                  : buffer1.o54f (.rtdx_text)

frt        0    00008000    00000000     UNINITIALIZED

.text      0    00008000    00001827     
                  00008000    00000003     appcfg_c.o54f (.text:CSL_cfgInit)
                  00008003    00000031     appIO.o54f (.text)
                  00008034    0000001c     appMain.o54f (.text)
                  00008050    0000001f     appThreads.o54f (.text)
                  0000806f    00000020     fir.o54f (.text)
                  0000808f    000001a0     thrAudioproc.o54f (.text)
                  0000822f    0000009a     thrControl.o54f (.text)
                  000082c9    00000083     thrRxSplit.o54f (.text)
                  0000834c    000000a6     thrTxJoin.o54f (.text)
                  000083f2    00000020     vol.o54f (.text)
                  00008412    00000015     rtdx_ext.lib : IMR.o54f (.text)
                  00008427    0000000e     csl5402x.lib : _csl_init.obj (.text:_CSL_init)
                  00008435    00000022                  : irq_enab.obj (.text:IRQ_enable)
                  00008457    00000008                  : irq_gdis.obj (.text:IRQ_globalDisable)
                  0000845f    00000011                  : irq_grest.obj (.text:IRQ_globalRestore)
                  00008470    0000002f                  : tim_cfgb.obj (.text:TIMER_configArgs)
                  0000849f    00000078                  : tim_open.obj (.text:TIMER_open)
                  00008517    00000047                  : tim_rst.obj (.text:TIMER_reset)
                  0000855e    0000000d                  : tim_start.obj (.text:TIMER_start)
                  0000856b    00000053     rts_ext.lib : exit.obj (.text)
                  000085be    0000000d                 : _lock.obj (.text)
                  000085cb    00000010                 : memcpy.obj (.text)
                  000085db    0000006a     dsk5402_dma_ad50.l54f : dsk5402_dma_ad5 (.text)
                  00008645    00000094                           : dsk5402_dma_ad5 (.text:init)
                  000086d9    00000065     csl5402x.lib : mcbsp_cfg.obj (.text:MCBSP_config)
                  0000873e    0000001d                  : mcbsp_cls.obj (.text:MCBSP_close)
                  0000875b    00000067                  : mcbsp_open.obj (.text:MCBSP_open)
                  000087c2    000000b5                  : mcbsp_rst.obj (.text:MCBSP_reset)
                  00008877    0000004e                  : mcbsp_start.obj (.text:MCBSP_start)
                  000088c5    0000005e     dsk5402_dma_ad50.l54f : ad50.o54f (.text)
                  00008923    00000003                           : ad50.o54f (.text:init)
                  00008926    0000001d     csl5402x.lib : mcbsp_write.obj (.text:MCBSP_write)
                  00008943    00000016                  : mcbsp_xrdy.obj (.text:MCBSP_xrdy)
                  00008959    000003f0     c5402_dma_mcbsp.l54f : c5402_dma_mcbsp (.text)
                  00008d49    00000082                          : c5402_dma_mcbsp (.text:init)
                  00008dcb    00000006     biosi.a54f : iom_stub.o54f (.text)
                  00008dd1    00000042     csl5402x.lib : dma_cfg.obj (.text:DMA_config)
                  00008e13    00000022                  : dma_close.obj (.text:DMA_close)
                  00008e35    00000008                  : dma_gevid.obj (.text:DMA_getEventId)
                  00008e3d    00000079                  : dma_open.obj (.text:DMA_open)
                  00008eb6    00000085                  : dma_reset.obj (.text:DMA_reset)
                  00008f3b    00000012                  : dma_start.obj (.text:DMA_start)
                  00008f4d    00000016                  : dma_stop.obj (.text:DMA_stop)
                  00008f63    00000024                  : irq_disa.obj (.text:IRQ_disable)
                  00008f87    00000016                  : mcbsp_rrdy.obj (.text:MCBSP_rrdy)
                  00008f9d    00000087     pio.l54f : pio.o54f (.text)
                  00009024    000000b1              : pio.o54f (.text:init)
                  000090d5    00000064              : pio.o54f (.text:PIO_rx)
                  00009139    00000086              : pio.o54f (.text:PIO_tx)
                  000091bf    00000018     rts_ext.lib : memset.obj (.text)
                  000091d7    000000e7     utl.l54f : utl_algmem.o54f (.text)
                  000092be    0000000f              : utl_defaultLog.o54f (.text)
                  000092cd    00000040              : utl_heapusage.o54f (.text)
                  0000930d    000000a7     rts_ext.lib : ldiv.obj (.text)
                  000093b4    00000039     utl.l54f : utl_stsPeriod.o54f (.text)
                  000093ed    0000002f              : utl_stsPhase.o54f (.text)
                  0000941c    0000001a     algrf.l54f : algrf_activate.o54f (.text:activate)
                  00009436    0000002d                : algrf_cre.o54f (.text)
                  00009463    00000128                : algrf_cre.o54f (.text:create)
                  0000958b    0000001a                : algrf_deactivate.o54f (.text:deactivate)
                  000095a5    0000001e                : algrf_setup.o54f (.text:setup)
                  000095c3    0000006c     fir_ti.l54f : fir_ti_filter.o54f (.text:filter)
                  0000962f    00000014                 : fir_ti_ialg.o54f (.text:algActivate)
                  00009643    0000003b                 : fir_ti_ialg.o54f (.text:algAlloc)
                  0000967e    00000026                 : fir_ti_ialg.o54f (.text:algControl)
                  000096a4    00000014                 : fir_ti_ialg.o54f (.text:algDeactivate)
                  000096b8    00000029                 : fir_ti_ialg.o54f (.text:algFree)
                  000096e1    00000028                 : fir_ti_ialg.o54f (.text:algInit)
                  00009709    00000013                 : fir_ti_ialg.o54f (.text:algMoved)
                  0000971c    00000004                 : fir_ti_ialg.o54f (.text:algNumAlloc)
                  00009720    00000028     vol_ti.l54f : vol_ti_ialg.o54f (.text:algAlloc)
                  00009748    0000001f                 : vol_ti_ialg.o54f (.text:algFree)
                  00009767    0000001e                 : vol_ti_ialg.o54f (.text:algInit)
                  00009785    0000000f                 : vol_ti_ialg.o54f (.text:algMoved)
                  00009794    0000007f                 : vol_ti_ivol.o54f (.text)
                  00009813    00000014     rts_ext.lib : lmpy.obj (.text)

.bios      0    00009827    00000b55     
                  00009827    0000001e     appcfg.o54f (.bios:.near)
                  00009845    000001e0     lnkrtdx.a54f : rtdx.o54f (.bios:.near)
                  00009a25    00000045     biosi.a54f : clk.o54f (.bios:.near)
                  00009a6a    00000018                : clk_start54.o54 (.bios)
                  00009a82    0000000e                : fxn.o54f (.bios:.near)
                  00009a90    00000001                : gbl_chip.o54f (.bios:.near)
                  00009a91    00000016                : gbl_cslinit54.o (.bios)
                  00009aa7    00000003                : gbl_vers.o54f (.bios:.near)
                  00009aaa    00000018                : idl.o54f (.bios:.near)
                  00009ac2    00000015                : idl_busy.o54f (.bios:.near)
                  00009ad7    00000035                : idl_cal.o54f (.bios:.near)
                  00009b0c    00000078                : pip.o54f (.bios:.near)
                  00009b84    00000030                : fxn_exec.o54f (.bios:.near)
                  00009bb4    0000009c                : rta.o54f (.bios:.near)
                  00009c50    00000008                : rta_andn.o54f (.bios:.near)
                  00009c58    00000027                : sts.o54f (.bios:.near)
                  00009c7f    000001e0                : swi.o54f (.bios:.near)
                  00009e5f    00000026                : log.o54f (.bios:.near)
                  00009e85    0000004c                : dev_init_inst.o (.bios)
                  00009ed1    00000063                : mem_init_inst.o (.bios:.near)
                  00009f34    00000036                : mem_rom.o54f (.bios:.near)
                  00009f6a    00000010                : mem_rom.o54f (.bios:.wrap)
                  00009f7a    00000018                : swi_andn.o54f (.bios:.wrap)
                  00009f92    0000000b                : swi_post.o54f (.bios:.wrap)
                  00009f9d    0000000e                : sys_abor_inst.o (.bios)
                  00009fab    00000010                : utl_doab_inst.o (.bios)
                  00009fbb    0000000f                : utl_doer_inst.o (.bios)
                  00009fca    00000004                : utl_halt_inst.o (.bios)
                  00009fce    00000003                : fxn_c.o54f (.bios)
                  00009fd1    00000010                : hwi_c.o54f (.bios:.wrap)
                  00009fe1    00000008                : log_event.o54f (.bios:.wrap)
                  00009fe9    00000008                : log_printf.o54f (.bios:.wrap)
                  00009ff1    0000002e                : pip_c.o54f (.bios:.wrap)
                  0000a01f    00000030                : que_get_inst.o5 (.bios)
                  0000a04f    00000042                : atm_inst.o54f (.bios)
                  0000a091    0000003f                : hwi_disp.o54f (.bios)
                  0000a0d0    00000038                : c54_asm.o54f (.bios)
                  0000a108    0000005f                : dev_matc_inst.o (.bios)
                  0000a167    00000062                : mem_stat_inst.o (.bios)
                  0000a1c9    00000014                : clk_gethtime.o5 (.bios:.wrap)
                  0000a1dd    00000007                : sts_delta.o54f (.bios:.wrap)
                  0000a1e4    00000009                : sts_set.o54f (.bios:.wrap)
                  0000a1ed    00000007                : sts_add.o54f (.bios:.wrap)
                  0000a1f4    0000009a                : mem_allo_inst.o (.bios:.near)
                  0000a28e    0000009f                : mem_free_inst.o (.bios:.near)
                  0000a32d    0000002e                : mem_vall_inst.o (.bios:.near)
                  0000a35b    00000017                : sys_erro_inst.o (.bios:.near)
                  0000a372    0000000a                : sys_asm_inst.o5 (.bios:.near)

.cinit     0    0000a37c    000006b3     
                  0000a37c    00000391     appcfg.o54f (.cinit)
                  0000a70d    00000050     appResources.o54f (.cinit)
                  0000a75d    0000000b     dsk5402_devParams.o54f (.cinit)
                  0000a768    00000006     ifir.o54f (.cinit)
                  0000a76e    00000005     ivol.o54f (.cinit)
                  0000a773    0000004e     thrAudioproc.o54f (.cinit)
                  0000a7c1    00000009     thrControl.o54f (.cinit)
                  0000a7ca    00000005     thrRxSplit.o54f (.cinit)
                  0000a7cf    00000006     thrTxJoin.o54f (.cinit)
                  0000a7d5    000000c4     biosi.a54f : biosdata.o54f (.cinit)
                  0000a899    00000004                : clk_start54.o54 (.cinit)
                  0000a89d    00000003                : idl_busy.o54f (.cinit)
                  0000a8a0    00000006                : rta.o54f (.cinit)
                  0000a8a6    00000003     rtdx_ext.lib : buffer1.o54f (.cinit)
                  0000a8a9    000000b8     csl5402x.lib : csl_csldat.obj (.cinit)
                  0000a961    0000000b     rts_ext.lib : exit.obj (.cinit)
                  0000a96c    00000008                 : _lock.obj (.cinit)
                  0000a974    00000027     dsk5402_dma_ad50.l54f : dsk5402_dma_ad5 (.cinit)
                  0000a99b    00000048     c5402_dma_mcbsp.l54f : c5402_dma_mcbsp (.cinit)
                  0000a9e3    00000004     biosi.a54f : hwi_disp.o54f (.cinit)
                  0000a9e7    00000003     pio.l54f : pio.o54f (.cinit)
                  0000a9ea    0000000c     utl.l54f : utl_defaultLog.o54f (.cinit)
                  0000a9f6    0000000a     algrf.l54f : algrf_setup.o54f (.cinit)
                  0000aa00    00000016     fir_ti.l54f : fir_ti_vt.o54f (.cinit)
                  0000aa16    00000018     vol_ti.l54f : vol_ti_ivolvt.o54f (.cinit)
                  0000aa2e    00000001     --HOLE-- [fill = 0]

.sysinit   0    0000aa2f    000000f2     
                  0000aa2f    0000008a     appcfg.o54f (.sysinit)
                  0000aab9    00000068     biosi.a54f : boot.o54f (.sysinit)

.gblinit   0    0000ab21    0000000a     
                  0000ab21    0000000a     appcfg.o54f (.gblinit)

.pinit     0    0000ab2c    00000006     
                  0000ab2c    00000002     rtdx_ext.lib : buffer1.o54f (.pinit)
                  0000ab2e    00000002                  : rtdx_mon.o54f (.pinit)
                  0000ab30    00000002     --HOLE-- [fill = 0]

.trcdata   0    0000ab32    00000002     
                  0000ab32    00000002     appcfg.o54f (.trcdata)

.hwi_vec   0    0000ff80    00000080     
                  0000ff80    00000080     appcfg.o54f (.hwi_vec)

.sysregs   1    0000007c    00000004     
                  0000007c    00000004     biosi.a54f : biosdata.o54f (.sysregs)

.prd       1    00000080    00000000     UNINITIALIZED

.far       1    00000080    00000000     UNINITIALIZED

.data      1    00000080    00000000     UNINITIALIZED

.cio       1    00000080    00000000     UNINITIALIZED

.dsm       1    00000080    00000000     UNINITIALIZED

.IDATA$heap 
*          1    00000080    00000c00     UNINITIALIZED

.bss       1    00000c80    000002d9     UNINITIALIZED
                  00000c80    00000080     biosi.a54f : hwi_disptab.o54 (.bss)
                  00000d00    00000046     rts_ext.lib : exit.obj (.bss)
                  00000d46    00000044     c5402_dma_mcbsp.l54f : c5402_dma_mcbsp (.bss)
                  00000d8a    0000003d     appcfg.o54f (.bss)
                  00000dc7    00000001     pio.l54f : pio.o54f (.bss)
                  00000dc8    0000003c     appResources.o54f (.bss)
                  00000e04    00000030     dsk5402_dma_ad50.l54f : dsk5402_dma_ad5 (.bss)
                  00000e34    00000016     vol_ti.l54f : vol_ti_ivolvt.o54f (.bss)
                  00000e4a    00000014     fir_ti.l54f : fir_ti_vt.o54f (.bss)
                  00000e5e    00000004     rts_ext.lib : _lock.obj (.bss)
                  00000e62    00000001     biosi.a54f : mem_asm.o54f (.bss)
                  00000e63    00000050     appThreads.o54f (.bss)
                  00000eb3    0000004a     thrAudioproc.o54f (.bss)
                  00000efd    00000030     appIO.o54f (.bss)
                  00000f2d    00000009     dsk5402_devParams.o54f (.bss)
                  00000f36    00000008     thrControl.o54f (.bss)
                  00000f3e    00000004     utl.l54f : utl_defaultLog.o54f (.bss)
                  00000f42    00000004     algrf.l54f : algrf_setup.o54f (.bss)
                  00000f46    00000004     thrTxJoin.o54f (.bss)
                  00000f4a    00000004     ifir.o54f (.bss)
                  00000f4e    00000003     thrRxSplit.o54f (.bss)
                  00000f51    00000003     ivol.o54f (.bss)
                  00000f54    00000002     biosi.a54f : hwi_disp.o54f (.bss)
                  00000f56    00000002                : clk_start54.o54 (.bss)
                  00000f58    00000001                : gbl_cslinit54.o (.bss)

.stack     1    00000f59    00000200     
                  00000f59    00000200     --HOLE-- [fill = beef]

.log       1    00001159    0000000c     
                  00001159    0000000c     appcfg.o54f (.log)

.hst       1    00001165    0000000b     UNINITIALIZED
                  00001165    0000000b     appcfg.o54f (.hst)

.idl       1    00001170    0000000a     UNINITIALIZED
                  00001170    00000005     appcfg.o54f (.idl)
                  00001175    00000005     appcfg.o54f (.idlcal)

.args      1    0000117a    00000004     
                  0000117a    00000004     --HOLE-- [fill = 0000]

.rtdx_data 
*          1    00001180    00000184     
                  00001180    0000000f     rtdx_ext.lib : rtdx_mon.o54f (.rtdx_data)
                  0000118f    00000004                  : buffer1.o54f (.rtdx_data) [fill = 0]
                  00001193    0000006d     --HOLE-- [fill = 0]
                  00001200    00000104     appcfg.o54f (.rtdx_data) [fill = 0]

.pip       1    00001304    00000110     UNINITIALIZED
                  00001304    00000110     appcfg.o54f (.pip)

.pip1      1    00001414    00000050     UNINITIALIZED
                  00001414    00000050     appcfg.o54f (.pip1)

.hst1      1    00001464    00000004     UNINITIALIZED
                  00001464    00000004     appcfg.o54f (.hst1)

.clk       1    00001468    00000003     UNINITIALIZED
                  00001468    00000003     appcfg.o54f (.clk)

.LOG_system$buf 
*          1    00001480    00000080     
                  00001480    00000080     appcfg.o54f (.LOG_system$buf) [fill = ffff]

.logTrace$buf 
*          1    00001500    00000080     
                  00001500    00000080     appcfg.o54f (.logTrace$buf) [fill = ffff]

.sysdata   1    00001580    0000005e     UNINITIALIZED
                  00001580    0000005e     biosi.a54f : biosdata.o54f (.sysdata)

.csldata   1    000015de    000000b6     UNINITIALIZED
                  000015de    000000b6     csl5402x.lib : csl_csldat.obj (.csldata)

.sts       1    00001694    000000b0     
                  00001694    000000b0     appcfg.o54f (.sts)

.pip0      1    00001744    000000a0     UNINITIALIZED
                  00001744    000000a0     appcfg.o54f (.pip0)

.pip5      1    000017e4    000000a0     UNINITIALIZED
                  000017e4    000000a0     appcfg.o54f (.pip5)

.pip2      1    00001884    00000050     UNINITIALIZED
                  00001884    00000050     appcfg.o54f (.pip2)

.pip3      1    000018d4    00000050     UNINITIALIZED
                  000018d4    00000050     appcfg.o54f (.pip3)

.pip4      1    00001924    00000050     UNINITIALIZED
                  00001924    00000050     appcfg.o54f (.pip4)

.swi       1    00001974    00000046     UNINITIALIZED
                  00001974    00000046     appcfg.o54f (.swi)

.hst0      1    000019bc    00000040     UNINITIALIZED
                  000019bc    00000040     appcfg.o54f (.hst0)

.gio       1    00008000    00000000     UNINITIALIZED

.udev      1    00008000    00000000     UNINITIALIZED

.EDATA$heap 
*          1    00008000    00002000     UNINITIALIZED

.const     1    0000a000    0000022f     
                  0000a000    0000000b     appcfg.o54f (.const)
                  0000a00b    0000000b     appIO.o54f (.const)
                  0000a016    00000015     appMain.o54f (.const)
                  0000a02b    0000001a     appThreads.o54f (.const)
                  0000a045    0000002e     thrAudioproc.o54f (.const)
                  0000a073    00000020     biosi.a54f : dev_init_inst.o (.const)
                  0000a093    00000023                : utl_doab_inst.o (.const)
                  0000a0b6    00000022                : utl_doer_inst.o (.const)
                  0000a0d8    00000009     dsk5402_dma_ad50.l54f : dsk5402_dma_ad5 (.const)
                  0000a0e1    00000074     pio.l54f : pio.o54f (.const)
                  0000a155    000000aa     utl.l54f : utl_algmem.o54f (.const)
                  0000a1ff    00000028              : utl_heapusage.o54f (.const)
                  0000a227    00000004     biosi.a54f : mem_allo_inst.o (.const)
                  0000a22b    00000004                : mem_free_inst.o (.const)

.mem       1    0000a22f    00000001     UNINITIALIZED
                  0000a22f    00000001     appcfg.o54f (.mem)

.devtable 
*          1    0000a230    0000000c     UNINITIALIZED
                  0000a230    0000000c     appcfg.o54f (.devtable)

.sys       1    0000a23c    00000008     UNINITIALIZED
                  0000a23c    00000008     appcfg.o54f (.sys)


GLOBAL SYMBOLS: SORTED ALPHABETICALLY BY Name 

address    name
--------   ----
00000c80   .bss
00000080   .data
00008000   .text
00003300   ATRAP_H
ffffffff   BIOSREGS
0000aa2f   BIOS_init
0000aa9b   BIOS_start
00000000   BUF$
00000001   BUF_ENABLED
000085bb   C$$EXIT
00000001   CLK$
00001468   CLK_A_TABBEG
0000146b   CLK_A_TABEND
00000003   CLK_A_TABLEN
0000c350   CLK_COUNTSPMS
00000000   CLK_COUNTSPMSHIGH
00001589   CLK_D_idletime
00001588   CLK_D_isrhook
00001587   CLK_D_tabbeg
00001586   CLK_D_timefxn
00009a25   CLK_F_getfhtime
00009a32   CLK_F_gethtime
00009a46   CLK_F_getltime
00009a32   CLK_F_getshtime
00003000   CLK_F_isr
00003000   CLK_F_isr54x
00009a49   CLK_F_itime
00003034   CLK_F_run
00003034   CLK_HOOKFXN
0000146a   CLK_NULL
0000c34f   CLK_PRD
00000000   CLK_PRDHIGH
00000000   CLK_REGS
0000007c   CLK_R_timh
0000007d   CLK_R_timl
00000021   CLK_TCR
00000001   CLK_TDDR
00000000   CLK_TDDRHIGH
00009a32   CLK_TIMEFXN
00000000   CLK_TIMERNUM
00000001   CLK_USETIMER
ffffffff   CSLREGS
00000000   DEV$
00000000   DGN$
00000000   DHL$
00000000   DHL_gChannelsAvailable
00000000   DIO$
00000000   DIO_NUMSWIBASE
00000000   DIO_NUMTSKBASE
00000000   DIO_STATIC
00000000   DPI$
00000d92   EDATA
00008000   EDATA$B
00002000   EDATA$L
ffffffff   EPROG
00009b84   FXN_F_execute
00009a8d   FXN_F_nop
00009a82   FXN_F_run
00009a8e   FXN_F_zero
00000001   GBL$
0000002b   GBL_A_SYSDP
00001580   GBL_A_SYSPAGE
00000490   GBL_A_VERSION
00008806   GBL_BSCR
00000001   GBL_CALLCSLCFGINIT
00000000   GBL_CHIPPRSC
00000000   GBL_CHIPTYPE5441
00004007   GBL_CLKMD
00000001   GBL_ENABLEINST
00000001   GBL_FARMODE
00000042   GBL_FOOTPRINT
00009a90   GBL_F_chip
00009a90   GBL_F_chip54x
00009aa7   GBL_F_version
00000001   GBL_MODIFYCLKMD
00000001   GBL_MODIFYSWCR
00000000   GBL_NULL
0000ffe0   GBL_PMST
00000000   GBL_ROM
0000007f   GBL_R_sysdp
00000001   GBL_SUPPORTCSL
00000000   GBL_SWCR
00001208   GBL_SWWSR
0000dbef   GBL_TRCMASKVALUE
00000000   GBL_USERINIT
00009fce   GBL_USERINITFXN
00000001   GBL_boot
0000ab33   GBL_initdone
00000f59   GBL_stackbeg
00001158   GBL_stackend
00000000   GIO$
00009fce   GIO_CREATEFXN
00009fce   GIO_DELETEFXN
00009fce   GIO_PENDFXN
00009fce   GIO_POSTFXN
00000000   HOOK$
00000000   HOOK_KNLID
00000001   HST$
00001165   HST_A_TABBEG
00001170   HST_A_TABEND
00000002   HST_A_TABLEN
00000000   HST_DSM
00000d91   HST_DSMBUFSEG
00000400   HST_DSMMEMSIZE
000015c8   HST_D_chanmask
00000100   HST_MAXFRAMEALLOWED
00000040   HST_MAXFRAMESET
00000000   HST_NONE
00000001   HST_RTDX
00000001   HWI$
000015cb   HWI_D_stkbottom
000015cc   HWI_D_stktop
0000318d   HWI_F_dispatch
00000010   HWI_INT0
00000011   HWI_INT1
00000012   HWI_INT2
00000001   HWI_NMI
00000000   HWI_RS
0000001a   HWI_SINT10
0000001b   HWI_SINT11
0000001c   HWI_SINT12
0000001d   HWI_SINT13
0000001e   HWI_SINT14
0000001f   HWI_SINT15
00000002   HWI_SINT17
00000003   HWI_SINT18
00000004   HWI_SINT19
00000005   HWI_SINT20
00000006   HWI_SINT21
00000007   HWI_SINT22
00000008   HWI_SINT23
00000009   HWI_SINT24
0000000a   HWI_SINT25
0000000b   HWI_SINT26
0000000c   HWI_SINT27
0000000d   HWI_SINT28
0000000e   HWI_SINT29
0000000f   HWI_SINT30
00000014   HWI_SINT4
00000015   HWI_SINT5
00000016   HWI_SINT6
00000017   HWI_SINT7
00000018   HWI_SINT8
00000019   HWI_SINT9
00000013   HWI_TINT
00000d91   IDATA
00000080   IDATA$B
00000c00   IDATA$L
00000001   IDL$
00001175   IDL_A_CALBEG
0000117a   IDL_A_CALEND
00000002   IDL_A_CALLEN
00001170   IDL_A_TABBEG
00001175   IDL_A_TABEND
00000002   IDL_A_TABLEN
00009ad7   IDL_CALIBRFXN
00001582   IDL_D_busyObj
000015c9   IDL_D_calbeg
00001581   IDL_D_calibrate
00001580   IDL_D_tabbeg
00001174   IDL_END
00001179   IDL_END$
00009ac2   IDL_F_busy
00009ad7   IDL_F_calibrate
00009aaa   IDL_F_init
00009aba   IDL_F_loop
00000001   IDL_USECLKIDLTIME
000016ee   IDL_busyObj
000016ec   IDL_busyObj$stsobj
00001172   IDL_cpuLoad
00001177   IDL_cpuLoad$
ffffffff   IPROG
0000930d   L$$DIVS
0000935d   L$$DIVU
00009335   L$$MODS
00009379   L$$MODU
00009813   L$$MPY
00000001   LCK$
000015ce   LNK_D_dataReadyMask
000015cd   LNK_D_fromHostMask
000015d0   LNK_D_readDone
000015d1   LNK_D_readFail
000015cf   LNK_D_readPend
000015d3   LNK_D_tmpval
000015d2   LNK_D_writeFail
00009846   LNK_F_checkChanEnabled
0000986b   LNK_F_dataPump
00009858   LNK_F_getChanPtr
0000984f   LNK_F_getNextChan
00009845   LNK_F_init
00009a0e   LNK_F_readCallBack
00001170   LNK_dataPump
00001175   LNK_dataPump$
0000993b   LNK_newin
000099a6   LNK_newout
0000986c   LNK_rcloop
00009890   LNK_rdrtry
00009891   LNK_rrloop
000098e6   LNK_wrloop
000098e5   LNK_wrrtry
00000001   LOG$
00001159   LOG_A_TABBEG
00001165   LOG_A_TABEND
00000002   LOG_A_TABLEN
00001583   LOG_D_system
00000001   LOG_ENABLED
00009e5f   LOG_F_event
00003167   LOG_F_norptb
00001159   LOG_system
00001480   LOG_system$buf
00000080   LOG_system$size
00000000   MBX$
00000001   MEM$
00000d91   MEM_MALLOCSEG
00000000   MEM_NULL
00000d91   MEM_SEGZERO
00000002   MEM_gNumHeap
00000000   OBJ$
00000001   PIP$
00001304   PIP_A_TABBEG
00001414   PIP_A_TABEND
0000000a   PIP_A_TABLEN
00001584   PIP_D_tabbeg
00001585   PIP_D_tablen
00009b3d   PIP_F_give
00009b22   PIP_F_probe
00009b6b   PIP_F_start
00009b0c   PIP_F_take
00000006   PIP_gNextId
00000002   PIP_gNumEmbed
00000001   PRD$
00000080   PRD_A_TABBEG
00000080   PRD_A_TABEND
00000000   PRD_A_TABLEN
000015af   PRD_D_cur
000015b2   PRD_D_elapsed
000015b3   PRD_D_prevtim
000015b4   PRD_D_scalar
000015b5   PRD_D_swihandle
000015b6   PRD_D_tabbeg
000015b7   PRD_D_tablen
000015b8   PRD_D_thook
000015b0   PRD_D_tickh
000015b1   PRD_D_tickl
00004000   PRD_SCALAR
00000000   PRD_SWIHANDLE
00009a8d   PRD_THOOKFXN
00001469   PRD_clock
00000001   QUE$
000015b9   RTA_D_fromHost
000015c7   RTA_D_log
000015bf   RTA_D_logval
000015c6   RTA_D_stsval
000015ba   RTA_D_toHost
00009c50   RTA_F_andn
00009c07   RTA_F_dispatch
00009bb4   RTA_F_getlog
00009bca   RTA_F_getsts
00009c54   RTA_F_or
00009be2   RTA_F_readblk
00009bf0   RTA_F_resetmem
00009bee   RTA_F_writeword
00001171   RTA_dispatcher
00001176   RTA_dispatcher$
00009c11   RTA_execute
00001166   RTA_fromHost
00001464   RTA_fromHost$buf
00001304   RTA_fromHost$pipe
00001314   RTA_fromHost$pipe$aaa
00001324   RTA_fromHost$pipe$bbb
00000d93   RTA_fromHost$pipe$dtab
00001305   RTA_fromHost$pipe$rd
00001315   RTA_fromHost$pipe$wr
00001168   RTA_fromHost$rtdx
000015bb   RTA_logval
000015c0   RTA_stsval
0000116b   RTA_toHost
000019bc   RTA_toHost$buf
00001326   RTA_toHost$pipe
00001336   RTA_toHost$pipe$aaa
00001346   RTA_toHost$pipe$bbb
00000d96   RTA_toHost$pipe$dtab
00001327   RTA_toHost$pipe$rd
00001337   RTA_toHost$pipe$wr
0000116d   RTA_toHost$rtdx
00000001   RTDX$
00000102   RTDX_BUFMEMSIZE
00000d91   RTDX_DATAMEMSEG
00000001   RTDX_USERTDX
00000000   RTDX_USERTEXECUTION
00001173   RTDX_dataPump
00001178   RTDX_dataPump$
00000000   SEM$
00000000   SIO$
00000001   STS$
00001694   STS_A_TABBEG
00001744   STS_A_TABEND
00000016   STS_A_TABLEN
00009c66   STS_F_add
00009c60   STS_F_delta
00009c58   STS_F_delta16
00009c79   STS_F_reset
00000001   SWI$
00001974   SWI_A_TABBEG
000019ba   SWI_A_TABEND
00000006   SWI_A_TABLEN
0000158c   SWI_D_curfxn
0000158a   SWI_D_curmask
0000158d   SWI_D_curmbox
0000158b   SWI_D_curset
0000158f   SWI_D_execaddr
0000158e   SWI_D_lock
00001590   SWI_D_rdybeg
00001591   SWI_D_rdytab
000015d4   SWI_D_runaddr
00000000   SWI_EHOOKFXN
00009cec   SWI_EXECFXN
00009c7f   SWI_F_enable
00009cec   SWI_F_exec
00009c99   SWI_F_post
00009dbe   SWI_F_run
00009e0a   SWI_F_stub
00000000   SWI_IHOOKFXN
00009dbe   SWI_RUNFXN
00000001   SYS$
0000a23c   SYS$config
00009fab   SYS_ABORTFXN
00009fbb   SYS_ERRORFXN
00009fca   SYS_EXITFXN
00009fce   SYS_PUTCFXN
00004000   TRC_GBLTARG
0000007e   TRC_R_mask
0000ab32   TRC_cinit
00000000   TSK$
00000000   TSK_NUM_HOOKS
00000001   TSK_PRIORITY
00000000   TSK_READYFXN
00000000   TSK_STACKSEG
00000100   TSK_STACKSIZE
00000000   TSK_SWITCHFXN
00009fce   TSK_VCREATEFXN
00009fce   TSK_VDELETEFXN
00009fce   TSK_VEXITFXN
00000001   UDEV$
0000a234   UDEV_udevCodec$device
0000a230   UDEV_udevCodec$obj
ffffffff   USERREGS
ffffffff   VECT
00008923   _AD50_init
000088c5   _AD50_setParams
00000f44   _ALGRF
0000941c   _ALGRF_activate
00000f42   _ALGRF_config
00009463   _ALGRF_create
0000958b   _ALGRF_deactivate
000094dd   _ALGRF_memFree
000095a5   _ALGRF_setup
0000a04f   _ATM_andi
0000a04f   _ATM_andu
0000a05d   _ATM_cleari
0000a05d   _ATM_clearu
0000a062   _ATM_deci
0000a062   _ATM_decu
0000a070   _ATM_inci
0000a070   _ATM_incu
0000a07e   _ATM_ori
0000a07e   _ATM_oru
0000a08c   _ATM_seti
0000a08c   _ATM_setu
ffffffff   _BIOSREGS
0000aa2f   _BIOS_init
0000aa9b   _BIOS_start
00000d7e   _C54XX_DMA_MCBSP_FXNS
00008dbe   _C54XX_DMA_MCBSP_init
0000a0ec   _C54_dispatchPlug
0000a0d0   _C54_plug
0000c350   _CLK_COUNTSPMS
0000c34f   _CLK_PRD
00000000   _CLK_REGS
00000021   _CLK_TCR
00000001   _CLK_TDDR
00000000   _CLK_TIMERNUM
00000001   _CLK_USETIMER
0000a1c9   _CLK_gethtime
00009a6a   _CLK_start
00009a6a   _CLK_startNOPRSC
ffffffff   _CSLREGS
00008000   _CSL_cfgInit
00000dc2   _DEV_D_devinit
00000dc0   _DEV_devinit
00009e85   _DEV_init
0000a108   _DEV_match
00008e13   _DMA_close
00008dd1   _DMA_config
00008e35   _DMA_getEventId
00008e3d   _DMA_open
00008eb6   _DMA_reset
00008f3b   _DMA_start
00008f4d   _DMA_stop
00000f2d   _DSK5402_DEVPARAMS
00000e04   _DSK5402_DMA_AD50_FXNS
000086b9   _DSK5402_DMA_AD50_init
00000d92   _EDATA
00008000   _EDATA_base
00002000   _EDATA_length
ffffffff   _EPROG
00000d92   _EXTERNALHEAP
00000e4a   _FIR_IFIR
00000e4a   _FIR_TI_IALG
00000e4a   _FIR_TI_IFIR
0000962f   _FIR_TI_activate
00009643   _FIR_TI_alloc
0000967e   _FIR_TI_control
000096a4   _FIR_TI_deactivate
000095f8   _FIR_TI_filter
000096b8   _FIR_TI_free
000096e1   _FIR_TI_initObj
00009709   _FIR_TI_moved
0000971c   _FIR_TI_numAlloc
0000806f   _FIR_apply
00008089   _FIR_exit
0000808c   _FIR_init
00009fce   _FXN_F_nop
00009a91   _GBL_cslInit
00000f58   _GBL_cslTimerHandle
00001165   _HST_A_TABBEG
00001170   _HST_A_TABEND
00000002   _HST_A_TABLEN
00000f54   _HWI_ATTRS
000015ca   _HWI_D_spsave
0000318d   _HWI_F_dispatch
00000010   _HWI_INT0
00000011   _HWI_INT1
00000012   _HWI_INT2
00000001   _HWI_NMI
00000000   _HWI_RS
0000001a   _HWI_SINT10
0000001b   _HWI_SINT11
0000001c   _HWI_SINT12
0000001d   _HWI_SINT13
0000001e   _HWI_SINT14
0000001f   _HWI_SINT15
00000002   _HWI_SINT17
00000003   _HWI_SINT18
00000004   _HWI_SINT19
00000005   _HWI_SINT20
00000006   _HWI_SINT21
00000007   _HWI_SINT22
00000008   _HWI_SINT23
00000009   _HWI_SINT24
0000000a   _HWI_SINT25
0000000b   _HWI_SINT26
0000000c   _HWI_SINT27
0000000d   _HWI_SINT28
0000000e   _HWI_SINT29
0000000f   _HWI_SINT30
00000014   _HWI_SINT4
00000015   _HWI_SINT5
00000016   _HWI_SINT6
00000017   _HWI_SINT7
00000018   _HWI_SINT8
00000019   _HWI_SINT9
00001158   _HWI_STKBOTTOM
00000f59   _HWI_STKTOP
00000013   _HWI_TINT
00009fd1   _HWI_disable
0000a091   _HWI_dispatchPlug
00000c80   _HWI_dispatchTab
00009fd7   _HWI_enable
00009fda   _HWI_restore
00000d91   _IDATA
00000080   _IDATA_base
00000c00   _IDATA_length
000016ee   _IDL_busyObj
00001172   _IDL_cpuLoad
00000f4a   _IFIR_PARAMS
00000d91   _INTERNALHEAP
00008dcb   _IOM_mdNotImpl
ffffffff   _IPROG
00008f63   _IRQ_disable
00008435   _IRQ_enable
00008457   _IRQ_globalDisable
0000845f   _IRQ_globalRestore
00000f51   _IVOL_PARAMS
00000000   _KNL_swi
00001170   _LNK_dataPump
00001159   _LOG_A_TABBEG
00001165   _LOG_A_TABEND
00000002   _LOG_A_TABLEN
00001583   _LOG_D_system
00009fe1   _LOG_event
00009fe9   _LOG_printf
00001159   _LOG_system
0000873e   _MCBSP_close
000086d9   _MCBSP_config
0000875b   _MCBSP_open
000087c2   _MCBSP_reset
00008f87   _MCBSP_rrdy
00008877   _MCBSP_start
00008926   _MCBSP_write
00008943   _MCBSP_xrdy
00000e62   _MEM
000015d6   _MEM_D_NUMSEGMENTS
000015d8   _MEM_D_freelist
000015da   _MEM_D_lockaddr
000015d7   _MEM_D_memtab
000015dc   _MEM_D_unlockaddr
0000a1f4   _MEM_alloc
0000a28e   _MEM_free
00009ed1   _MEM_init
00000d8a   _MEM_memtab
00009f6a   _MEM_register_lock
00009f72   _MEM_register_unlock
0000a167   _MEM_stat
0000a32d   _MEM_valloc
00000db2   _OBJ_table
00000dc7   _PIO_ATTRS
00009024   _PIO_init
00009027   _PIO_new
00009107   _PIO_rxPrime
0000911f   _PIO_rxStart
00009163   _PIO_txPrime
0000917b   _PIO_txStart
00001304   _PIP_A_TABBEG
00001414   _PIP_A_TABEND
0000000a   _PIP_A_TABLEN
00009ff1   _PIP_alloc
0000a012   _PIP_free
0000a008   _PIP_get
00009ffb   _PIP_put
000015b1   _PRD_D_tick
00001469   _PRD_clock
0000a01f   _QUE_get
0000a034   _QUE_put
00001171   _RTA_dispatcher
00001166   _RTA_fromHost
0000116b   _RTA_toHost
00001200   _RTDX_Buffer
00001303   _RTDX_Buffer_End
00003414   _RTDX_Buffer_Initialize
00003525   _RTDX_Buffer_Read
00001302   _RTDX_Buffer_Start
000034cd   _RTDX_Buffer_Write
000033e9   _RTDX_Final_RT_Monitor
000033f9   _RTDX_Init_RT_Monitor
00003411   _RTDX_IsFlowEnabled
00000002   _RTDX_JTAGONLY
00008412   _RTDX_Mask_IMR
000033d2   _RTDX_Mon_Write
0000335f   _RTDX_Poll
00008424   _RTDX_Set_IMR
00001173   _RTDX_dataPump
00000000   _RTDX_interrupt_mask
00001192   _RTDX_writing
00001694   _STS_A_TABBEG
00001744   _STS_A_TABEND
00000016   _STS_A_TABLEN
0000a1ed   _STS_add
0000a1dd   _STS_delta
0000a1e4   _STS_set
0000158c   _SWI_D_curfxn
0000158a   _SWI_D_curmask
0000158e   _SWI_D_lock
00001590   _SWI_D_rdybeg
00009f7a   _SWI_andn
00009f7a   _SWI_andnHook
00009f92   _SWI_post
000015d9   _SYS
00009f9d   _SYS_abort
0000a35b   _SYS_error
00008470   _TIMER_configArgs
0000849f   _TIMER_open
00008517   _TIMER_reset
0000855e   _TIMER_start
0000007e   _TRC_R_mask
ffffffff   _USERREGS
00009fab   _UTL_doAbort
00009fbb   _UTL_doError
00009fca   _UTL_halt
00000f41   _UTL_logDebugHandle
00000f3e   _UTL_logErrorHandle
00000f40   _UTL_logMessageHandle
00000f3f   _UTL_logWarningHandle
000092be   _UTL_setLogs
00009204   _UTL_showAlgMemFunc
000092cd   _UTL_showHeapUsageFunc
000093b4   _UTL_stsPeriodFunc
000093ed   _UTL_stsPhaseFunc
ffffffff   _VECT
00000e34   _VOL_IVOL
00000e34   _VOL_TI_IALG
00000e34   _VOL_TI_IVOL
00009720   _VOL_TI_alloc
00009794   _VOL_TI_amplify
000097bd   _VOL_TI_control
00009748   _VOL_TI_free
00009767   _VOL_TI_initObj
00009785   _VOL_TI_moved
000083f2   _VOL_apply
0000840c   _VOL_exit
0000840f   _VOL_init
00003034   __CLK_hwienter
000030af   __CLK_hwiexit
000015de   __CSL_DataObj
00008427   __CSL_init
00000dc6   __DEV_D_NUMINITFXNS
00000dc4   __DEV_NUMINITFXNS
00000db1   __HOOK_NUMHOOKS
00000d90   __HOOK_knlId
00009f50   __MEM_getNUMSEGMENTS
00009f34   __MEM_getfreelist
00009f46   __MEM_getmemtab
00009f5a   __MEM_lock
00009f3e   __MEM_setfreelist
00009f62   __MEM_unlock
00009bf5   __RTA_lat1beg
00009c06   __RTA_lat1end
00000200   __STACK_SIZE
0000a372   __SYS_getsys
ffffffff   ___binit__
00000c80   ___bss__
0000117a   ___c_args__
0000a37c   ___cinit__
00000080   ___data__
00000080   ___edata__
00000f59   ___end__
00009827   ___etext__
0000ab2c   ___pinit__
00008000   ___text__
00000d42   __cleanup_ptr
00000d44   __dtors_ptr
00000002   __lflags
00000e5e   __lock
000085be   __nop
000085c1   __register_lock
000085c6   __register_unlock
00000e60   __unlock
000085bb   _abort
00008003   _appIOInit
00008021   _appIOPrime
00008594   _atexit
00000e63   _bufAudioproc
0000aab9   _c_int00
00001468   _clkControl
00000f36   _deviceControlsIOArea
0000856b   _exit
0000115f   _logTrace
00008034   _main
000085cb   _memcpy
000091bf   _memset
00000efd   _pioRx
00000f15   _pioTx
00001348   _pipRx
0000136a   _pipRx0
000013ae   _pipRx1
000013f2   _pipTx
0000138c   _pipTx0
000013d0   _pipTx1
0000118f   _rtdx_buffer_state
000016f6   _stsTime0
000016fe   _stsTime1
00001706   _stsTime2
0000170e   _stsTime3
00001716   _stsTime4
0000171e   _stsTime5
00001726   _stsTime6
0000172e   _stsTime7
00001736   _stsTime8
0000173e   _stsTime9
00001982   _swiAudioproc0
00001990   _swiAudioproc1
000019ac   _swiControl
00001974   _swiRxSplit
0000199e   _swiTxJoin
00000eb3   _thrAudioproc
000080c1   _thrAudioprocInit
00008158   _thrAudioprocRun
000081f5   _thrAudioprocSetOutputVolume
00000f3a   _thrControl
00008274   _thrControlInit
0000822f   _thrControlIsr
00008277   _thrControlRun
00008050   _thrInit
00000f4e   _thrRxSplit
000082c9   _thrRxSplitInit
000082cc   _thrRxSplitRun
00000f46   _thrTxJoin
0000834c   _thrTxJoinInit
0000834f   _thrTxJoinRun
000083e0   _thrTxJoinSetOutputChannel
00000dc8   _utlstsTime0
00000dce   _utlstsTime1
00000dd4   _utlstsTime2
00000dda   _utlstsTime3
00000de0   _utlstsTime4
00000de6   _utlstsTime5
00000dec   _utlstsTime6
00000df2   _utlstsTime7
00000df8   _utlstsTime8
00000dfe   _utlstsTime9
ffffffff   binit
0000a37c   cinit
00001468   clkControl
00000080   edata
00000f59   end
00009827   etext
0000ff80   hwi0
0000ff84   hwi1
0000ffa8   hwi10
0000ffac   hwi11
0000ffb0   hwi12
0000ffb4   hwi13
0000ffb8   hwi14
0000ffbc   hwi15
0000ffc0   hwi16
0000ffc4   hwi17
0000ffc8   hwi18
0000ffcc   hwi19
0000ff88   hwi2
0000ffd0   hwi20
0000ffd4   hwi21
0000ffd8   hwi22
0000ffdc   hwi23
0000ffe0   hwi24
0000ffe4   hwi25
0000ffe8   hwi26
0000ffec   hwi27
0000fff0   hwi28
0000fff4   hwi29
0000ff8c   hwi3
0000fff8   hwi30
0000fffc   hwi31
0000ff90   hwi4
0000ff94   hwi5
0000ff98   hwi6
0000ff9c   hwi7
0000ffa0   hwi8
0000ffa4   hwi9
0000115f   logTrace
00001500   logTrace$buf
00000080   logTrace$size
0000ab2c   pinit
00001348   pipRx
00001358   pipRx$aaa
00001368   pipRx$bbb
00001744   pipRx$buf0
00001794   pipRx$buf1
00000d99   pipRx$dtab
00001349   pipRx$rd
000016be   pipRx$sts
000016bc   pipRx$sts$stsobj
00001359   pipRx$wr
0000136a   pipRx0
0000137a   pipRx0$aaa
0000138a   pipRx0$bbb
00001414   pipRx0$buf0
00000d9f   pipRx0$dtab
0000136b   pipRx0$rd
000016c6   pipRx0$sts
000016c4   pipRx0$sts$stsobj
0000137b   pipRx0$wr
000013ae   pipRx1
000013be   pipRx1$aaa
000013ce   pipRx1$bbb
000018d4   pipRx1$buf0
00000da5   pipRx1$dtab
000013af   pipRx1$rd
000016d6   pipRx1$sts
000016d4   pipRx1$sts$stsobj
000013bf   pipRx1$wr
000013f2   pipTx
00001402   pipTx$aaa
00001412   pipTx$bbb
000017e4   pipTx$buf0
00001834   pipTx$buf1
00000dab   pipTx$dtab
000013f3   pipTx$rd
000016e6   pipTx$sts
000016e4   pipTx$sts$stsobj
00001403   pipTx$wr
0000138c   pipTx0
0000139c   pipTx0$aaa
000013ac   pipTx0$bbb
00001884   pipTx0$buf0
00000da2   pipTx0$dtab
0000138d   pipTx0$rd
000016ce   pipTx0$sts
000016cc   pipTx0$sts$stsobj
0000139d   pipTx0$wr
000013d0   pipTx1
000013e0   pipTx1$aaa
000013f0   pipTx1$bbb
00001924   pipTx1$buf0
00000da8   pipTx1$dtab
000013d1   pipTx1$rd
000016de   pipTx1$sts
000016dc   pipTx1$sts$stsobj
000013e1   pipTx1$wr
000016f6   stsTime0
000016f4   stsTime0$stsobj
000016fe   stsTime1
000016fc   stsTime1$stsobj
00001706   stsTime2
00001704   stsTime2$stsobj
0000170e   stsTime3
0000170c   stsTime3$stsobj
00001716   stsTime4
00001714   stsTime4$stsobj
0000171e   stsTime5
0000171c   stsTime5$stsobj
00001726   stsTime6
00001724   stsTime6$stsobj
0000172e   stsTime7
0000172c   stsTime7$stsobj
00001736   stsTime8
00001734   stsTime8$stsobj
0000173e   stsTime9
0000173c   stsTime9$stsobj
00001982   swiAudioproc0
0000169e   swiAudioproc0$sts
0000169c   swiAudioproc0$sts$stsobj
00001990   swiAudioproc1
000016a6   swiAudioproc1$sts
000016a4   swiAudioproc1$sts$stsobj
000019ac   swiControl
000016b6   swiControl$sts
000016b4   swiControl$sts$stsobj
00001974   swiRxSplit
00001696   swiRxSplit$sts
00001694   swiRxSplit$sts$stsobj
0000199e   swiTxJoin
000016ae   swiTxJoin$sts
000016ac   swiTxJoin$sts$stsobj


GLOBAL SYMBOLS: SORTED BY Symbol Address 

address    name
--------   ----
00000000   DPI$
00000000   GBL_CHIPPRSC
00000000   DIO_NUMTSKBASE
00000000   DIO_STATIC
00000000   GBL_CHIPTYPE5441
00000000   GBL_SWCR
00000000   _CLK_TIMERNUM
00000000   GBL_NULL
00000000   GBL_ROM
00000000   CLK_TIMERNUM
00000000   DEV$
00000000   CLK_TDDRHIGH
00000000   SWI_EHOOKFXN
00000000   DGN$
00000000   DIO$
00000000   DIO_NUMSWIBASE
00000000   DHL$
00000000   DHL_gChannelsAvailable
00000000   HWI_RS
00000000   PRD_SWIHANDLE
00000000   HST_NONE
00000000   _RTDX_interrupt_mask
00000000   PRD_A_TABLEN
00000000   MBX$
00000000   _KNL_swi
00000000   OBJ$
00000000   MEM_NULL
00000000   SEM$
00000000   GIO$
00000000   GBL_USERINIT
00000000   SIO$
00000000   _CLK_REGS
00000000   HOOK_KNLID
00000000   HST_DSM
00000000   RTDX_USERTEXECUTION
00000000   HOOK$
00000000   TSK_SWITCHFXN
00000000   CLK_COUNTSPMSHIGH
00000000   SWI_IHOOKFXN
00000000   _HWI_RS
00000000   TSK_NUM_HOOKS
00000000   TSK$
00000000   TSK_STACKSEG
00000000   TSK_READYFXN
00000000   BUF$
00000000   CLK_REGS
00000000   CLK_PRDHIGH
00000001   GBL_MODIFYCLKMD
00000001   GBL_MODIFYSWCR
00000001   STS$
00000001   GBL_SUPPORTCSL
00000001   IDL_USECLKIDLTIME
00000001   HWI_NMI
00000001   GBL_ENABLEINST
00000001   QUE$
00000001   GBL_FARMODE
00000001   TSK_PRIORITY
00000001   IDL$
00000001   RTDX_USERTDX
00000001   CLK$
00000001   RTDX$
00000001   HST$
00000001   _CLK_TDDR
00000001   HWI$
00000001   GBL_boot
00000001   BUF_ENABLED
00000001   HST_RTDX
00000001   _HWI_NMI
00000001   MEM$
00000001   CLK_USETIMER
00000001   UDEV$
00000001   SYS$
00000001   SWI$
00000001   GBL$
00000001   _CLK_USETIMER
00000001   CLK_TDDR
00000001   PRD$
00000001   LCK$
00000001   GBL_CALLCSLCFGINIT
00000001   PIP$
00000001   LOG_ENABLED
00000001   LOG$
00000002   IDL_A_CALLEN
00000002   MEM_gNumHeap
00000002   LOG_A_TABLEN
00000002   HWI_SINT17
00000002   _LOG_A_TABLEN
00000002   HST_A_TABLEN
00000002   IDL_A_TABLEN
00000002   _HWI_SINT17
00000002   __lflags
00000002   _RTDX_JTAGONLY
00000002   PIP_gNumEmbed
00000002   _HST_A_TABLEN
00000003   HWI_SINT18
00000003   CLK_A_TABLEN
00000003   _HWI_SINT18
00000004   HWI_SINT19
00000004   _HWI_SINT19
00000005   HWI_SINT20
00000005   _HWI_SINT20
00000006   HWI_SINT21
00000006   _HWI_SINT21
00000006   SWI_A_TABLEN
00000006   PIP_gNextId
00000007   HWI_SINT22
00000007   _HWI_SINT22
00000008   _HWI_SINT23
00000008   HWI_SINT23
00000009   HWI_SINT24
00000009   _HWI_SINT24
0000000a   HWI_SINT25
0000000a   _PIP_A_TABLEN
0000000a   PIP_A_TABLEN
0000000a   _HWI_SINT25
0000000b   _HWI_SINT26
0000000b   HWI_SINT26
0000000c   _HWI_SINT27
0000000c   HWI_SINT27
0000000d   HWI_SINT28
0000000d   _HWI_SINT28
0000000e   _HWI_SINT29
0000000e   HWI_SINT29
0000000f   _HWI_SINT30
0000000f   HWI_SINT30
00000010   HWI_INT0
00000010   _HWI_INT0
00000011   HWI_INT1
00000011   _HWI_INT1
00000012   HWI_INT2
00000012   _HWI_INT2
00000013   _HWI_TINT
00000013   HWI_TINT
00000014   _HWI_SINT4
00000014   HWI_SINT4
00000015   HWI_SINT5
00000015   _HWI_SINT5
00000016   HWI_SINT6
00000016   _HWI_SINT6
00000016   STS_A_TABLEN
00000016   _STS_A_TABLEN
00000017   _HWI_SINT7
00000017   HWI_SINT7
00000018   _HWI_SINT8
00000018   HWI_SINT8
00000019   _HWI_SINT9
00000019   HWI_SINT9
0000001a   HWI_SINT10
0000001a   _HWI_SINT10
0000001b   HWI_SINT11
0000001b   _HWI_SINT11
0000001c   HWI_SINT12
0000001c   _HWI_SINT12
0000001d   _HWI_SINT13
0000001d   HWI_SINT13
0000001e   _HWI_SINT14
0000001e   HWI_SINT14
0000001f   _HWI_SINT15
0000001f   HWI_SINT15
00000021   CLK_TCR
00000021   _CLK_TCR
0000002b   GBL_A_SYSDP
00000040   HST_MAXFRAMESET
00000042   GBL_FOOTPRINT
0000007c   CLK_R_timh
0000007d   CLK_R_timl
0000007e   TRC_R_mask
0000007e   _TRC_R_mask
0000007f   GBL_R_sysdp
00000080   .data
00000080   edata
00000080   ___edata__
00000080   IDATA$B
00000080   LOG_system$size
00000080   ___data__
00000080   logTrace$size
00000080   PRD_A_TABEND
00000080   _IDATA_base
00000080   PRD_A_TABBEG
00000100   HST_MAXFRAMEALLOWED
00000100   TSK_STACKSIZE
00000102   RTDX_BUFMEMSIZE
00000200   __STACK_SIZE
00000400   HST_DSMMEMSIZE
00000490   GBL_A_VERSION
00000c00   _IDATA_length
00000c00   IDATA$L
00000c80   .bss
00000c80   ___bss__
00000c80   _HWI_dispatchTab
00000d42   __cleanup_ptr
00000d44   __dtors_ptr
00000d7e   _C54XX_DMA_MCBSP_FXNS
00000d8a   _MEM_memtab
00000d90   __HOOK_knlId
00000d91   _IDATA
00000d91   MEM_MALLOCSEG
00000d91   IDATA
00000d91   HST_DSMBUFSEG
00000d91   MEM_SEGZERO
00000d91   RTDX_DATAMEMSEG
00000d91   _INTERNALHEAP
00000d92   EDATA
00000d92   _EDATA
00000d92   _EXTERNALHEAP
00000d93   RTA_fromHost$pipe$dtab
00000d96   RTA_toHost$pipe$dtab
00000d99   pipRx$dtab
00000d9f   pipRx0$dtab
00000da2   pipTx0$dtab
00000da5   pipRx1$dtab
00000da8   pipTx1$dtab
00000dab   pipTx$dtab
00000db1   __HOOK_NUMHOOKS
00000db2   _OBJ_table
00000dc0   _DEV_devinit
00000dc2   _DEV_D_devinit
00000dc4   __DEV_NUMINITFXNS
00000dc6   __DEV_D_NUMINITFXNS
00000dc7   _PIO_ATTRS
00000dc8   _utlstsTime0
00000dce   _utlstsTime1
00000dd4   _utlstsTime2
00000dda   _utlstsTime3
00000de0   _utlstsTime4
00000de6   _utlstsTime5
00000dec   _utlstsTime6
00000df2   _utlstsTime7
00000df8   _utlstsTime8
00000dfe   _utlstsTime9
00000e04   _DSK5402_DMA_AD50_FXNS
00000e34   _VOL_IVOL
00000e34   _VOL_TI_IALG
00000e34   _VOL_TI_IVOL
00000e4a   _FIR_TI_IALG
00000e4a   _FIR_TI_IFIR
00000e4a   _FIR_IFIR
00000e5e   __lock
00000e60   __unlock
00000e62   _MEM
00000e63   _bufAudioproc
00000eb3   _thrAudioproc
00000efd   _pioRx
00000f15   _pioTx
00000f2d   _DSK5402_DEVPARAMS
00000f36   _deviceControlsIOArea
00000f3a   _thrControl
00000f3e   _UTL_logErrorHandle
00000f3f   _UTL_logWarningHandle
00000f40   _UTL_logMessageHandle
00000f41   _UTL_logDebugHandle
00000f42   _ALGRF_config
00000f44   _ALGRF
00000f46   _thrTxJoin
00000f4a   _IFIR_PARAMS
00000f4e   _thrRxSplit
00000f51   _IVOL_PARAMS
00000f54   _HWI_ATTRS
00000f58   _GBL_cslTimerHandle
00000f59   end
00000f59   _HWI_STKTOP
00000f59   GBL_stackbeg
00000f59   ___end__
00001158   GBL_stackend
00001158   _HWI_STKBOTTOM
00001159   LOG_system
00001159   _LOG_A_TABBEG
00001159   LOG_A_TABBEG
00001159   _LOG_system
0000115f   logTrace
0000115f   _logTrace
00001165   LOG_A_TABEND
00001165   _HST_A_TABBEG
00001165   HST_A_TABBEG
00001165   _LOG_A_TABEND
00001166   RTA_fromHost
00001166   _RTA_fromHost
00001168   RTA_fromHost$rtdx
0000116b   _RTA_toHost
0000116b   RTA_toHost
0000116d   RTA_toHost$rtdx
00001170   LNK_dataPump
00001170   _LNK_dataPump
00001170   _HST_A_TABEND
00001170   IDL_A_TABBEG
00001170   HST_A_TABEND
00001171   RTA_dispatcher
00001171   _RTA_dispatcher
00001172   IDL_cpuLoad
00001172   _IDL_cpuLoad
00001173   _RTDX_dataPump
00001173   RTDX_dataPump
00001174   IDL_END
00001175   LNK_dataPump$
00001175   IDL_A_CALBEG
00001175   IDL_A_TABEND
00001176   RTA_dispatcher$
00001177   IDL_cpuLoad$
00001178   RTDX_dataPump$
00001179   IDL_END$
0000117a   ___c_args__
0000117a   IDL_A_CALEND
0000118f   _rtdx_buffer_state
00001192   _RTDX_writing
00001200   _RTDX_Buffer
00001208   GBL_SWWSR
00001302   _RTDX_Buffer_Start
00001303   _RTDX_Buffer_End
00001304   RTA_fromHost$pipe
00001304   _PIP_A_TABBEG
00001304   PIP_A_TABBEG
00001305   RTA_fromHost$pipe$rd
00001314   RTA_fromHost$pipe$aaa
00001315   RTA_fromHost$pipe$wr
00001324   RTA_fromHost$pipe$bbb
00001326   RTA_toHost$pipe
00001327   RTA_toHost$pipe$rd
00001336   RTA_toHost$pipe$aaa
00001337   RTA_toHost$pipe$wr
00001346   RTA_toHost$pipe$bbb
00001348   pipRx
00001348   _pipRx
00001349   pipRx$rd
00001358   pipRx$aaa
00001359   pipRx$wr
00001368   pipRx$bbb
0000136a   _pipRx0
0000136a   pipRx0
0000136b   pipRx0$rd
0000137a   pipRx0$aaa
0000137b   pipRx0$wr
0000138a   pipRx0$bbb
0000138c   _pipTx0
0000138c   pipTx0
0000138d   pipTx0$rd
0000139c   pipTx0$aaa
0000139d   pipTx0$wr
000013ac   pipTx0$bbb
000013ae   pipRx1
000013ae   _pipRx1
000013af   pipRx1$rd
000013be   pipRx1$aaa
000013bf   pipRx1$wr
000013ce   pipRx1$bbb
000013d0   pipTx1
000013d0   _pipTx1
000013d1   pipTx1$rd
000013e0   pipTx1$aaa
000013e1   pipTx1$wr
000013f0   pipTx1$bbb
000013f2   pipTx
000013f2   _pipTx
000013f3   pipTx$rd
00001402   pipTx$aaa
00001403   pipTx$wr
00001412   pipTx$bbb
00001414   PIP_A_TABEND
00001414   _PIP_A_TABEND
00001414   pipRx0$buf0
00001464   RTA_fromHost$buf
00001468   CLK_A_TABBEG
00001468   _clkControl
00001468   clkControl
00001469   PRD_clock
00001469   _PRD_clock
0000146a   CLK_NULL
0000146b   CLK_A_TABEND
00001480   LOG_system$buf
00001500   logTrace$buf
00001580   IDL_D_tabbeg
00001580   GBL_A_SYSPAGE
00001581   IDL_D_calibrate
00001582   IDL_D_busyObj
00001583   LOG_D_system
00001583   _LOG_D_system
00001584   PIP_D_tabbeg
00001585   PIP_D_tablen
00001586   CLK_D_timefxn
00001587   CLK_D_tabbeg
00001588   CLK_D_isrhook
00001589   CLK_D_idletime
0000158a   SWI_D_curmask
0000158a   _SWI_D_curmask
0000158b   SWI_D_curset
0000158c   SWI_D_curfxn
0000158c   _SWI_D_curfxn
0000158d   SWI_D_curmbox
0000158e   SWI_D_lock
0000158e   _SWI_D_lock
0000158f   SWI_D_execaddr
00001590   _SWI_D_rdybeg
00001590   SWI_D_rdybeg
00001591   SWI_D_rdytab
000015af   PRD_D_cur
000015b0   PRD_D_tickh
000015b1   _PRD_D_tick
000015b1   PRD_D_tickl
000015b2   PRD_D_elapsed
000015b3   PRD_D_prevtim
000015b4   PRD_D_scalar
000015b5   PRD_D_swihandle
000015b6   PRD_D_tabbeg
000015b7   PRD_D_tablen
000015b8   PRD_D_thook
000015b9   RTA_D_fromHost
000015ba   RTA_D_toHost
000015bb   RTA_logval
000015bf   RTA_D_logval
000015c0   RTA_stsval
000015c6   RTA_D_stsval
000015c7   RTA_D_log
000015c8   HST_D_chanmask
000015c9   IDL_D_calbeg
000015ca   _HWI_D_spsave
000015cb   HWI_D_stkbottom
000015cc   HWI_D_stktop
000015cd   LNK_D_fromHostMask
000015ce   LNK_D_dataReadyMask
000015cf   LNK_D_readPend
000015d0   LNK_D_readDone
000015d1   LNK_D_readFail
000015d2   LNK_D_writeFail
000015d3   LNK_D_tmpval
000015d4   SWI_D_runaddr
000015d6   _MEM_D_NUMSEGMENTS
000015d7   _MEM_D_memtab
000015d8   _MEM_D_freelist
000015d9   _SYS
000015da   _MEM_D_lockaddr
000015dc   _MEM_D_unlockaddr
000015de   __CSL_DataObj
00001694   STS_A_TABBEG
00001694   _STS_A_TABBEG
00001694   swiRxSplit$sts$stsobj
00001696   swiRxSplit$sts
0000169c   swiAudioproc0$sts$stsobj
0000169e   swiAudioproc0$sts
000016a4   swiAudioproc1$sts$stsobj
000016a6   swiAudioproc1$sts
000016ac   swiTxJoin$sts$stsobj
000016ae   swiTxJoin$sts
000016b4   swiControl$sts$stsobj
000016b6   swiControl$sts
000016bc   pipRx$sts$stsobj
000016be   pipRx$sts
000016c4   pipRx0$sts$stsobj
000016c6   pipRx0$sts
000016cc   pipTx0$sts$stsobj
000016ce   pipTx0$sts
000016d4   pipRx1$sts$stsobj
000016d6   pipRx1$sts
000016dc   pipTx1$sts$stsobj
000016de   pipTx1$sts
000016e4   pipTx$sts$stsobj
000016e6   pipTx$sts
000016ec   IDL_busyObj$stsobj
000016ee   _IDL_busyObj
000016ee   IDL_busyObj
000016f4   stsTime0$stsobj
000016f6   stsTime0
000016f6   _stsTime0
000016fc   stsTime1$stsobj
000016fe   _stsTime1
000016fe   stsTime1
00001704   stsTime2$stsobj
00001706   stsTime2
00001706   _stsTime2
0000170c   stsTime3$stsobj
0000170e   stsTime3
0000170e   _stsTime3
00001714   stsTime4$stsobj
00001716   stsTime4
00001716   _stsTime4
0000171c   stsTime5$stsobj
0000171e   stsTime5
0000171e   _stsTime5
00001724   stsTime6$stsobj
00001726   _stsTime6
00001726   stsTime6
0000172c   stsTime7$stsobj
0000172e   _stsTime7
0000172e   stsTime7
00001734   stsTime8$stsobj
00001736   stsTime8
00001736   _stsTime8
0000173c   stsTime9$stsobj
0000173e   _stsTime9
0000173e   stsTime9
00001744   pipRx$buf0
00001744   STS_A_TABEND
00001744   _STS_A_TABEND
00001794   pipRx$buf1
000017e4   pipTx$buf0
00001834   pipTx$buf1
00001884   pipTx0$buf0
000018d4   pipRx1$buf0
00001924   pipTx1$buf0
00001974   SWI_A_TABBEG
00001974   _swiRxSplit
00001974   swiRxSplit
00001982   swiAudioproc0
00001982   _swiAudioproc0
00001990   swiAudioproc1
00001990   _swiAudioproc1
0000199e   _swiTxJoin
0000199e   swiTxJoin
000019ac   swiControl
000019ac   _swiControl
000019ba   SWI_A_TABEND
000019bc   RTA_toHost$buf
00002000   EDATA$L
00002000   _EDATA_length
00003000   CLK_F_isr
00003000   CLK_F_isr54x
00003034   __CLK_hwienter
00003034   CLK_F_run
00003034   CLK_HOOKFXN
000030af   __CLK_hwiexit
00003167   LOG_F_norptb
0000318d   HWI_F_dispatch
0000318d   _HWI_F_dispatch
00003300   ATRAP_H
0000335f   _RTDX_Poll
000033d2   _RTDX_Mon_Write
000033e9   _RTDX_Final_RT_Monitor
000033f9   _RTDX_Init_RT_Monitor
00003411   _RTDX_IsFlowEnabled
00003414   _RTDX_Buffer_Initialize
000034cd   _RTDX_Buffer_Write
00003525   _RTDX_Buffer_Read
00004000   TRC_GBLTARG
00004000   PRD_SCALAR
00004007   GBL_CLKMD
00008000   _EDATA_base
00008000   _CSL_cfgInit
00008000   ___text__
00008000   EDATA$B
00008000   .text
00008003   _appIOInit
00008021   _appIOPrime
00008034   _main
00008050   _thrInit
0000806f   _FIR_apply
00008089   _FIR_exit
0000808c   _FIR_init
000080c1   _thrAudioprocInit
00008158   _thrAudioprocRun
000081f5   _thrAudioprocSetOutputVolume
0000822f   _thrControlIsr
00008274   _thrControlInit
00008277   _thrControlRun
000082c9   _thrRxSplitInit
000082cc   _thrRxSplitRun
0000834c   _thrTxJoinInit
0000834f   _thrTxJoinRun
000083e0   _thrTxJoinSetOutputChannel
000083f2   _VOL_apply
0000840c   _VOL_exit
0000840f   _VOL_init
00008412   _RTDX_Mask_IMR
00008424   _RTDX_Set_IMR
00008427   __CSL_init
00008435   _IRQ_enable
00008457   _IRQ_globalDisable
0000845f   _IRQ_globalRestore
00008470   _TIMER_configArgs
0000849f   _TIMER_open
00008517   _TIMER_reset
0000855e   _TIMER_start
0000856b   _exit
00008594   _atexit
000085bb   _abort
000085bb   C$$EXIT
000085be   __nop
000085c1   __register_lock
000085c6   __register_unlock
000085cb   _memcpy
000086b9   _DSK5402_DMA_AD50_init
000086d9   _MCBSP_config
0000873e   _MCBSP_close
0000875b   _MCBSP_open
000087c2   _MCBSP_reset
00008806   GBL_BSCR
00008877   _MCBSP_start
000088c5   _AD50_setParams
00008923   _AD50_init
00008926   _MCBSP_write
00008943   _MCBSP_xrdy
00008dbe   _C54XX_DMA_MCBSP_init
00008dcb   _IOM_mdNotImpl
00008dd1   _DMA_config
00008e13   _DMA_close
00008e35   _DMA_getEventId
00008e3d   _DMA_open
00008eb6   _DMA_reset
00008f3b   _DMA_start
00008f4d   _DMA_stop
00008f63   _IRQ_disable
00008f87   _MCBSP_rrdy
00009024   _PIO_init
00009027   _PIO_new
00009107   _PIO_rxPrime
0000911f   _PIO_rxStart
00009163   _PIO_txPrime
0000917b   _PIO_txStart
000091bf   _memset
00009204   _UTL_showAlgMemFunc
000092be   _UTL_setLogs
000092cd   _UTL_showHeapUsageFunc
0000930d   L$$DIVS
00009335   L$$MODS
0000935d   L$$DIVU
00009379   L$$MODU
000093b4   _UTL_stsPeriodFunc
000093ed   _UTL_stsPhaseFunc
0000941c   _ALGRF_activate
00009463   _ALGRF_create
000094dd   _ALGRF_memFree
0000958b   _ALGRF_deactivate
000095a5   _ALGRF_setup
000095f8   _FIR_TI_filter
0000962f   _FIR_TI_activate
00009643   _FIR_TI_alloc
0000967e   _FIR_TI_control
000096a4   _FIR_TI_deactivate
000096b8   _FIR_TI_free
000096e1   _FIR_TI_initObj
00009709   _FIR_TI_moved
0000971c   _FIR_TI_numAlloc
00009720   _VOL_TI_alloc
00009748   _VOL_TI_free
00009767   _VOL_TI_initObj
00009785   _VOL_TI_moved
00009794   _VOL_TI_amplify
000097bd   _VOL_TI_control
00009813   L$$MPY
00009827   etext
00009827   ___etext__
00009845   LNK_F_init
00009846   LNK_F_checkChanEnabled
0000984f   LNK_F_getNextChan
00009858   LNK_F_getChanPtr
0000986b   LNK_F_dataPump
0000986c   LNK_rcloop
00009890   LNK_rdrtry
00009891   LNK_rrloop
000098e5   LNK_wrrtry
000098e6   LNK_wrloop
0000993b   LNK_newin
000099a6   LNK_newout
00009a0e   LNK_F_readCallBack
00009a25   CLK_F_getfhtime
00009a32   CLK_F_getshtime
00009a32   CLK_F_gethtime
00009a32   CLK_TIMEFXN
00009a46   CLK_F_getltime
00009a49   CLK_F_itime
00009a6a   _CLK_startNOPRSC
00009a6a   _CLK_start
00009a82   FXN_F_run
00009a8d   PRD_THOOKFXN
00009a8d   FXN_F_nop
00009a8e   FXN_F_zero
00009a90   GBL_F_chip54x
00009a90   GBL_F_chip
00009a91   _GBL_cslInit
00009aa7   GBL_F_version
00009aaa   IDL_F_init
00009aba   IDL_F_loop
00009ac2   IDL_F_busy
00009ad7   IDL_CALIBRFXN
00009ad7   IDL_F_calibrate
00009b0c   PIP_F_take
00009b22   PIP_F_probe
00009b3d   PIP_F_give
00009b6b   PIP_F_start
00009b84   FXN_F_execute
00009bb4   RTA_F_getlog
00009bca   RTA_F_getsts
00009be2   RTA_F_readblk
00009bee   RTA_F_writeword
00009bf0   RTA_F_resetmem
00009bf5   __RTA_lat1beg
00009c06   __RTA_lat1end
00009c07   RTA_F_dispatch
00009c11   RTA_execute
00009c50   RTA_F_andn
00009c54   RTA_F_or
00009c58   STS_F_delta16
00009c60   STS_F_delta
00009c66   STS_F_add
00009c79   STS_F_reset
00009c7f   SWI_F_enable
00009c99   SWI_F_post
00009cec   SWI_EXECFXN
00009cec   SWI_F_exec
00009dbe   SWI_F_run
00009dbe   SWI_RUNFXN
00009e0a   SWI_F_stub
00009e5f   LOG_F_event
00009e85   _DEV_init
00009ed1   _MEM_init
00009f34   __MEM_getfreelist
00009f3e   __MEM_setfreelist
00009f46   __MEM_getmemtab
00009f50   __MEM_getNUMSEGMENTS
00009f5a   __MEM_lock
00009f62   __MEM_unlock
00009f6a   _MEM_register_lock
00009f72   _MEM_register_unlock
00009f7a   _SWI_andn
00009f7a   _SWI_andnHook
00009f92   _SWI_post
00009f9d   _SYS_abort
00009fab   _UTL_doAbort
00009fab   SYS_ABORTFXN
00009fbb   _UTL_doError
00009fbb   SYS_ERRORFXN
00009fca   SYS_EXITFXN
00009fca   _UTL_halt
00009fce   TSK_VDELETEFXN
00009fce   TSK_VCREATEFXN
00009fce   SYS_PUTCFXN
00009fce   TSK_VEXITFXN
00009fce   GIO_POSTFXN
00009fce   GBL_USERINITFXN
00009fce   _FXN_F_nop
00009fce   GIO_CREATEFXN
00009fce   GIO_PENDFXN
00009fce   GIO_DELETEFXN
00009fd1   _HWI_disable
00009fd7   _HWI_enable
00009fda   _HWI_restore
00009fe1   _LOG_event
00009fe9   _LOG_printf
00009ff1   _PIP_alloc
00009ffb   _PIP_put
0000a008   _PIP_get
0000a012   _PIP_free
0000a01f   _QUE_get
0000a034   _QUE_put
0000a04f   _ATM_andu
0000a04f   _ATM_andi
0000a05d   _ATM_cleari
0000a05d   _ATM_clearu
0000a062   _ATM_decu
0000a062   _ATM_deci
0000a070   _ATM_inci
0000a070   _ATM_incu
0000a07e   _ATM_oru
0000a07e   _ATM_ori
0000a08c   _ATM_setu
0000a08c   _ATM_seti
0000a091   _HWI_dispatchPlug
0000a0d0   _C54_plug
0000a0ec   _C54_dispatchPlug
0000a108   _DEV_match
0000a167   _MEM_stat
0000a1c9   _CLK_gethtime
0000a1dd   _STS_delta
0000a1e4   _STS_set
0000a1ed   _STS_add
0000a1f4   _MEM_alloc
0000a230   UDEV_udevCodec$obj
0000a234   UDEV_udevCodec$device
0000a23c   SYS$config
0000a28e   _MEM_free
0000a32d   _MEM_valloc
0000a35b   _SYS_error
0000a372   __SYS_getsys
0000a37c   cinit
0000a37c   ___cinit__
0000aa2f   _BIOS_init
0000aa2f   BIOS_init
0000aa9b   _BIOS_start
0000aa9b   BIOS_start
0000aab9   _c_int00
0000ab2c   ___pinit__
0000ab2c   pinit
0000ab32   TRC_cinit
0000ab33   GBL_initdone
0000c34f   _CLK_PRD
0000c34f   CLK_PRD
0000c350   _CLK_COUNTSPMS
0000c350   CLK_COUNTSPMS
0000dbef   GBL_TRCMASKVALUE
0000ff80   hwi0
0000ff84   hwi1
0000ff88   hwi2
0000ff8c   hwi3
0000ff90   hwi4
0000ff94   hwi5
0000ff98   hwi6
0000ff9c   hwi7
0000ffa0   hwi8
0000ffa4   hwi9
0000ffa8   hwi10
0000ffac   hwi11
0000ffb0   hwi12
0000ffb4   hwi13
0000ffb8   hwi14
0000ffbc   hwi15
0000ffc0   hwi16
0000ffc4   hwi17
0000ffc8   hwi18
0000ffcc   hwi19
0000ffd0   hwi20
0000ffd4   hwi21
0000ffd8   hwi22
0000ffdc   hwi23
0000ffe0   GBL_PMST
0000ffe0   hwi24
0000ffe4   hwi25
0000ffe8   hwi26
0000ffec   hwi27
0000fff0   hwi28
0000fff4   hwi29
0000fff8   hwi30
0000fffc   hwi31
ffffffff   _IPROG
ffffffff   _EPROG
ffffffff   _CSLREGS
ffffffff   _USERREGS
ffffffff   BIOSREGS
ffffffff   ___binit__
ffffffff   _VECT
ffffffff   CSLREGS
ffffffff   EPROG
ffffffff   IPROG
ffffffff   VECT
ffffffff   _BIOSREGS
ffffffff   binit
ffffffff   USERREGS

[833 symbols]
