******************************************************************************
         TMS320C55x COFF Linker PC v3.2.2                      
******************************************************************************
>> Linked Fri Dec 07 11:16:36 2007

OUTPUT FILE NAME:   <./Debug/echomsg_bios.out>
ENTRY POINT SYMBOL: "_c_int00"  address: 0001471c


MEMORY CONFIGURATION

                  name            origin    length      used    attr    fill
                                 (bytes)   (bytes)    (bytes)
         ----------------------  --------  ---------  --------  ----  --------
         VECT                    00000100   00000100  00000100  RWIX
         DARAM                   00000200   0000fe00  0000d5b4  RWIX
         RESET_VECTOR            00010000   000001fe  00000000  RWIX
         SARAM                   000101fe   00017e00  000045e6  RWIX
         SHMMEM                  00400000   00100000  00000000  RWIX
         EXTMEM                  00600000   00100000  00002c0e  RWIX
         PDROM                   00ff8000   00008000  00000000  RWIX


SECTION ALLOCATION MAP
(Addresses surrounded by []'s are displayed for convenience only!)

output                                                          attributes/
section   page  orgn(bytes) orgn(words) len(bytes) len(words)   input sections
--------  ----  ----------- ----------- ---------- ----------   --------------
.hwi_vec     0     00000100  [ 00000080 ] 00000100          *   
                   00000100  [ 00000080 ] 00000100          *   EchoMsg_bioscfg.obj (.hwi_vec)

.prd         0   [ 00000200 ]  00000100          *   00000000   UNINITIALIZED

.far         0   [ 00000200 ]  00000100          *   00000000   UNINITIALIZED

.gio         0   [ 00000200 ]  00000100          *   00000000   UNINITIALIZED

.sysregs     0   [ 00000200 ]  00000100          *   00000000   UNINITIALIZED

.udev        0   [ 00000200 ]  00000100          *   00000000   UNINITIALIZED

.data        0   [ 00000200 ]  00000100          *   00000000   UNINITIALIZED

.cio         0   [ 00000200 ]  00000100          *   00000000   UNINITIALIZED

.pip         0   [ 00000200 ]  00000100          *   00000000   UNINITIALIZED

.hst         0   [ 00000200 ]  00000100          *   00000000   UNINITIALIZED

.dsm         0   [ 00000200 ]  00000100          *   00000000   UNINITIALIZED

.DARAM$heap 
*            0   [ 00000200 ]  00000100          *   00005400   UNINITIALIZED

.TSK_idle$stk 
*            0   [ 0000aa00 ]  00005500          *   00000500   UNINITIALIZED
                 [ 0000aa00 ]  00005500          *   00000500   EchoMsg_bioscfg.obj (.TSK_idle$stk)

.const       0   [ 0000b400 ]  00005a00          *   00000417   
                 [ 0000b400 ]  00005a00          *   00000176   EchoMsg.obj (.const)
                 [ 0000b6ec ]  00005b76          *   00000101   rts55x.lib : ctype.obj (.const)
                 [ 0000b8ee ]  00005c77          *   00000001   --HOLE-- [fill = 0]
                 [ 0000b8f0 ]  00005c78          *   00000045   msgq.l55l : msgq_exit.o55l (.const)
                 [ 0000b97a ]  00005cbd          *   00000001   --HOLE-- [fill = 0]
                 [ 0000b97c ]  00005cbe          *   00000043             : msgq_init.o55l (.const)
                 [ 0000ba02 ]  00005d01          *   00000001   --HOLE-- [fill = 0]
                 [ 0000ba04 ]  00005d02          *   0000002c   dsplinkmsg.l55l : mqtdsplink.obj (.const)
                 [ 0000ba5c ]  00005d2e          *   00000023   bios.a55l : utl_doab.o55l (.const)
                 [ 0000baa2 ]  00005d51          *   00000001   --HOLE-- [fill = 0]
                 [ 0000baa4 ]  00005d52          *   00000022             : utl_doer.o55l (.const)
                 [ 0000bae8 ]  00005d74          *   00000021   MsgqUtils.obj (.const)
                 [ 0000bb2a ]  00005d95          *   00000001   --HOLE-- [fill = 0]
                 [ 0000bb2c ]  00005d96          *   00000020   bios.a55l : dev_init.o55l (.const)
                 [ 0000bb6c ]  00005db6          *   0000001f   EchoMsg_bioscfg.obj (.const)
                 [ 0000bbaa ]  00005dd5          *   00000001   --HOLE-- [fill = 0]
                 [ 0000bbac ]  00005dd6          *   00000014   mqtbiosque.l55l : mqtbiosque_vt.o (.const)
                 [ 0000bbd4 ]  00005dea          *   0000000e   msgq.l55l : msgq.o55l (.const)
                 [ 0000bbf0 ]  00005df8          *   00000006   dsplink.l55l : shm.obj (.const)
                 [ 0000bbfc ]  00005dfe          *   00000006   rtdxx.lib : rtdx_mon.o55L (.const)
                 [ 0000bc08 ]  00005e04          *   00000004             : buffer1.o55L (.const)
                 [ 0000bc10 ]  00005e08          *   00000004   bios.a55l : gio_crea.o55l (.const)
                 [ 0000bc18 ]  00005e0c          *   00000004             : mem_allo.o55l (.const)
                 [ 0000bc20 ]  00005e10          *   00000004             : mem_free.o55l (.const)
                 [ 0000bc28 ]  00005e14          *   00000002   dsplink.l55l : shm_driver.obj (.const)
                 [ 0000bc2c ]  00005e16          *   00000001   bios.a55l : tsk.o55l (.const)

.mem         0   [ 0000bc2e ]  00005e17          *   00000001   UNINITIALIZED
                 [ 0000bc2e ]  00005e17          *   00000001   EchoMsg_bioscfg.obj (.mem)

.stack       0   [ 0000bc30 ]  00005e18          *   00000400   
                 [ 0000bc30 ]  00005e18          *   00000400   --HOLE-- [fill = beef]

.bss         0   [ 0000c430 ]  00006218          *   000003f8   UNINITIALIZED
                 [ 0000c430 ]  00006218          *   0000017c   dsplink.l55l : shm_driver.obj (.bss)
                 [ 0000c728 ]  00006394          *   0000008a   bios.a55l : knl.o55l (.bss)
                 [ 0000c83c ]  0000641e          *   0000004c   EchoMsg.obj (.bss)
                 [ 0000c8d4 ]  0000646a          *   00000046   rts55x.lib : exit.obj (.bss)
                 [ 0000c960 ]  000064b0          *   0000003e   MsgqUtils.obj (.bss)
                 [ 0000c9dc ]  000064ee          *   0000002e   bios.a55l : tsk.o55l (.bss)
                 [ 0000ca38 ]  0000651c          *   00000023             : obj_init.o55l (.bss)
                 [ 0000ca7e ]  0000653f          *   00000001   msgq.l55l : msgq_init.o55l (.bss)
                 [ 0000ca80 ]  00006540          *   00000020   dsplink.l55l : shm.obj (.bss)
                 [ 0000cac0 ]  00006560          *   0000001f   EchoMsg_bioscfg.obj (.bss)
                 [ 0000cafe ]  0000657f          *   00000001   bios.a55l : buf.o55l (.bss)
                 [ 0000cb00 ]  00006580          *   00000017   dsplinkmsg.l55l : mqtdsplink.obj (.bss)
                 [ 0000cb2e ]  00006597          *   00000001   bios.a55l : sem_crea.o55l (.bss)
                 [ 0000cb30 ]  00006598          *   00000016   dsplinkmsg.l55l : mqabuf.obj (.bss)
                 [ 0000cb5c ]  000065ae          *   00000014   bios.a55l : sys.o55l (.bss)
                 [ 0000cb84 ]  000065c2          *   00000012             : tsk_stup.o55l (.bss)
                 [ 0000cba8 ]  000065d4          *   0000000e   drivers.a55l : dio_tskdynamic (.bss)
                 [ 0000cbc4 ]  000065e2          *   0000000a   bios.a55l : gio_cfg.o55l (.bss)
                 [ 0000cbd8 ]  000065ec          *   00000008             : knl_tick.o55l (.bss)
                 [ 0000cbe8 ]  000065f4          *   00000006             : utl_putc.o55l (.bss)
                 [ 0000cbf4 ]  000065fa          *   00000004   rts55x.lib : _lock.obj (.bss)
                 [ 0000cbfc ]  000065fe          *   00000004   msgq.l55l : msgq.o55l (.bss)
                 [ 0000cc04 ]  00006602          *   00000004   bios.a55l : hwi_disp.o55l (.bss)
                 [ 0000cc0c ]  00006606          *   00000004   dsplink.l55l : failure.obj (.bss)
                 [ 0000cc14 ]  0000660a          *   00000002   bios.a55l : gio.o55l (.bss)
                 [ 0000cc18 ]  0000660c          *   00000002   dsplink.l55l : interrupt.obj (.bss)
                 [ 0000cc1c ]  0000660e          *   00000002   bios.a55l : mem_asm.o55l (.bss)

.rtdx_data 
*            0   [ 0000cc20 ]  00006610          *   00000128   UNINITIALIZED
                 [ 0000cc20 ]  00006610          *   00000102   EchoMsg_bioscfg.obj (.rtdx_data)
                 [ 0000ce24 ]  00006712          *   00000012   rtdxx.lib : rtdx_mon.o55L (.rtdx_data)
                 [ 0000ce48 ]  00006724          *   00000010             : buffer1.o55L (.rtdx_data)
                 [ 0000ce68 ]  00006734          *   00000004   bios.a55l : rtdx_data.o55l (.rtdx_data)

.sysstack 
*            0   [ 0000ce70 ]  00006738          *   00000100   
                 [ 0000ce70 ]  00006738          *   00000100   --HOLE-- [fill = feeb]

.trace       0   [ 0000d070 ]  00006838          *   00000100   
                 [ 0000d070 ]  00006838          *   00000100   --HOLE-- [fill = 00]

.hwi_disp_sec 
*            0   [ 0000d270 ]  00006938          *   000000c0   UNINITIALIZED
                 [ 0000d270 ]  00006938          *   000000c0   bios.a55l : hwi_disp_asm.o5 (.hwi_disp_sec)

.sysdata     0   [ 0000d3f0 ]  000069f8          *   0000009e   UNINITIALIZED
                 [ 0000d3f0 ]  000069f8          *   0000009e   bios.a55l : biosdata.o55l (.sysdata)

.sys         0   [ 0000d52c ]  00006a96          *   00000008   UNINITIALIZED
                 [ 0000d52c ]  00006a96          *   00000008   EchoMsg_bioscfg.obj (.sys)

.trace$buf 
*            0   [ 0000d540 ]  00006aa0          *   00000020   
                 [ 0000d540 ]  00006aa0          *   00000020   EchoMsg_bioscfg.obj (.trace$buf) [fill = ffff]

.LOG_system$buf 
*            0   [ 0000d580 ]  00006ac0          *   00000040   
                 [ 0000d580 ]  00006ac0          *   00000040   EchoMsg_bioscfg.obj (.LOG_system$buf) [fill = ffff]

.args        0   [ 0000d600 ]  00006b00          *   00000050   
                 [ 0000d600 ]  00006b00          *   00000050   --HOLE-- [fill = 00]

.tsk         0   [ 0000d6a0 ]  00006b50          *   0000002c   UNINITIALIZED
                 [ 0000d6a0 ]  00006b50          *   0000002c   EchoMsg_bioscfg.obj (.tsk)

.devtable 
*            0   [ 0000d6f8 ]  00006b7c          *   00000024   UNINITIALIZED
                 [ 0000d6f8 ]  00006b7c          *   00000024   EchoMsg_bioscfg.obj (.devtable)

.swi         0   [ 0000d740 ]  00006ba0          *   00000014   UNINITIALIZED
                 [ 0000d740 ]  00006ba0          *   00000014   EchoMsg_bioscfg.obj (.swi)

.log         0   [ 0000d768 ]  00006bb4          *   00000014   UNINITIALIZED
                 [ 0000d768 ]  00006bb4          *   00000014   EchoMsg_bioscfg.obj (.log)

.sts         0   [ 0000d790 ]  00006bc8          *   00000008   UNINITIALIZED
                 [ 0000d790 ]  00006bc8          *   00000008   EchoMsg_bioscfg.obj (.sts)

.clk         0   [ 0000d7a0 ]  00006bd0          *   00000004   UNINITIALIZED
                 [ 0000d7a0 ]  00006bd0          *   00000004   EchoMsg_bioscfg.obj (.clk)

.idl         0   [ 0000d7a8 ]  00006bd4          *   00000004   UNINITIALIZED
                 [ 0000d7a8 ]  00006bd4          *   00000002   EchoMsg_bioscfg.obj (.idl)
                 [ 0000d7ac ]  00006bd6          *   00000002   EchoMsg_bioscfg.obj (.idlcal)

.dio         0   [ 0000d7b0 ]  00006bd8          *   00000004   UNINITIALIZED
                 [ 0000d7b0 ]  00006bd8          *   00000004   EchoMsg_bioscfg.obj (.dio)

.hwi         0   [ 000101fe ]  000080ff          *   00000000   UNINITIALIZED

frt          0   [ 000101fe ]  000080ff          *   00000000   UNINITIALIZED

.switch      0   [ 000101fe ]  000080ff          *   00000000   UNINITIALIZED

.text:dsplink 
*            0   [ 000101fe ]  000080ff          *   00000000   UNINITIALIZED

.text        0     00010200  [ 00008100 ] 00003494          *   
                   00010200  [ 00008100 ] 000001e9          *   drivers.a55l : dio_tsk.o55l (.text)
                   000103e9  [ 000081f4+] 00000002          *   dsplink.l55l : emif.obj (.text:DSPLINK_init)
                   000103eb  [ 000081f5+] 00000001          *   --HOLE-- [fill = 20]
                   000103ec  [ 000081f6 ] 00000179          *   drivers.a55l : dio_tskdynamic (.text)
                   00010565  [ 000082b2+] 00000002          *   dsplinkmsg.l55l : mqabuf.obj (.text:exit)
                   00010567  [ 000082b3+] 00000001          *   --HOLE-- [fill = 20]
                   00010568  [ 000082b4 ] 0000015f          *   bios.a55l : gio_crea.o55l (.text)
                   000106c7  [ 00008363+] 00000001          *   --HOLE-- [fill = 20]
                   000106c8  [ 00008364 ] 0000011a          *             : gio_sbmt.o55l (.text)
                   000107e2  [ 000083f1 ] 00000002          *   dsplinkmsg.l55l : mqabuf.obj (.text:init)
                   000107e4  [ 000083f2 ] 000000a8          *   bios.a55l : gio_dele.o55l (.text)
                   0001088c  [ 00008446 ] 0000008a          *   msgq.l55l : msgq_locateloca (.text)
                   00010916  [ 0000848b ] 00000002          *   dsplinkmsg.l55l : mqtdsplink.obj (.text:exit)
                   00010918  [ 0000848c ] 00000063          *   mqtbiosque.l55l : mqtbiosque.o55l (.text:_MQTBIOSQUE_get)
                   0001097b  [ 000084bd+] 00000001          *   --HOLE-- [fill = 20]
                   0001097c  [ 000084be ] 0000005d          *                   : mqtbiosque.o55l (.text:delete)
                   000109d9  [ 000084ec+] 00000002          *   EchoMsg_bioscfg_c.obj (.text:CSL_cfgInit)
                   000109db  [ 000084ed+] 00000001          *   --HOLE-- [fill = 20]
                   000109dc  [ 000084ee ] 0000004b          *   bios.a55l : gio_cbck.o55l (.text)
                   00010a27  [ 00008513+] 00000001          *   --HOLE-- [fill = 20]
                   00010a28  [ 00008514 ] 00000049          *   mqtbiosque.l55l : mqtbiosque.o55l (.text:create)
                   00010a71  [ 00008538+] 00000002          *   dsplinkmsg.l55l : mqtdsplink.obj (.text:init)
                   00010a73  [ 00008539+] 00000001          *   --HOLE-- [fill = 20]
                   00010a74  [ 0000853a ] 0000003e          *   drivers.a55l : dio.o55l (.text)
                   00010ab2  [ 00008559 ] 00000002          *   --HOLE-- [fill = 20]
                   00010ab4  [ 0000855a ] 00000033          *   mqtbiosque.l55l : mqtbiosque.o55l (.text:_MQTBIOSQUE_put)
                   00010ae7  [ 00008573+] 00000001          *   --HOLE-- [fill = 20]
                   00010ae8  [ 00008574 ] 00000010          *                   : mqtbiosque.o55l (.text:_MQTBIOSQUE_open)
                   00010af8  [ 0000857c ] 0000000c          *   msgq.l55l : msgq.o55l (.text)
                   00010b04  [ 00008582 ] 0000000b          *   mqtbiosque.l55l : mqtbiosque.o55l (.text:_MQTBIOSQUE_close)
                   00010b0f  [ 00008587+] 00000001          *   --HOLE-- [fill = 20]
                   00010b10  [ 00008588 ] 00000004          *   bios.a55l : iom_stub.o55l (.text)
                   00010b14  [ 0000858a ] 00000002          *             : gio.o55l (.text)
                   00010b16  [ 0000858b ] 00000002          *   --HOLE-- [fill = 20]
                   00010b18  [ 0000858c ] 00000002          *   mqtbiosque.l55l : mqtbiosque_init (.text)
                   00010b1a  [ 0000858d ] 00000002          *   --HOLE-- [fill = 20]
                   00010b1c  [ 0000858e ] 00000002          *                   : mqtbiosque_exit (.text)
                   00010b1e  [ 0000858f ] 00000759          *   dsplink.l55l : shm_driver.obj (.text)
                   00011277  [ 0000893b+] 00000590          *   dsplinkmsg.l55l : mqtdsplink.obj (.text:MQTDSPLINK_msgXfer)
                   00011807  [ 00008c03+] 00000414          *                   : mqtdsplink.obj (.text:MQTDSPLINK_open)
                   00011c1b  [ 00008e0d+] 000003c8          *   EchoMsg.obj (.text)
                   00011fe3  [ 00008ff1+] 0000033f          *   dsplinkmsg.l55l : mqtdsplink.obj (.text:MQTDSPLINK_close)
                   00012322  [ 00009191 ] 000002b6          *                   : mqabuf.obj (.text:MQABUF_open)
                   000125d8  [ 000092ec ] 0000027a          *   dsplink.l55l : shm_driver.obj (.text:DSPLINK_create)
                   00012852  [ 00009429 ] 00000263          *   dsplinkmsg.l55l : mqtdsplink.obj (.text:MQTDSPLINK_locate)
                   00012ab5  [ 0000955a+] 0000013e          *   MsgqUtils.obj (.text)
                   00012bf3  [ 000095f9+] 0000013e          *   dsplink.l55l : shm.obj (.text:DSPLINK_init)
                   00012d31  [ 00009698+] 00000100          *   dsplinkmsg.l55l : mqabuf.obj (.text:MQABUF_close)
                   00012e31  [ 00009718+] 000000e7          *                   : mqabuf.obj (.text:MQABUF_alloc)
                   00012f18  [ 0000978c ] 000000d9          *   dsplink.l55l : shm_driver.obj (.text:DSPLINK_init)
                   00012ff1  [ 000097f8+] 000000b6          *   rts55x.lib : exit.obj (.text)
                   000130a7  [ 00009853+] 000000b5          *   dsplinkmsg.l55l : mqtdsplink.obj (.text:MQTDSPLINK_getReplyHandle)
                   0001315c  [ 000098ae ] 000000ab          *                   : mqabuf.obj (.text:MQABUF_free)
                   00013207  [ 00009903+] 000000a0          *   rts55x.lib : divul.obj (.text)
                   000132a7  [ 00009953+] 0000005e          *   dsplink.l55l : interrupt.obj (.text)
                   00013305  [ 00009982+] 0000005c          *   rts55x.lib : atoi.obj (.text)
                   00013361  [ 000099b0+] 0000005b          *   dsplink.l55l : interrupt.obj (.text:DSPLINK_init)
                   000133bc  [ 000099de ] 00000057          *                : shm_driver.obj (.text:init)
                   00013413  [ 00009a09+] 0000004b          *   dsplinkmsg.l55l : mqtdsplink.obj (.text)
                   0001345e  [ 00009a2f ] 0000003d          *   dsplink.l55l : shm_driver.obj (.text:DSPLINK_delete)
                   0001349b  [ 00009a4d+] 0000003c          *   rts55x.lib : idiv.obj (.text)
                   000134d7  [ 00009a6b+] 0000003b          *   dsplinkmsg.l55l : mqtdsplink.obj (.text:MQTDSPLINK_release)
                   00013512  [ 00009a89 ] 00000037          *   dsplink.l55l : shm.obj (.text)
                   00013549  [ 00009aa4+] 00000032          *                : failure.obj (.text)
                   0001357b  [ 00009abd+] 0000002a          *   rts55x.lib : udiv.obj (.text)
                   000135a5  [ 00009ad2+] 00000029          *              : strncmp.obj (.text)
                   000135ce  [ 00009ae7 ] 00000029          *              : strcat.obj (.text)
                   000135f7  [ 00009afb+] 0000001a          *              : strcpy.obj (.text)
                   00013611  [ 00009b08+] 00000015          *              : memset.obj (.text)
                   00013626  [ 00009b13 ] 00000013          *              : lmpy.obj (.text)
                   00013639  [ 00009b1c+] 00000012          *              : _lock.obj (.text)
                   0001364b  [ 00009b25+] 00000012          *              : memcpy.obj (.text)
                   0001365d  [ 00009b2e+] 00000011          *              : strlen.obj (.text)
                   0001366e  [ 00009b37 ] 00000010          *              : strcmp.obj (.text)
                   0001367e  [ 00009b3f ] 0000000e          *   dsplink.l55l : hal.obj (.text:DSPLINK_init)
                   0001368c  [ 00009b46 ] 00000007          *   rts55x.lib : exit.obj (.text:CIO_breakpoint)
                   00013693  [ 00009b49+] 00000001          *   --HOLE-- [fill = 20]

.cinit       0   [ 00013694 ]  00009b4a          *   0000043f   
                 [ 00013694 ]  00009b4a          *   00000195   EchoMsg_bioscfg.obj (.cinit)
                 [ 000139be ]  00009cdf          *   000000a1   bios.a55l : biosdata.o55l (.cinit)
                 [ 00013b00 ]  00009d80          *   000000a0             : knl.o55l (.cinit)
                 [ 00013c40 ]  00009e20          *   00000043   MsgqUtils.obj (.cinit)
                 [ 00013cc6 ]  00009e63          *   00000029   bios.a55l : tsk.o55l (.cinit)
                 [ 00013d18 ]  00009e8c          *   00000021   dsplinkmsg.l55l : mqabuf.obj (.cinit)
                 [ 00013d5a ]  00009ead          *   0000001b                   : mqtdsplink.obj (.cinit)
                 [ 00013d90 ]  00009ec8          *   00000015   bios.a55l : tsk_stup.o55l (.cinit)
                 [ 00013dba ]  00009edd          *   00000014   dsplink.l55l : shm_driver.obj (.cinit)
                 [ 00013de2 ]  00009ef1          *   00000011   drivers.a55l : dio_tskdynamic (.cinit)
                 [ 00013e04 ]  00009f02          *   00000010   bios.a55l : gio_cfg.o55l (.cinit)
                 [ 00013e24 ]  00009f12          *   0000000f             : utl_putc.o55l (.cinit)
                 [ 00013e42 ]  00009f21          *   0000000e   rts55x.lib : exit.obj (.cinit)
                 [ 00013e5e ]  00009f2f          *   0000000b   bios.a55l : knl_tick.o55l (.cinit)
                 [ 00013e74 ]  00009f3a          *   0000000a             : obj_init.o55l (.cinit)
                 [ 00013e88 ]  00009f44          *   0000000a             : sys.o55l (.cinit)
                 [ 00013e9c ]  00009f4e          *   0000000a   rts55x.lib : _lock.obj (.cinit)
                 [ 00013eb0 ]  00009f58          *   00000007   bios.a55l : hwi_disp.o55l (.cinit)
                 [ 00013ebe ]  00009f5f          *   00000006   msgq.l55l : msgq.o55l (.cinit)
                 [ 00013eca ]  00009f65          *   00000005   bios.a55l : gio.o55l (.cinit)
                 [ 00013ed4 ]  00009f6a          *   00000005   rtdxx.lib : buffer1.o55L (.cinit)
                 [ 00013ede ]  00009f6f          *   00000005   bios.a55l : knl_swit.o55l (.cinit)
                 [ 00013ee8 ]  00009f74          *   00000004   msgq.l55l : msgq_init.o55l (.cinit)
                 [ 00013ef0 ]  00009f78          *   00000004   bios.a55l : buf.o55l (.cinit)
                 [ 00013ef8 ]  00009f7c          *   00000004             : sem_crea.o55l (.cinit)
                 [ 00013f00 ]  00009f80          *   00000004   EchoMsg.obj (.cinit)
                 [ 00013f08 ]  00009f84          *   00000004   dsplink.l55l : failure.obj (.cinit)
                 [ 00013f10 ]  00009f88          *   00000001   --HOLE-- [fill = 0]

.rtdx_text 
*            0     00013f12  [ 00009f89 ] 0000073c          *   
                   00013f12  [ 00009f89 ] 000003d5          *   rtdxx.lib : rtdx_mon.o55L (.rtdx_text)
                   000142e7  [ 0000a173+] 0000031e          *             : buffer1.o55L (.rtdx_text)
                   00014605  [ 0000a302+] 00000048          *             : intr_tgt.o55L (.rtdx_text)
                   0001464d  [ 0000a326+] 00000001          *   --HOLE-- [fill = 20]

.sysinit     0     0001464e  [ 0000a327 ] 00000154          *   
                   0001464e  [ 0000a327 ] 000000ce          *   EchoMsg_bioscfg.obj (.sysinit)
                   0001471c  [ 0000a38e ] 00000085          *   bios.a55l : boot.o55l (.sysinit)
                   000147a1  [ 0000a3d0+] 00000001          *   --HOLE-- [fill = 20]

.gblinit     0   [ 000147a2 ]  0000a3d1          *   00000019   
                 [ 000147a2 ]  0000a3d1          *   00000019   EchoMsg_bioscfg.obj (.gblinit)

.pinit       0   [ 000147d4 ]  0000a3ea          *   00000006   
                 [ 000147d4 ]  0000a3ea          *   00000002   rtdxx.lib : buffer1.o55L (.pinit)
                 [ 000147d8 ]  0000a3ec          *   00000002             : rtdx_mon.o55L (.pinit)
                 [ 000147dc ]  0000a3ee          *   00000002   --HOLE-- [fill = 0]

.trcdata     0   [ 000147e0 ]  0000a3f0          *   00000003   
                 [ 000147e0 ]  0000a3f0          *   00000003   bios.a55l : trc.o55l (.trcdata)

.bios        0     00600000  [ 00300000 ] 00002c0e          *   
                   00600000  [ 00300000 ] 00000255          *   bios.a55l : tsk_crea.o55l (.bios)
                   00600255  [ 0030012a+] 00000003          *   --HOLE-- [fill = 20]
                   00600258  [ 0030012c ] 00000198          *   msgq.l55l : msgq_init.o55l (.bios:init)
                   006003f0  [ 003001f8 ] 00000185          *             : msgq_create.o55 (.bios:create)
                   00600575  [ 003002ba+] 00000003          *   --HOLE-- [fill = 20]
                   00600578  [ 003002bc ] 0000016c          *   bios.a55l : mem_free.o55l (.bios:.near)
                   006006e4  [ 00300372 ] 0000014d          *             : sem_pend.o55l (.bios)
                   00600831  [ 00300418+] 00000003          *   --HOLE-- [fill = 20]
                   00600834  [ 0030041a ] 00000135          *   msgq.l55l : msgq_locate.o55 (.bios)
                   00600969  [ 003004b4+] 00000003          *   --HOLE-- [fill = 20]
                   0060096c  [ 003004b6 ] 00000121          *   bios.a55l : mem_allo.o55l (.bios:.near)
                   00600a8d  [ 00300546+] 00000003          *   --HOLE-- [fill = 20]
                   00600a90  [ 00300548 ] 00000120          *             : mem_init.o55l (.bios:.near)
                   00600bb0  [ 003005d8 ] 00000115          *             : knl_run.o55l (.bios)
                   00600cc5  [ 00300662+] 00000003          *   --HOLE-- [fill = 20]
                   00600cc8  [ 00300664 ] 0000010d          *   msgq.l55l : msgq_exit.o55l (.bios:exit)
                   00600dd5  [ 003006ea+] 00000003          *   --HOLE-- [fill = 20]
                   00600dd8  [ 003006ec ] 0000010c          *   bios.a55l : knl_tick.o55l (.bios)
                   00600ee4  [ 00300772 ] 000000f4          *             : buf_crea.o55l (.bios)
                   00600fd8  [ 003007ec ] 000000dc          *             : tsk_exit.o55l (.bios)
                   006010b4  [ 0030085a ] 000000bf          *             : sem_dopo.o55l (.bios)
                   00601173  [ 003008b9+] 00000001          *   --HOLE-- [fill = 20]
                   00601174  [ 003008ba ] 000000bb          *             : tsk_setu.o55l (.bios)
                   0060122f  [ 00300917+] 00000001          *   --HOLE-- [fill = 20]
                   00601230  [ 00300918 ] 0000009f          *             : dev_init.o55l (.bios)
                   006012cf  [ 00300967+] 00000001          *   --HOLE-- [fill = 20]
                   006012d0  [ 00300968 ] 00000097          *             : tsk_stup.o55l (.bios)
                   00601367  [ 003009b3+] 00000001          *   --HOLE-- [fill = 20]
                   00601368  [ 003009b4 ] 00000084          *             : tsk_init.o55l (.bios)
                   006013ec  [ 003009f6 ] 0000007f          *             : dev_matc.o55l (.bios)
                   0060146b  [ 00300a35+] 00000001          *   --HOLE-- [fill = 20]
                   0060146c  [ 00300a36 ] 0000007e          *             : hwi_disp.o55l (.bios)
                   006014ea  [ 00300a75 ] 00000002          *   --HOLE-- [fill = 20]
                   006014ec  [ 00300a76 ] 00000074          *   msgq.l55l : msgq_senderror. (.bios)
                   00601560  [ 00300ab0 ] 0000006d          *             : msgq_put.o55l (.bios)
                   006015cd  [ 00300ae6+] 00000003          *   --HOLE-- [fill = 20]
                   006015d0  [ 00300ae8 ] 00000065          *             : msgq_alloc.o55l (.bios)
                   00601635  [ 00300b1a+] 00000003          *   --HOLE-- [fill = 20]
                   00601638  [ 00300b1c ] 00000064          *   bios.a55l : knl_read.o55l (.bios)
                   0060169c  [ 00300b4e ] 0000005a          *             : lck.o55l (.bios)
                   006016f6  [ 00300b7b ] 00000002          *   --HOLE-- [fill = 20]
                   006016f8  [ 00300b7c ] 00000055          *             : obj_crea.o55l (.bios)
                   0060174d  [ 00300ba6+] 00000003          *   --HOLE-- [fill = 20]
                   00601750  [ 00300ba8 ] 00000049          *             : obj_dele.o55l (.bios)
                   00601799  [ 00300bcc+] 00000003          *   --HOLE-- [fill = 20]
                   0060179c  [ 00300bce ] 00000043          *             : knl_ipos.o55l (.bios)
                   006017df  [ 00300bef+] 00000001          *   --HOLE-- [fill = 20]
                   006017e0  [ 00300bf0 ] 00000042          *             : sys_exit.o55l (.bios)
                   00601822  [ 00300c11 ] 00000002          *   --HOLE-- [fill = 20]
                   00601824  [ 00300c12 ] 00000042          *             : buf_allo.o55l (.bios)
                   00601866  [ 00300c33 ] 00000002          *   --HOLE-- [fill = 20]
                   00601868  [ 00300c34 ] 0000003c          *             : sem_crea.o55l (.bios)
                   006018a4  [ 00300c52 ] 0000003a          *   msgq.l55l : msgq_release.o5 (.bios)
                   006018de  [ 00300c6f ] 00000002          *   --HOLE-- [fill = 20]
                   006018e0  [ 00300c70 ] 00000039          *   bios.a55l : utl_putc.o55l (.bios)
                   00601919  [ 00300c8c+] 00000003          *   --HOLE-- [fill = 20]
                   0060191c  [ 00300c8e ] 00000037          *   msgq.l55l : msgq_free.o55l (.bios)
                   00601953  [ 00300ca9+] 00000001          *   --HOLE-- [fill = 20]
                   00601954  [ 00300caa ] 00000037          *   bios.a55l : knl_post.o55l (.bios)
                   0060198b  [ 00300cc5+] 00000001          *   --HOLE-- [fill = 20]
                   0060198c  [ 00300cc6 ] 00000033          *             : knl_exit.o55l (.bios)
                   006019bf  [ 00300cdf+] 00000001          *   --HOLE-- [fill = 20]
                   006019c0  [ 00300ce0 ] 00000033          *             : buf_dele.o55l (.bios)
                   006019f3  [ 00300cf9+] 00000001          *   --HOLE-- [fill = 20]
                   006019f4  [ 00300cfa ] 00000030          *             : mem_vall.o55l (.bios:.near)
                   00601a24  [ 00300d12 ] 0000002e          *             : buf_free.o55l (.bios)
                   00601a52  [ 00300d29 ] 00000002          *   --HOLE-- [fill = 20]
                   00601a54  [ 00300d2a ] 00000028          *   msgq.l55l : msgq_delete.o55 (.bios:delete)
                   00601a7c  [ 00300d3e ] 00000023          *   bios.a55l : utl_doab.o55l (.bios)
                   00601a9f  [ 00300d4f+] 00000001          *   --HOLE-- [fill = 20]
                   00601aa0  [ 00300d50 ] 00000020          *             : utl_doer.o55l (.bios)
                   00601ac0  [ 00300d60 ] 0000001b          *             : sem_post.o55l (.bios)
                   00601adb  [ 00300d6d+] 00000001          *   --HOLE-- [fill = 20]
                   00601adc  [ 00300d6e ] 0000001a          *             : sys_abor.o55l (.bios)
                   00601af6  [ 00300d7b ] 00000002          *   --HOLE-- [fill = 20]
                   00601af8  [ 00300d7c ] 00000019          *             : sys_erro.o55l (.bios:.near)
                   00601b11  [ 00300d88+] 00000003          *   --HOLE-- [fill = 20]
                   00601b14  [ 00300d8a ] 0000000e          *             : sem_dele.o55l (.bios)
                   00601b22  [ 00300d91 ] 00000002          *   --HOLE-- [fill = 20]
                   00601b24  [ 00300d92 ] 0000000c          *             : hook_setenv.o55 (.bios)
                   00601b30  [ 00300d98 ] 00000008          *             : utl_halt.o55l (.bios)
                   00601b38  [ 00300d9c ] 00000004          *   msgq.l55l : msgq_create.o55 (.bios)
                   00601b3c  [ 00300d9e ] 00000002          *   bios.a55l : obj_init.o55l (.bios)
                   00601b3e  [ 00300d9f ] 00000002          *   --HOLE-- [fill = 20]
                   00601b40  [ 00300da0 ] 00000002          *             : fxn_c.o55l (.bios)
                   00601b42  [ 00300da1 ] 000003f2          *             : swi.o55l (.bios)
                   00601f34  [ 00300f9a ] 000002f1          *             : hwi_disp_asm.o5 (.bios)
                   00602225  [ 00301112+] 00000180          *             : prd.o55l (.bios)
                   006023a5  [ 003011d2+] 00000126          *             : knl_swit.o55l (.bios)
                   006024cb  [ 00301265+] 000000f2          *   clk.a55l : clk32.o55l (.bios)
                   006025bd  [ 003012de+] 0000008d          *   bios.a55l : clk_isr.o55l (.bios)
                   0060264a  [ 00301325 ] 00000087          *             : atm.o55l (.bios)
                   006026d1  [ 00301368+] 00000083          *   clk.a55l : clk.o55l (.bios)
                   00602754  [ 003013aa ] 00000080          *   bios.a55l : c55_plug.o55l (.bios)
                   006027d4  [ 003013ea ] 00000071          *             : autoinit.o55l (.bios)
                   00602845  [ 00301422+] 0000006c          *             : c55_c.o55l (.bios)
                   006028b1  [ 00301458+] 0000006b          *             : knl_chec.o55l (.bios)
                   0060291c  [ 0030148e ] 00000062          *             : log_printf.o55l (.bios)
                   0060297e  [ 003014bf ] 0000005e          *             : knl_star.o55l (.bios)
                   006029dc  [ 003014ee ] 00000051          *             : log.o55l (.bios)
                   00602a2d  [ 00301516+] 0000004c          *             : sem_post_asm.o5 (.bios)
                   00602a79  [ 0030153c+] 0000004b          *             : sem_pend_asm.o5 (.bios)
                   00602ac4  [ 00301562 ] 0000003f          *             : que_get.o55l (.bios)
                   00602b03  [ 00301581+] 00000032          *             : fxn.o55l (.bios)
                   00602b35  [ 0030159a+] 00000030          *             : sts.o55l (.bios)
                   00602b65  [ 003015b2+] 00000022          *             : hwi_c.o55l (.bios)
                   00602b87  [ 003015c3+] 0000001e          *   clk.a55l : clk_wdog.o55l (.bios)
                   00602ba5  [ 003015d2+] 0000001c          *            : clk5561.o55l (.bios)
                   00602bc1  [ 003015e0+] 00000017          *   bios.a55l : clk_htime.o55l (.bios)
                   00602bd8  [ 003015ec ] 00000012          *             : clk_run.o55l (.bios)
                   00602bea  [ 003015f5 ] 0000000c          *             : idl.o55l (.bios)
                   00602bf6  [ 003015fb ] 00000009          *             : clk_getprd.o55l (.bios)
                   00602bff  [ 003015ff+] 00000008          *             : clk_spms.o55l (.bios)
                   00602c07  [ 00301603+] 00000006          *             : gbl_vers.o55l (.bios)
                   00602c0d  [ 00301606+] 00000001          *   --HOLE-- [fill = 20]


GLOBAL SYMBOLS: SORTED ALPHABETICALLY BY Name 

abs. value/
byte addr   word addr   name
---------   ---------   ----
00000001                $TI_capability_requires_rev2
            00006218    .bss
            00000100    .data
00010200                .text
00000006                BIOSDATA_O_CLK_D_COUNTSPMS
00000000                BIOSDATA_O_CLK_D_DIRTY
00000008                BIOSDATA_O_CLK_D_IDLETIME
0000000a                BIOSDATA_O_CLK_D_ISRHOOK
00000002                BIOSDATA_O_CLK_D_PRD
0000000c                BIOSDATA_O_CLK_D_TABBEG
00000004                BIOSDATA_O_CLK_D_TDDR
0000000e                BIOSDATA_O_CLK_D_TIMEFXN
00000010                BIOSDATA_O_CLK_R_TIMH
00000011                BIOSDATA_O_CLK_R_TIML
00000012                BIOSDATA_O_HST_D_CHANMASK
00000088                BIOSDATA_O_HST_D_TABBEGADDR
0000008a                BIOSDATA_O_HST_D_TABENDADDR
00000078                BIOSDATA_O_HWI_D_SPSAVE
0000007a                BIOSDATA_O_HWI_D_SSPSAVE
0000008c                BIOSDATA_O_HWI_D_STKBOTADDR
0000008e                BIOSDATA_O_HWI_D_STKTOPADDR
00000090                BIOSDATA_O_HWI_D_SYSTKBOTADDR
00000092                BIOSDATA_O_HWI_D_SYSTKTOPADDR
00000014                BIOSDATA_O_IDL_D_CALBEG
00000016                BIOSDATA_O_IDL_D_CALIBRATE
00000018                BIOSDATA_O_IDL_D_TABBEG
0000001a                BIOSDATA_O_LOG_D_SYSTEM
00000080                BIOSDATA_O_MEM_D_FREELIST
00000082                BIOSDATA_O_MEM_D_LOCKADDR
0000007e                BIOSDATA_O_MEM_D_MEMTAB
0000007c                BIOSDATA_O_MEM_D_NUMSEGMENTS
00000084                BIOSDATA_O_MEM_D_UNLOCKADDR
0000001c                BIOSDATA_O_PIP_D_TABBEG
0000001e                BIOSDATA_O_PIP_D_TABLEN
00000020                BIOSDATA_O_PRD_D_CUR
00000022                BIOSDATA_O_PRD_D_ELAPSED
00000023                BIOSDATA_O_PRD_D_PREVTIM
00000024                BIOSDATA_O_PRD_D_SCALAR
00000026                BIOSDATA_O_PRD_D_SWIHANDLE
00000028                BIOSDATA_O_PRD_D_TABBEG
0000002a                BIOSDATA_O_PRD_D_TABLEN
0000002c                BIOSDATA_O_PRD_D_THOOK
0000002e                BIOSDATA_O_PRD_D_TICKH
0000002f                BIOSDATA_O_PRD_D_TICKL
00000098                BIOSDATA_O_RTDX_D_BUFREAD
0000009a                BIOSDATA_O_RTDX_D_BUFWRITE
00000030                BIOSDATA_O_SWI_D_CURFXN
00000032                BIOSDATA_O_SWI_D_CURMASK
00000033                BIOSDATA_O_SWI_D_CURMBOX
00000034                BIOSDATA_O_SWI_D_CURSET
00000036                BIOSDATA_O_SWI_D_EXECADDR
00000038                BIOSDATA_O_SWI_D_LOCK
0000003a                BIOSDATA_O_SWI_D_RDYBEG
0000003c                BIOSDATA_O_SWI_D_RDYTAB
0000009c                BIOSDATA_O_SWI_D_RUNADDR
00000086                BIOSDATA_O_SYS
00000094                BIOSDATA_O_TSK_D_IDLSTKADDR
00000096                BIOSDATA_O_TSK_D_IDLSYSTKADDR
0001464e                BIOS_init
000146dc                BIOS_start
00000000                BUF$
00000001                BUF_ENABLED
0001368d                C$$EXIT
            000069f8    C55_BIOSDATAOBJ
00000001                CLK$
            00006bd0    CLK_A_TABBEG
            00006bd4    CLK_A_TABEND
00000004                CLK_A_TABLEN
0000bb80                CLK_COUNTSPMS
00000000                CLK_COUNTSPMSHIGH
            00006a00    CLK_D_idletime
            00006a02    CLK_D_isrhook
            00006a04    CLK_D_tabbeg
            00006a06    CLK_D_timefxn
00602bde                CLK_F_dispRun
006026d1                CLK_F_getfhtime
0060252f                CLK_F_getfhtime32
00602544                CLK_F_gethtime
0060272e                CLK_F_getltime
006026fd                CLK_F_getshtime
00602544                CLK_F_getshtime32
006025bd                CLK_F_isr
00602737                CLK_F_itime
00602bd8                CLK_F_run
006024cb                CLK_F_start32
00602ba5                CLK_F_start5561
00602b87                CLK_F_wdogdisable
00602bba                CLK_F_wdogdisable5561
00602bd8                CLK_HOOKFXN
00000000                CLK_IMR0TINTMASK
00000080                CLK_IMR1TINTMASK
00000007                CLK_INTBIT
0054d6c0                CLK_MICROSECONDS
            00006bd2    CLK_NULL
0000bb7f                CLK_PRD
00002800                CLK_REGS
            00006a08    CLK_R_timh
            00006a09    CLK_R_timl
00000020                CLK_TCR
00000000                CLK_TDDR
00602544                CLK_TIMEFXN
00000046                CLK_TIMERIFR
00000045                CLK_TIMERIMR
00000080                CLK_TIMERIMRMASK
00000000                CLK_TIMERNUM
00000001                CLK_USETIMER
            0000656b    DARAM
            00000100    DARAM$B
0000a800                DARAM$L
00000000                DEV$
00000000                DGN$
00000000                DHL$
00000000                DHL_gChannelsAvailable
00000001                DIO$
00000000                DIO_NUMSWIBASE
00000000                DIO_NUMTSKBASE
00000000                DIO_STATIC
            00006b82    DIO_dio_dsplink$device
            00006b7c    DIO_dio_dsplink$obj
00000000                DPI$
ffffffff                EXTMEM
00602b03                FXN_F_nop
00602b05                FXN_F_run
00602b33                FXN_F_selfLoop
00602b2f                FXN_F_zero
00000001                GBL$
00000490                GBL_A_VERSION
00601b40                GBL_BIOS_BOOTFXN
00f80000                GBL_CACHEICRTAG1
00f81000                GBL_CACHEICRTAG2
00000002                GBL_CACHETYPE
00000000                GBL_CALLCSLCFGINIT
00000b50                GBL_CLKMD
000005e6                GBL_DSPSUBTYPE
00000000                GBL_ENABLEICACHE
00000000                GBL_ENABLEINST
00000042                GBL_FOOTPRINT
00602c07                GBL_F_version
00000001                GBL_LARGEMODEL
00000000                GBL_MODIFYCLKMD
00000000                GBL_NULL
00008000                GBL_PLLDIV0
0000000f                GBL_PLLM
00000000                GBL_ROM
00000000                GBL_SUPPORTCSL
00004000                GBL_TRCMASKVALUE
00000000                GBL_USERINIT
00601b40                GBL_USERINITFXN
00000001                GBL_boot
            0000a3f2    GBL_initdone
            00005e18    GBL_stackbeg
            00006217    GBL_stackend
            00006738    GBL_sysstackbeg
            00006837    GBL_sysstackend
00000000                GIO$
00601b40                GIO_CREATEFXN
00601b40                GIO_DELETEFXN
00601b40                GIO_PENDFXN
00601b40                GIO_POSTFXN
00000000                HOOK$
00000000                HOOK_KNLID
00000000                HST$
            00000100    HST_A_TABBEG
            00000100    HST_A_TABEND
00000000                HST_A_TABLEN
00000000                HST_DSM
            0000656b    HST_DSMBUFSEG
00000400                HST_DSMMEMSIZE
            00006a0a    HST_D_chanmask
            00006a80    HST_D_tabbegaddr
            00006a82    HST_D_tabendaddr
00000100                HST_MAXFRAMEALLOWED
00000000                HST_MAXFRAMESET
00000000                HST_NONE
00000001                HST_RTDX
00000001                HWI$
00000100                HWI_A_VECS
00000018                HWI_BERR
00000019                HWI_DLOG
            00006a70    HWI_D_spsave
            00006a72    HWI_D_sspsave
            00006a84    HWI_D_stkbotaddr
            00006a86    HWI_D_stktopaddr
            00006a88    HWI_D_systkbotaddr
            00006a8a    HWI_D_systktopaddr
00601f34                HWI_F_dispatch
0000000a                HWI_INT10
0000000b                HWI_INT11
0000000c                HWI_INT12
0000000d                HWI_INT13
0000000e                HWI_INT14
0000000f                HWI_INT15
00000010                HWI_INT16
00000011                HWI_INT17
00000012                HWI_INT18
00000013                HWI_INT19
00000002                HWI_INT2
00000014                HWI_INT20
00000015                HWI_INT21
00000016                HWI_INT22
00000017                HWI_INT23
00000003                HWI_INT3
00000004                HWI_INT4
00000005                HWI_INT5
00000006                HWI_INT6
00000007                HWI_INT7
00000008                HWI_INT8
00000009                HWI_INT9
00000001                HWI_NMI
00000000                HWI_RESET
0000001a                HWI_RTOS
0000001b                HWI_SINT27
0000001c                HWI_SINT28
0000001d                HWI_SINT29
0000001e                HWI_SINT30
0000001f                HWI_SINT31
00000017                HWI_TINT
00000000                HWI_ZEROTAB
0001349b                I$$DIV
00013626                I$$LMPY
000134ba                I$$MOD
0001357b                I$$UDIV
00013590                I$$UMOD
00000000                IDL$
            00006bd6    IDL_A_CALBEG
            00006bd8    IDL_A_CALEND
00000001                IDL_A_CALLEN
            00006bd4    IDL_A_TABBEG
            00006bd6    IDL_A_TABEND
00000001                IDL_A_TABLEN
00000000                IDL_CALIBRFXN
            00006a0c    IDL_D_calbeg
            00006a0e    IDL_D_calibrate
            00006a10    IDL_D_tabbeg
            00006bd4    IDL_END
            00006bd6    IDL_END$
00602bea                IDL_F_loop
00000000                IDL_USECLKIDLTIME
00000001                ISRC$
00602403                KNL_glue
            00006ba0    KNL_swi
            00006bca    KNL_swi$sts
            00006bc8    KNL_swi$sts$stsobj
00602442                KNL_tick_stub
00000001                LCK$
00000001                LOG$
            00006bb4    LOG_A_TABBEG
            00006bc8    LOG_A_TABEND
00000002                LOG_A_TABLEN
            00006a12    LOG_D_system
00000001                LOG_ENABLED
006029dc                LOG_F_event
            00006bb4    LOG_system
            00006ac0    LOG_system$buf
00000040                LOG_system$size
00000000                MBX$
00000001                MEM$
            0000656b    MEM_MALLOCSEG
00000000                MEM_NULL
            0000656b    MEM_SEGZERO
00000001                MEM_gNumHeap
00000000                OBJ$
ffffffff                PDROM
00000000                PIP$
            00000100    PIP_A_TABBEG
            00000100    PIP_A_TABEND
00000000                PIP_A_TABLEN
            00006a14    PIP_D_tabbeg
            00006a16    PIP_D_tablen
00000000                PIP_gNextId
00000000                PIP_gNumEmbed
00000001                PRD$
            00000100    PRD_A_TABBEG
            00000100    PRD_A_TABEND
00000000                PRD_A_TABLEN
            00006a18    PRD_D_cur
            00006a1a    PRD_D_elapsed
            00006a1b    PRD_D_prevtim
            00006a1c    PRD_D_scalar
            00006a1e    PRD_D_swihandle
            00006a20    PRD_D_tabbeg
            00006a22    PRD_D_tablen
            00006a24    PRD_D_thook
            00006a26    PRD_D_tickh
            00006a27    PRD_D_tickl
00602225                PRD_F_swi
00602344                PRD_F_tick
00004000                PRD_SCALAR
00000000                PRD_SWIHANDLE
00602442                PRD_THOOKFXN
            00006bd0    PRD_clock
00000001                QUE$
ffffffff                RESET_VECTOR
            0000656c    RTA_fromHost$buf
00000001                RTDX$
00000102                RTDX_BUFMEMSIZE
            0000656b    RTDX_DATAMEMSEG
            00006a90    RTDX_D_BufRead
            00006a92    RTDX_D_BufWrite
00000001                RTDX_USERTDX
00000000                RTDX_USERTEXECUTION
ffffffff                SARAM
00000000                SEM$
ffffffff                SHMMEM
00000000                SIO$
00000000                STS$
            00006bc8    STS_A_TABBEG
            00006bc8    STS_A_TABEND
00000000                STS_A_TABLEN
00602b3f                STS_F_add
00602b35                STS_F_delta
00602b57                STS_F_reset
00000001                SWI$
            00006ba0    SWI_A_TABBEG
            00006bb4    SWI_A_TABEND
00000001                SWI_A_TABLEN
            00006a28    SWI_D_curfxn
            00006a2a    SWI_D_curmask
            00006a2b    SWI_D_curmbox
            00006a2c    SWI_D_curset
            00006a2e    SWI_D_execaddr
            00006a30    SWI_D_lock
            00006a32    SWI_D_rdybeg
            00006a34    SWI_D_rdytab
            00006a94    SWI_D_runaddr
00000000                SWI_EHOOKFXN
00601c95                SWI_EXECFXN
00601b42                SWI_F_enable
00601c95                SWI_F_exec
00601c00                SWI_F_exec_sync
00601b75                SWI_F_post
00601d8b                SWI_F_run
00000000                SWI_IHOOKFXN
00601d8b                SWI_RUNFXN
00000001                SYS$
            00006a96    SYS$config
00601a7c                SYS_ABORTFXN
00601aa0                SYS_ERRORFXN
00601b30                SYS_EXITFXN
006018e0                SYS_PUTCFXN
00004000                TRC_GBLTARG
            0000a3f1    TRC_R_mask
            0000a3f0    TRC_cinit
00000001                TSK$
            00006a8c    TSK_D_idlstkaddr
            00006a8e    TSK_D_idlsystkaddr
00000000                TSK_NUM_HOOKS
00000001                TSK_PRIORITY
00000000                TSK_READYFXN
            0000656b    TSK_STACKSEG
00000400                TSK_STACKSIZE
00000000                TSK_SWITCHFXN
00000100                TSK_SYSTACKSIZE
00601b40                TSK_VCREATEFXN
00601b40                TSK_VDELETEFXN
00601b40                TSK_VEXITFXN
            00006b56    TSK_idle
            00005500    TSK_idle$stack
            000058df    TSK_idle$stkptr
            00005900    TSK_idle$sysstack
            000059df    TSK_idle$sysstkptr
            00006b6e    TSK_idle$tskobj
00000001                UDEV$
            00006b94    UDEV_dsplink$device
            00006b8e    UDEV_dsplink$obj
ffffffff                VECT
0060264a                _ATM_andi
0060264a                _ATM_andu
00602662                _ATM_cleari
00602662                _ATM_clearu
00602676                _ATM_deci
00602676                _ATM_decu
0060268d                _ATM_inci
0060268d                _ATM_incu
006026a4                _ATM_ori
006026a4                _ATM_oru
006026bc                _ATM_seti
006026bc                _ATM_setu
0001464e                _BIOS_init
000146dc                _BIOS_start
            0000657f    _BUF_ATTRS
00601824                _BUF_alloc
00600ee4                _BUF_create
006019c0                _BUF_delete
00601a24                _BUF_free
00012bd3                _BinarySemPend
00602845                _C55_disableIMR0
00602865                _C55_disableIMR1
00602885                _C55_enableIMR0
0060289b                _C55_enableIMR1
00602754                _C55_plug
0000bb80                _CLK_COUNTSPMS
            00006568    _CLK_DFLTMICROSECS
            000069fe    _CLK_D_countspms
            000069f8    _CLK_D_dirty
            00006566    _CLK_D_microseconds
            000069fa    _CLK_D_prd
            000069fc    _CLK_D_tddr
0000bb7f                _CLK_PRD
00002800                _CLK_REGS
00000020                _CLK_TCR
00000000                _CLK_TDDR
00000000                _CLK_TIMERNUM
00000001                _CLK_USETIMER
00602bff                _CLK_countspms
00602bc1                _CLK_gethtime
0060272e                _CLK_getltime
00602bf6                _CLK_getprd
00602737                _CLK_itime
00602b03                _CLK_start
000109d9                _CSL_cfgInit
00012b5c                _CleanupMessaging
            0000656b    _DARAM
            00000100    _DARAM_base
0000a800                _DARAM_length
            00006578    _DEV_D_devinit
            00006574    _DEV_devinit
00601230                _DEV_init
006013ec                _DEV_match
00010a74                _DIO_ctrl
00010ab0                _DIO_init
00010200                _DIO_tskCallback
            000065d4    _DIO_tskDynamicFxns
00010268                _DIO_tskIdle
000102fc                _DIO_tskIssue
00010378                _DIO_tskReady
000103bc                _DIO_tskReclaim
            00006224    _DSPLINK_DEV_PARAMS
            00006218    _DSPLINK_FXNS
000133bc                _DSPLINK_init
000103e9                _EMIF_init
ffffffff                _EXTMEM
00011c33                _EchoMsg
            00006609    _FAIL_Code
            00006607    _FAIL_File
            00006608    _FAIL_Line
            00006606    _FAIL_Set
00601b40                _FXN_F_nop
            000065ea    _GIO
            0000660a    _GIO_ATTRS
            000065e2    _GIO_CONFIG
00010568                _GIO_create
000107e4                _GIO_delete
00010b14                _GIO_init
000106c8                _GIO_submit
00012b89                _GetDsplinkMsgqName
0001367e                _HAL_init
00601b24                _HOOK_setenv
            00000100    _HST_A_TABBEG
            00000100    _HST_A_TABEND
00000000                _HST_A_TABLEN
            00006602    _HWI_ATTRS
00000100                _HWI_A_VECS
00000018                _HWI_BERR
00000019                _HWI_DLOG
            00006a70    _HWI_D_spsave
            00006a72    _HWI_D_sspsave
00601f34                _HWI_F_dispatch
0000000a                _HWI_INT10
0000000b                _HWI_INT11
0000000c                _HWI_INT12
0000000d                _HWI_INT13
0000000e                _HWI_INT14
0000000f                _HWI_INT15
00000010                _HWI_INT16
00000011                _HWI_INT17
00000012                _HWI_INT18
00000013                _HWI_INT19
00000002                _HWI_INT2
00000014                _HWI_INT20
00000015                _HWI_INT21
00000016                _HWI_INT22
00000017                _HWI_INT23
00000003                _HWI_INT3
00000004                _HWI_INT4
00000005                _HWI_INT5
00000006                _HWI_INT6
00000007                _HWI_INT7
00000008                _HWI_INT8
00000009                _HWI_INT9
00000001                _HWI_NMI
00000000                _HWI_RESET
0000001a                _HWI_RTOS
0000001b                _HWI_SINT27
0000001c                _HWI_SINT28
0000001d                _HWI_SINT29
0000001e                _HWI_SINT30
0000001f                _HWI_SINT31
            00006218    _HWI_STKBOTTOM
            00005e18    _HWI_STKTOP
            00006838    _HWI_SYSSTKBOTTOM
            00006738    _HWI_SYSSTKTOP
00000017                _HWI_TINT
00602b65                _HWI_disable
0060146c                _HWI_dispatchPlug
            00006938    _HWI_dispatchTab
00602b77                _HWI_enable
00602b7b                _HWI_restore
00602bea                _IDL_F_loop
000132a7                _INT_disableGPPInt
000132b5                _INT_enableGPPInt
00013361                _INT_init
000132e0                _INT_isrStub
0001336b                _INT_registerGPPISR
000132c1                _INT_sendInt
00010b10                _IOM_mdNotImpl
            000063e8    _KNL_alarm
006028b1                _KNL_check
            00006410    _KNL_curqueue
            00006408    _KNL_curtask
            0000640c    _KNL_curtime
            000063f0    _KNL_dummy
0060198c                _KNL_enter
006019a0                _KNL_exit
006028ed                _KNL_idle
            0000641c    _KNL_idlefxn
            000063ec    _KNL_inactive
0060179c                _KNL_ipost
00602907                _KNL_max
            00006412    _KNL_maxqueue
00601954                _KNL_post
            0000640a    _KNL_prevtask
            000063ee    _KNL_priority
            00006396    _KNL_queues
00601638                _KNL_ready
00600bb0                _KNL_run
00602462                _KNL_saveIsrFrame
            00006395    _KNL_set
            000063ea    _KNL_setpri
0060297e                _KNL_start
            00006ba0    _KNL_swi
            0000640e    _KNL_swiptr
006023a5                _KNL_switch
            00006416    _KNL_tcreatefxn
            00006418    _KNL_tdeletefxn
00600ed4                _KNL_tick
            0000641a    _KNL_treadyfxn
            00006414    _KNL_tswitchfxn
            00006394    _KNL_wFlag
            000063e6    _KNL_wList
006016bc                _LCK_pend
0060169c                _LCK_post
            00006bb4    _LOG_A_TABBEG
            00006bc8    _LOG_A_TABEND
00000002                _LOG_A_TABLEN
            00006a12    _LOG_D_system
006029dc                _LOG_event
0060291c                _LOG_printf
            00006bb4    _LOG_system
            0000660e    _MEM
            00006a74    _MEM_D_NUMSEGMENTS
            00006a78    _MEM_D_freelist
            00006a7a    _MEM_D_lockaddr
            00006a76    _MEM_D_memtab
            00006a7c    _MEM_D_unlockaddr
0060096c                _MEM_alloc
00600578                _MEM_free
00600a90                _MEM_init
            00006560    _MEM_memtab
006019f4                _MEM_valloc
            00006598    _MQABUF_FXNS
00010565                _MQABUF_exit
000107e2                _MQABUF_init
            00005dd6    _MQTBIOSQUE_FXNS
00010b1c                _MQTBIOSQUE_exit
00010b18                _MQTBIOSQUE_init
            00006580    _MQTDSPLINK_FXNS
00010916                _MQTDSPLINK_exit
00010a71                _MQTDSPLINK_init
            000064ec    _MSGQ
            00005dea    _MSGQ_ATTRS
            00005df0    _MSGQ_LOCATEATTRS
006015d0                _MSGQ_alloc
006003f0                _MSGQ_create
00601a54                _MSGQ_delete
00600cc8                _MSGQ_exit
0060191c                _MSGQ_free
00600258                _MSGQ_init
00600834                _MSGQ_locate
0001088c                _MSGQ_locateLocal
00010afc                _MSGQ_notImplPtr
00010af8                _MSGQ_notImplStatus
00601560                _MSGQ_put
006018a4                _MSGQ_release
006014ec                _MSGQ_sendErrorMsg
006016f8                _OBJ_create
00601750                _OBJ_delete
00601b3c                _OBJ_init
            00006538    _OBJ_segtab
            0000651c    _OBJ_table
ffffffff                _PDROM
            00000100    _PIP_A_TABBEG
            00000100    _PIP_A_TABEND
00000000                _PIP_A_TABLEN
            00006a27    _PRD_D_tick
            00006bd0    _PRD_clock
00602ac4                _QUE_get
00602ae3                _QUE_put
ffffffff                _RESET_VECTOR
            00006610    _RTDX_Buffer
            00006736    _RTDX_Buffer_End
000142e7                _RTDX_Buffer_Initialize
000145be                _RTDX_Buffer_Read
            00006734    _RTDX_Buffer_Start
000144e0                _RTDX_Buffer_Write
00013fc1                _RTDX_Final_RT_Monitor
000141f1                _RTDX_H2TPoll
00013ffb                _RTDX_Init_RT_Monitor
000142da                _RTDX_IsFlowEnabled
00000003                _RTDX_JTAGONLY
00000001                _RTDX_LMM
00014605                _RTDX_Mask_IER
00014255                _RTDX_Mon_Queue
0001410a                _RTDX_Poll
0001462f                _RTDX_Set_IER
00000000                _RTDX_interrupt_mask
            0000672a    _RTDX_writing
ffffffff                _SARAM
            00006597    _SEM_ATTRS
00601868                _SEM_create
00601b14                _SEM_delete
00602a79                _SEM_pend
006006e4                _SEM_pendEnterKnl
00602a2d                _SEM_post
00601ac0                _SEM_postEnterKnl
ffffffff                _SHMMEM
            00005df8    _SHM_BASE
            00005dfc    _SHM_CONTROL_LEN
            00005dfa    _SHM_LEN
00013512                _SHM_getMaxBufferSize
00012cde                _SHM_handshake
00012bf3                _SHM_init
00012d09                _SHM_registerGPPISR
            00006bc8    _STS_A_TABBEG
            00006bc8    _STS_A_TABEND
00000000                _STS_A_TABLEN
00602b3f                _STS_add
00602b35                _STS_delta
00602b57                _STS_reset
            00006a28    _SWI_D_curfxn
            00006a2a    _SWI_D_curmask
            00006a30    _SWI_D_lock
            00006a32    _SWI_D_rdybeg
00601b42                _SWI_enable
00601b75                _SWI_post
            00006a7e    _SYS
            00006838    _SYS_PUTCBEG
            00006937    _SYS_PUTCEND
00601adc                _SYS_abort
00601af8                _SYS_error
006017e0                _SYS_exit
            000065ae    _SYS_exitStack
            000065be    _SYS_exitStackPtr
            000065c0    _SYS_exitStackTop
00013549                _SetReason
00012ab5                _SetupMessaging
            0000a3f1    _TRC_R_mask
            0000650c    _TSK
            000064f0    _TSK_ATTRS
            000064fe    _TSK_config
00600000                _TSK_create
00600fd8                _TSK_exit
            00006b56    _TSK_idle
00601368                _TSK_init
            000064ee    _TSK_nTasks
            000064ef    _TSK_pid
00601174                _TSK_setup
006012f4                _TSK_startup
            0000650e    _TSK_timerSem
00601a7c                _UTL_doAbort
00601aa0                _UTL_doError
006018e0                _UTL_doPutc
00601b30                _UTL_halt
ffffffff                _VECT
00602bd8                __CLK_hwienter
            0000657c    __DEV_D_NUMINITFXNS
            0000657a    __DEV_NUMINITFXNS
000109dc                __GIO_iomCallback
            0000657e    __HOOK_NUMHOOKS
            0000656a    __HOOK_knlId
00010b04                __MQTBIOSQUE_close
00010a28                __MQTBIOSQUE_create
0001097c                __MQTBIOSQUE_delete
00010918                __MQTBIOSQUE_get
00010ae8                __MQTBIOSQUE_open
00010ab4                __MQTBIOSQUE_put
            000065fe    __MSGQ_state
006010b4                __SEM_dopost
00000800                __STACK_SIZE
00000200                __SYSSTACK_SIZE
            000065c2    __TSK_mutex
ffffffff                ___binit__
            00006218    ___bss__
            00006b00    ___c_args__
            00009b4a    ___cinit__
            00000100    ___data__
            00000100    ___edata__
            00006610    ___end__
00013694                ___etext__
            0000a3ea    ___pinit__
00010200                ___text__
            000064ac    __cleanup_ptr
            00005b76    __ctypes_
0001349b                __divi
0001357b                __divu
00013207                __divul
            000064ae    __dtors_ptr
            000065fa    __lock
00013626                __mpyli
00013639                __nop
0001363b                __register_lock
00013643                __register_unlock
000134ba                __remi
00013590                __remu
            00005e18    __stack
            00006738    __sysstack
            000065fc    __unlock
0001368c                _abort
00013051                _atexit
00013305                _atoi
006027d4                _auto_init
0001471c                _c_int00
            00005e14    _defaultChanParams
00012ff1                _exit
            00006542    _inputBuffer
00011f48                _main
0001364b                _memcpy
00013611                _memset
            00006540    _outputBuffer
            00006724    _rtdx_buffer_state
            00006712    _rtdx_mon_state
            00006544    _shmFieldMap
000135ce                _strcat
0001366e                _strcmp
000135f7                _strcpy
0001365d                _strlen
000135a5                _strncmp
            00006bbe    _trace
ffffffff                binit
            00009b4a    cinit
            00000100    edata
            00006610    end
00013694                etext
            0000a3d1    gblinit
00000100                hwi0
00000108                hwi1
00000150                hwi10
00000158                hwi11
00000160                hwi12
00000168                hwi13
00000170                hwi14
00000178                hwi15
00000180                hwi16
00000188                hwi17
00000190                hwi18
00000198                hwi19
00000110                hwi2
000001a0                hwi20
000001a8                hwi21
000001b0                hwi22
000001b8                hwi23
000001c0                hwi24
000001c8                hwi25
000001d0                hwi26
000001d8                hwi27
000001e0                hwi28
000001e8                hwi29
00000118                hwi3
000001f0                hwi30
000001f8                hwi31
00000120                hwi4
00000128                hwi5
00000130                hwi6
00000138                hwi7
00000140                hwi8
00000148                hwi9
00601e98                logPost
            0000a3ea    pinit
00601eea                stsPost
            00006bbe    trace
            00006aa0    trace$buf
00000020                trace$size


GLOBAL SYMBOLS: SORTED BY Symbol Address 

abs. value/
byte addr   word addr   name
---------   ---------   ----
00000000                _CLK_TIMERNUM
00000000                GBL_MODIFYCLKMD
00000000                _CLK_TDDR
00000000                IDL$
00000000                GBL_NULL
00000000                GBL_ROM
00000000                HWI_ZEROTAB
00000000                HWI_RESET
00000000                DPI$
00000000                GBL_CALLCSLCFGINIT
00000000                DIO_STATIC
00000000                TSK_SWITCHFXN
00000000                IDL_CALIBRFXN
00000000                GBL_ENABLEINST
00000000                GBL_ENABLEICACHE
00000000                IDL_USECLKIDLTIME
00000000                BUF$
00000000                CLK_COUNTSPMSHIGH
00000000                HOOK_KNLID
00000000                HOOK$
00000000                _PIP_A_TABLEN
00000000                GIO$
00000000                _STS_A_TABLEN
00000000                _RTDX_interrupt_mask
00000000                GBL_USERINIT
00000000                HST_NONE
00000000                _HST_A_TABLEN
00000000                GBL_SUPPORTCSL
00000000                HST_A_TABLEN
00000000                HST$
00000000                HST_MAXFRAMESET
00000000                HST_DSM
00000000                DGN$
00000000                DHL$
00000000                STS$
00000000                STS_A_TABLEN
00000000                PRD_A_TABLEN
00000000                DHL_gChannelsAvailable
00000000                SWI_EHOOKFXN
00000000                SWI_IHOOKFXN
00000000                DEV$
00000000                RTDX_USERTEXECUTION
00000000                CLK_TDDR
00000000                CLK_TIMERNUM
00000000                SEM$
00000000                SIO$
00000000                BIOSDATA_O_CLK_D_DIRTY
00000000                PRD_SWIHANDLE
00000000                PIP_gNumEmbed
00000000                _HWI_RESET
00000000                TSK_NUM_HOOKS
00000000                MEM_NULL
00000000                MBX$
00000000                DIO_NUMTSKBASE
00000000                TSK_READYFXN
00000000                DIO_NUMSWIBASE
00000000                OBJ$
00000000                PIP$
00000000                PIP_A_TABLEN
00000000                PIP_gNextId
00000000                CLK_IMR0TINTMASK
00000001                CLK_USETIMER
00000001                GBL_boot
00000001                GBL_LARGEMODEL
00000001                _HWI_NMI
00000001                GBL$
00000001                DIO$
00000001                TSK$
00000001                MEM_gNumHeap
00000001                SYS$
00000001                MEM$
00000001                LOG$
00000001                LOG_ENABLED
00000001                TSK_PRIORITY
00000001                RTDX_USERTDX
00000001                RTDX$
00000001                $TI_capability_requires_rev2
00000001                QUE$
00000001                PRD$
00000001                SWI_A_TABLEN
00000001                SWI$
00000001                LCK$
00000001                HST_RTDX
00000001                HWI$
00000001                HWI_NMI
00000001                _RTDX_LMM
00000001                CLK$
00000001                BUF_ENABLED
00000001                _CLK_USETIMER
00000001                ISRC$
00000001                UDEV$
00000001                IDL_A_TABLEN
00000001                IDL_A_CALLEN
00000002                LOG_A_TABLEN
00000002                GBL_CACHETYPE
00000002                _HWI_INT2
00000002                HWI_INT2
00000002                BIOSDATA_O_CLK_D_PRD
00000002                _LOG_A_TABLEN
00000003                HWI_INT3
00000003                _RTDX_JTAGONLY
00000003                _HWI_INT3
00000004                BIOSDATA_O_CLK_D_TDDR
00000004                _HWI_INT4
00000004                HWI_INT4
00000004                CLK_A_TABLEN
00000005                HWI_INT5
00000005                _HWI_INT5
00000006                HWI_INT6
00000006                BIOSDATA_O_CLK_D_COUNTSPMS
00000006                _HWI_INT6
00000007                CLK_INTBIT
00000007                _HWI_INT7
00000007                HWI_INT7
00000008                HWI_INT8
00000008                BIOSDATA_O_CLK_D_IDLETIME
00000008                _HWI_INT8
00000009                HWI_INT9
00000009                _HWI_INT9
0000000a                BIOSDATA_O_CLK_D_ISRHOOK
0000000a                _HWI_INT10
0000000a                HWI_INT10
0000000b                _HWI_INT11
0000000b                HWI_INT11
0000000c                _HWI_INT12
0000000c                BIOSDATA_O_CLK_D_TABBEG
0000000c                HWI_INT12
0000000d                _HWI_INT13
0000000d                HWI_INT13
0000000e                BIOSDATA_O_CLK_D_TIMEFXN
0000000e                HWI_INT14
0000000e                _HWI_INT14
0000000f                GBL_PLLM
0000000f                HWI_INT15
0000000f                _HWI_INT15
00000010                _HWI_INT16
00000010                BIOSDATA_O_CLK_R_TIMH
00000010                HWI_INT16
00000011                _HWI_INT17
00000011                HWI_INT17
00000011                BIOSDATA_O_CLK_R_TIML
00000012                _HWI_INT18
00000012                HWI_INT18
00000012                BIOSDATA_O_HST_D_CHANMASK
00000013                _HWI_INT19
00000013                HWI_INT19
00000014                BIOSDATA_O_IDL_D_CALBEG
00000014                _HWI_INT20
00000014                HWI_INT20
00000015                HWI_INT21
00000015                _HWI_INT21
00000016                _HWI_INT22
00000016                HWI_INT22
00000016                BIOSDATA_O_IDL_D_CALIBRATE
00000017                HWI_TINT
00000017                _HWI_TINT
00000017                HWI_INT23
00000017                _HWI_INT23
00000018                _HWI_BERR
00000018                HWI_BERR
00000018                BIOSDATA_O_IDL_D_TABBEG
00000019                _HWI_DLOG
00000019                HWI_DLOG
0000001a                HWI_RTOS
0000001a                _HWI_RTOS
0000001a                BIOSDATA_O_LOG_D_SYSTEM
0000001b                HWI_SINT27
0000001b                _HWI_SINT27
0000001c                BIOSDATA_O_PIP_D_TABBEG
0000001c                HWI_SINT28
0000001c                _HWI_SINT28
0000001d                _HWI_SINT29
0000001d                HWI_SINT29
0000001e                BIOSDATA_O_PIP_D_TABLEN
0000001e                HWI_SINT30
0000001e                _HWI_SINT30
0000001f                HWI_SINT31
0000001f                _HWI_SINT31
00000020                CLK_TCR
00000020                trace$size
00000020                BIOSDATA_O_PRD_D_CUR
00000020                _CLK_TCR
00000022                BIOSDATA_O_PRD_D_ELAPSED
00000023                BIOSDATA_O_PRD_D_PREVTIM
00000024                BIOSDATA_O_PRD_D_SCALAR
00000026                BIOSDATA_O_PRD_D_SWIHANDLE
00000028                BIOSDATA_O_PRD_D_TABBEG
0000002a                BIOSDATA_O_PRD_D_TABLEN
0000002c                BIOSDATA_O_PRD_D_THOOK
0000002e                BIOSDATA_O_PRD_D_TICKH
0000002f                BIOSDATA_O_PRD_D_TICKL
00000030                BIOSDATA_O_SWI_D_CURFXN
00000032                BIOSDATA_O_SWI_D_CURMASK
00000033                BIOSDATA_O_SWI_D_CURMBOX
00000034                BIOSDATA_O_SWI_D_CURSET
00000036                BIOSDATA_O_SWI_D_EXECADDR
00000038                BIOSDATA_O_SWI_D_LOCK
0000003a                BIOSDATA_O_SWI_D_RDYBEG
0000003c                BIOSDATA_O_SWI_D_RDYTAB
00000040                LOG_system$size
00000042                GBL_FOOTPRINT
00000045                CLK_TIMERIMR
00000046                CLK_TIMERIFR
00000078                BIOSDATA_O_HWI_D_SPSAVE
0000007a                BIOSDATA_O_HWI_D_SSPSAVE
0000007c                BIOSDATA_O_MEM_D_NUMSEGMENTS
0000007e                BIOSDATA_O_MEM_D_MEMTAB
00000080                CLK_IMR1TINTMASK
00000080                CLK_TIMERIMRMASK
00000080                BIOSDATA_O_MEM_D_FREELIST
00000082                BIOSDATA_O_MEM_D_LOCKADDR
00000084                BIOSDATA_O_MEM_D_UNLOCKADDR
00000086                BIOSDATA_O_SYS
00000088                BIOSDATA_O_HST_D_TABBEGADDR
0000008a                BIOSDATA_O_HST_D_TABENDADDR
0000008c                BIOSDATA_O_HWI_D_STKBOTADDR
0000008e                BIOSDATA_O_HWI_D_STKTOPADDR
00000090                BIOSDATA_O_HWI_D_SYSTKBOTADDR
00000092                BIOSDATA_O_HWI_D_SYSTKTOPADDR
00000094                BIOSDATA_O_TSK_D_IDLSTKADDR
00000096                BIOSDATA_O_TSK_D_IDLSYSTKADDR
00000098                BIOSDATA_O_RTDX_D_BUFREAD
0000009a                BIOSDATA_O_RTDX_D_BUFWRITE
0000009c                BIOSDATA_O_SWI_D_RUNADDR
00000100                HST_MAXFRAMEALLOWED
00000100                TSK_SYSTACKSIZE
00000100                HWI_A_VECS
00000100                hwi0
00000100                _HWI_A_VECS
00000102                RTDX_BUFMEMSIZE
00000108                hwi1
00000110                hwi2
00000118                hwi3
00000120                hwi4
00000128                hwi5
00000130                hwi6
00000138                hwi7
00000140                hwi8
00000148                hwi9
00000150                hwi10
00000158                hwi11
00000160                hwi12
00000168                hwi13
00000170                hwi14
00000178                hwi15
00000180                hwi16
00000188                hwi17
00000190                hwi18
00000198                hwi19
000001a0                hwi20
000001a8                hwi21
000001b0                hwi22
000001b8                hwi23
000001c0                hwi24
000001c8                hwi25
000001d0                hwi26
000001d8                hwi27
000001e0                hwi28
000001e8                hwi29
000001f0                hwi30
000001f8                hwi31
            00000100    ___edata__
00000200                __SYSSTACK_SIZE
            00000100    PRD_A_TABBEG
            00000100    PRD_A_TABEND
            00000100    HST_A_TABBEG
            00000100    _HST_A_TABBEG
            00000100    _DARAM_base
            00000100    HST_A_TABEND
            00000100    _HST_A_TABEND
            00000100    _PIP_A_TABEND
            00000100    PIP_A_TABEND
            00000100    PIP_A_TABBEG
            00000100    DARAM$B
            00000100    ___data__
            00000100    _PIP_A_TABBEG
            00000100    .data
            00000100    edata
00000400                TSK_STACKSIZE
00000400                HST_DSMMEMSIZE
00000490                GBL_A_VERSION
000005e6                GBL_DSPSUBTYPE
00000800                __STACK_SIZE
00000b50                GBL_CLKMD
00002800                CLK_REGS
00002800                _CLK_REGS
00004000                TRC_GBLTARG
00004000                PRD_SCALAR
00004000                GBL_TRCMASKVALUE
00008000                GBL_PLLDIV0
0000a800                DARAM$L
0000a800                _DARAM_length
            00005500    TSK_idle$stack
            000058df    TSK_idle$stkptr
            00005900    TSK_idle$sysstack
            000059df    TSK_idle$sysstkptr
            00005b76    __ctypes_
0000bb7f                CLK_PRD
0000bb7f                _CLK_PRD
0000bb80                CLK_COUNTSPMS
0000bb80                _CLK_COUNTSPMS
            00005dd6    _MQTBIOSQUE_FXNS
            00005dea    _MSGQ_ATTRS
            00005df0    _MSGQ_LOCATEATTRS
            00005df8    _SHM_BASE
            00005dfa    _SHM_LEN
            00005dfc    _SHM_CONTROL_LEN
            00005e14    _defaultChanParams
            00005e18    GBL_stackbeg
            00005e18    _HWI_STKTOP
            00005e18    __stack
            00006217    GBL_stackend
            00006218    .bss
            00006218    _HWI_STKBOTTOM
            00006218    ___bss__
            00006218    _DSPLINK_FXNS
            00006224    _DSPLINK_DEV_PARAMS
            00006394    _KNL_wFlag
            00006395    _KNL_set
            00006396    _KNL_queues
            000063e6    _KNL_wList
            000063e8    _KNL_alarm
            000063ea    _KNL_setpri
            000063ec    _KNL_inactive
            000063ee    _KNL_priority
            000063f0    _KNL_dummy
            00006408    _KNL_curtask
            0000640a    _KNL_prevtask
            0000640c    _KNL_curtime
            0000640e    _KNL_swiptr
            00006410    _KNL_curqueue
            00006412    _KNL_maxqueue
            00006414    _KNL_tswitchfxn
            00006416    _KNL_tcreatefxn
            00006418    _KNL_tdeletefxn
            0000641a    _KNL_treadyfxn
            0000641c    _KNL_idlefxn
            000064ac    __cleanup_ptr
            000064ae    __dtors_ptr
            000064ec    _MSGQ
            000064ee    _TSK_nTasks
            000064ef    _TSK_pid
            000064f0    _TSK_ATTRS
            000064fe    _TSK_config
            0000650c    _TSK
            0000650e    _TSK_timerSem
            0000651c    _OBJ_table
            00006538    _OBJ_segtab
            00006540    _outputBuffer
            00006542    _inputBuffer
            00006544    _shmFieldMap
            00006560    _MEM_memtab
            00006566    _CLK_D_microseconds
            00006568    _CLK_DFLTMICROSECS
            0000656a    __HOOK_knlId
            0000656b    HST_DSMBUFSEG
            0000656b    _DARAM
            0000656b    DARAM
            0000656b    RTDX_DATAMEMSEG
            0000656b    MEM_MALLOCSEG
            0000656b    TSK_STACKSEG
            0000656b    MEM_SEGZERO
            0000656c    RTA_fromHost$buf
            00006574    _DEV_devinit
            00006578    _DEV_D_devinit
            0000657a    __DEV_NUMINITFXNS
            0000657c    __DEV_D_NUMINITFXNS
            0000657e    __HOOK_NUMHOOKS
            0000657f    _BUF_ATTRS
            00006580    _MQTDSPLINK_FXNS
            00006597    _SEM_ATTRS
            00006598    _MQABUF_FXNS
            000065ae    _SYS_exitStack
            000065be    _SYS_exitStackPtr
            000065c0    _SYS_exitStackTop
            000065c2    __TSK_mutex
            000065d4    _DIO_tskDynamicFxns
            000065e2    _GIO_CONFIG
            000065ea    _GIO
            000065fa    __lock
            000065fc    __unlock
            000065fe    __MSGQ_state
            00006602    _HWI_ATTRS
            00006606    _FAIL_Set
            00006607    _FAIL_File
            00006608    _FAIL_Line
            00006609    _FAIL_Code
            0000660a    _GIO_ATTRS
            0000660e    _MEM
            00006610    ___end__
            00006610    _RTDX_Buffer
            00006610    end
            00006712    _rtdx_mon_state
            00006724    _rtdx_buffer_state
            0000672a    _RTDX_writing
            00006734    _RTDX_Buffer_Start
            00006736    _RTDX_Buffer_End
            00006738    _HWI_SYSSTKTOP
            00006738    __sysstack
            00006738    GBL_sysstackbeg
            00006837    GBL_sysstackend
            00006838    _SYS_PUTCBEG
            00006838    _HWI_SYSSTKBOTTOM
            00006937    _SYS_PUTCEND
            00006938    _HWI_dispatchTab
            000069f8    C55_BIOSDATAOBJ
            000069f8    _CLK_D_dirty
            000069fa    _CLK_D_prd
            000069fc    _CLK_D_tddr
            000069fe    _CLK_D_countspms
            00006a00    CLK_D_idletime
            00006a02    CLK_D_isrhook
            00006a04    CLK_D_tabbeg
            00006a06    CLK_D_timefxn
            00006a08    CLK_R_timh
            00006a09    CLK_R_timl
            00006a0a    HST_D_chanmask
            00006a0c    IDL_D_calbeg
            00006a0e    IDL_D_calibrate
            00006a10    IDL_D_tabbeg
            00006a12    _LOG_D_system
            00006a12    LOG_D_system
            00006a14    PIP_D_tabbeg
            00006a16    PIP_D_tablen
            00006a18    PRD_D_cur
            00006a1a    PRD_D_elapsed
            00006a1b    PRD_D_prevtim
            00006a1c    PRD_D_scalar
            00006a1e    PRD_D_swihandle
            00006a20    PRD_D_tabbeg
            00006a22    PRD_D_tablen
            00006a24    PRD_D_thook
            00006a26    PRD_D_tickh
            00006a27    _PRD_D_tick
            00006a27    PRD_D_tickl
            00006a28    _SWI_D_curfxn
            00006a28    SWI_D_curfxn
            00006a2a    SWI_D_curmask
            00006a2a    _SWI_D_curmask
            00006a2b    SWI_D_curmbox
            00006a2c    SWI_D_curset
            00006a2e    SWI_D_execaddr
            00006a30    _SWI_D_lock
            00006a30    SWI_D_lock
            00006a32    _SWI_D_rdybeg
            00006a32    SWI_D_rdybeg
            00006a34    SWI_D_rdytab
            00006a70    HWI_D_spsave
            00006a70    _HWI_D_spsave
            00006a72    _HWI_D_sspsave
            00006a72    HWI_D_sspsave
            00006a74    _MEM_D_NUMSEGMENTS
            00006a76    _MEM_D_memtab
            00006a78    _MEM_D_freelist
            00006a7a    _MEM_D_lockaddr
            00006a7c    _MEM_D_unlockaddr
            00006a7e    _SYS
            00006a80    HST_D_tabbegaddr
            00006a82    HST_D_tabendaddr
            00006a84    HWI_D_stkbotaddr
            00006a86    HWI_D_stktopaddr
            00006a88    HWI_D_systkbotaddr
            00006a8a    HWI_D_systktopaddr
            00006a8c    TSK_D_idlstkaddr
            00006a8e    TSK_D_idlsystkaddr
            00006a90    RTDX_D_BufRead
            00006a92    RTDX_D_BufWrite
            00006a94    SWI_D_runaddr
            00006a96    SYS$config
            00006aa0    trace$buf
            00006ac0    LOG_system$buf
            00006b00    ___c_args__
            00006b56    TSK_idle
            00006b56    _TSK_idle
            00006b6e    TSK_idle$tskobj
            00006b7c    DIO_dio_dsplink$obj
            00006b82    DIO_dio_dsplink$device
            00006b8e    UDEV_dsplink$obj
            00006b94    UDEV_dsplink$device
            00006ba0    _KNL_swi
            00006ba0    KNL_swi
            00006ba0    SWI_A_TABBEG
            00006bb4    LOG_system
            00006bb4    LOG_A_TABBEG
            00006bb4    SWI_A_TABEND
            00006bb4    _LOG_A_TABBEG
            00006bb4    _LOG_system
            00006bbe    trace
            00006bbe    _trace
            00006bc8    LOG_A_TABEND
            00006bc8    STS_A_TABEND
            00006bc8    KNL_swi$sts$stsobj
            00006bc8    _LOG_A_TABEND
            00006bc8    STS_A_TABBEG
            00006bc8    _STS_A_TABEND
            00006bc8    _STS_A_TABBEG
            00006bca    KNL_swi$sts
            00006bd0    CLK_A_TABBEG
            00006bd0    _PRD_clock
            00006bd0    PRD_clock
            00006bd2    CLK_NULL
            00006bd4    CLK_A_TABEND
            00006bd4    IDL_A_TABBEG
            00006bd4    IDL_END
            00006bd6    IDL_A_CALBEG
            00006bd6    IDL_A_TABEND
            00006bd6    IDL_END$
            00006bd8    IDL_A_CALEND
00010200                _DIO_tskCallback
00010200                ___text__
00010200                .text
00010268                _DIO_tskIdle
000102fc                _DIO_tskIssue
00010378                _DIO_tskReady
000103bc                _DIO_tskReclaim
000103e9                _EMIF_init
00010565                _MQABUF_exit
00010568                _GIO_create
000106c8                _GIO_submit
000107e2                _MQABUF_init
000107e4                _GIO_delete
0001088c                _MSGQ_locateLocal
00010916                _MQTDSPLINK_exit
00010918                __MQTBIOSQUE_get
0001097c                __MQTBIOSQUE_delete
000109d9                _CSL_cfgInit
000109dc                __GIO_iomCallback
00010a28                __MQTBIOSQUE_create
00010a71                _MQTDSPLINK_init
00010a74                _DIO_ctrl
00010ab0                _DIO_init
00010ab4                __MQTBIOSQUE_put
00010ae8                __MQTBIOSQUE_open
00010af8                _MSGQ_notImplStatus
00010afc                _MSGQ_notImplPtr
00010b04                __MQTBIOSQUE_close
00010b10                _IOM_mdNotImpl
00010b14                _GIO_init
00010b18                _MQTBIOSQUE_init
00010b1c                _MQTBIOSQUE_exit
00011c33                _EchoMsg
00011f48                _main
00012ab5                _SetupMessaging
00012b5c                _CleanupMessaging
00012b89                _GetDsplinkMsgqName
00012bd3                _BinarySemPend
00012bf3                _SHM_init
00012cde                _SHM_handshake
00012d09                _SHM_registerGPPISR
00012ff1                _exit
00013051                _atexit
00013207                __divul
000132a7                _INT_disableGPPInt
000132b5                _INT_enableGPPInt
000132c1                _INT_sendInt
000132e0                _INT_isrStub
00013305                _atoi
00013361                _INT_init
0001336b                _INT_registerGPPISR
000133bc                _DSPLINK_init
0001349b                __divi
0001349b                I$$DIV
000134ba                I$$MOD
000134ba                __remi
00013512                _SHM_getMaxBufferSize
00013549                _SetReason
0001357b                I$$UDIV
0001357b                __divu
00013590                __remu
00013590                I$$UMOD
000135a5                _strncmp
000135ce                _strcat
000135f7                _strcpy
00013611                _memset
00013626                __mpyli
00013626                I$$LMPY
00013639                __nop
0001363b                __register_lock
00013643                __register_unlock
0001364b                _memcpy
0001365d                _strlen
0001366e                _strcmp
0001367e                _HAL_init
0001368c                _abort
0001368d                C$$EXIT
00013694                ___etext__
00013694                etext
            00009b4a    cinit
            00009b4a    ___cinit__
00013fc1                _RTDX_Final_RT_Monitor
00013ffb                _RTDX_Init_RT_Monitor
0001410a                _RTDX_Poll
000141f1                _RTDX_H2TPoll
00014255                _RTDX_Mon_Queue
000142da                _RTDX_IsFlowEnabled
000142e7                _RTDX_Buffer_Initialize
000144e0                _RTDX_Buffer_Write
000145be                _RTDX_Buffer_Read
00014605                _RTDX_Mask_IER
0001462f                _RTDX_Set_IER
0001464e                _BIOS_init
0001464e                BIOS_init
000146dc                BIOS_start
000146dc                _BIOS_start
0001471c                _c_int00
            0000a3d1    gblinit
            0000a3ea    pinit
            0000a3ea    ___pinit__
            0000a3f0    TRC_cinit
            0000a3f1    TRC_R_mask
            0000a3f1    _TRC_R_mask
            0000a3f2    GBL_initdone
0054d6c0                CLK_MICROSECONDS
00600000                _TSK_create
00600258                _MSGQ_init
006003f0                _MSGQ_create
00600578                _MEM_free
006006e4                _SEM_pendEnterKnl
00600834                _MSGQ_locate
0060096c                _MEM_alloc
00600a90                _MEM_init
00600bb0                _KNL_run
00600cc8                _MSGQ_exit
00600ed4                _KNL_tick
00600ee4                _BUF_create
00600fd8                _TSK_exit
006010b4                __SEM_dopost
00601174                _TSK_setup
00601230                _DEV_init
006012f4                _TSK_startup
00601368                _TSK_init
006013ec                _DEV_match
0060146c                _HWI_dispatchPlug
006014ec                _MSGQ_sendErrorMsg
00601560                _MSGQ_put
006015d0                _MSGQ_alloc
00601638                _KNL_ready
0060169c                _LCK_post
006016bc                _LCK_pend
006016f8                _OBJ_create
00601750                _OBJ_delete
0060179c                _KNL_ipost
006017e0                _SYS_exit
00601824                _BUF_alloc
00601868                _SEM_create
006018a4                _MSGQ_release
006018e0                SYS_PUTCFXN
006018e0                _UTL_doPutc
0060191c                _MSGQ_free
00601954                _KNL_post
0060198c                _KNL_enter
006019a0                _KNL_exit
006019c0                _BUF_delete
006019f4                _MEM_valloc
00601a24                _BUF_free
00601a54                _MSGQ_delete
00601a7c                SYS_ABORTFXN
00601a7c                _UTL_doAbort
00601aa0                _UTL_doError
00601aa0                SYS_ERRORFXN
00601ac0                _SEM_postEnterKnl
00601adc                _SYS_abort
00601af8                _SYS_error
00601b14                _SEM_delete
00601b24                _HOOK_setenv
00601b30                SYS_EXITFXN
00601b30                _UTL_halt
00601b3c                _OBJ_init
00601b40                GIO_PENDFXN
00601b40                GIO_POSTFXN
00601b40                TSK_VDELETEFXN
00601b40                TSK_VCREATEFXN
00601b40                _FXN_F_nop
00601b40                TSK_VEXITFXN
00601b40                GIO_DELETEFXN
00601b40                GBL_USERINITFXN
00601b40                GBL_BIOS_BOOTFXN
00601b40                GIO_CREATEFXN
00601b42                _SWI_enable
00601b42                SWI_F_enable
00601b75                SWI_F_post
00601b75                _SWI_post
00601c00                SWI_F_exec_sync
00601c95                SWI_EXECFXN
00601c95                SWI_F_exec
00601d8b                SWI_RUNFXN
00601d8b                SWI_F_run
00601e98                logPost
00601eea                stsPost
00601f34                _HWI_F_dispatch
00601f34                HWI_F_dispatch
00602225                PRD_F_swi
00602344                PRD_F_tick
006023a5                _KNL_switch
00602403                KNL_glue
00602442                KNL_tick_stub
00602442                PRD_THOOKFXN
00602462                _KNL_saveIsrFrame
006024cb                CLK_F_start32
0060252f                CLK_F_getfhtime32
00602544                CLK_F_getshtime32
00602544                CLK_TIMEFXN
00602544                CLK_F_gethtime
006025bd                CLK_F_isr
0060264a                _ATM_andu
0060264a                _ATM_andi
00602662                _ATM_cleari
00602662                _ATM_clearu
00602676                _ATM_decu
00602676                _ATM_deci
0060268d                _ATM_incu
0060268d                _ATM_inci
006026a4                _ATM_ori
006026a4                _ATM_oru
006026bc                _ATM_setu
006026bc                _ATM_seti
006026d1                CLK_F_getfhtime
006026fd                CLK_F_getshtime
0060272e                CLK_F_getltime
0060272e                _CLK_getltime
00602737                CLK_F_itime
00602737                _CLK_itime
00602754                _C55_plug
006027d4                _auto_init
00602845                _C55_disableIMR0
00602865                _C55_disableIMR1
00602885                _C55_enableIMR0
0060289b                _C55_enableIMR1
006028b1                _KNL_check
006028ed                _KNL_idle
00602907                _KNL_max
0060291c                _LOG_printf
0060297e                _KNL_start
006029dc                LOG_F_event
006029dc                _LOG_event
00602a2d                _SEM_post
00602a79                _SEM_pend
00602ac4                _QUE_get
00602ae3                _QUE_put
00602b03                FXN_F_nop
00602b03                _CLK_start
00602b05                FXN_F_run
00602b2f                FXN_F_zero
00602b33                FXN_F_selfLoop
00602b35                STS_F_delta
00602b35                _STS_delta
00602b3f                STS_F_add
00602b3f                _STS_add
00602b57                STS_F_reset
00602b57                _STS_reset
00602b65                _HWI_disable
00602b77                _HWI_enable
00602b7b                _HWI_restore
00602b87                CLK_F_wdogdisable
00602ba5                CLK_F_start5561
00602bba                CLK_F_wdogdisable5561
00602bc1                _CLK_gethtime
00602bd8                CLK_F_run
00602bd8                __CLK_hwienter
00602bd8                CLK_HOOKFXN
00602bde                CLK_F_dispRun
00602bea                IDL_F_loop
00602bea                _IDL_F_loop
00602bf6                _CLK_getprd
00602bff                _CLK_countspms
00602c07                GBL_F_version
00f80000                GBL_CACHEICRTAG1
00f81000                GBL_CACHEICRTAG2
ffffffff                _VECT
ffffffff                EXTMEM
ffffffff                SARAM
ffffffff                SHMMEM
ffffffff                _EXTMEM
ffffffff                ___binit__
ffffffff                VECT
ffffffff                RESET_VECTOR
ffffffff                PDROM
ffffffff                binit
ffffffff                _PDROM
ffffffff                _SHMMEM
ffffffff                _SARAM
ffffffff                _RESET_VECTOR

[782 symbols]
