******************************************************************************
         TMS320C55x COFF Linker PC v3.2.2                      
******************************************************************************
>> Linked Fri Dec 07 11:19:37 2007

OUTPUT FILE NAME:   <./Debug/getputmsg_bios_text.out>
ENTRY POINT SYMBOL: "_c_int00"  address: 0001127e


MEMORY CONFIGURATION

                  name            origin    length      used    attr    fill
                                 (bytes)   (bytes)    (bytes)
         ----------------------  --------  ---------  --------  ----  --------
         VECT                    00000100   00000100  00000100  RWIX
         DARAM                   00000200   0000fe00  0000d558  RWIX
         RESET_VECTOR            00010000   000001fe  00000000  RWIX
         SARAM                   000101fe   00017e00  0000114a  RWIX
         SHMMEM                  00400000   00100000  00000000  RWIX
         EXTMEM                  00600000   00100000  00006174  RWIX
         PDROM                   00ff8000   00008000  00000000  RWIX


SECTION ALLOCATION MAP
(Addresses surrounded by []'s are displayed for convenience only!)

output                                                          attributes/
section   page  orgn(bytes) orgn(words) len(bytes) len(words)   input sections
--------  ----  ----------- ----------- ---------- ----------   --------------
.hwi_vec     0     00000100  [ 00000080 ] 00000100          *   
                   00000100  [ 00000080 ] 00000100          *   getputmsg_bios_textcfg.obj (.hwi_vec)

.prd         0   [ 00000200 ]  00000100          *   00000000   UNINITIALIZED

.far         0   [ 00000200 ]  00000100          *   00000000   UNINITIALIZED

.gio         0   [ 00000200 ]  00000100          *   00000000   UNINITIALIZED

.sysregs     0   [ 00000200 ]  00000100          *   00000000   UNINITIALIZED

.udev        0   [ 00000200 ]  00000100          *   00000000   UNINITIALIZED

.data        0   [ 00000200 ]  00000100          *   00000000   UNINITIALIZED

.cio         0   [ 00000200 ]  00000100          *   00000000   UNINITIALIZED

.pip         0   [ 00000200 ]  00000100          *   00000000   UNINITIALIZED

.hst         0   [ 00000200 ]  00000100          *   00000000   UNINITIALIZED

.dsm         0   [ 00000200 ]  00000100          *   00000000   UNINITIALIZED

.DARAM$heap 
*            0   [ 00000200 ]  00000100          *   00005400   UNINITIALIZED

.TSK_idle$stk 
*            0   [ 0000aa00 ]  00005500          *   00000500   UNINITIALIZED
                 [ 0000aa00 ]  00005500          *   00000500   getputmsg_bios_textcfg.obj (.TSK_idle$stk)

.stack       0   [ 0000b400 ]  00005a00          *   00000400   
                 [ 0000b400 ]  00005a00          *   00000400   --HOLE-- [fill = beef]

.bss         0   [ 0000bc00 ]  00005e00          *   000003fc   UNINITIALIZED
                 [ 0000bc00 ]  00005e00          *   0000017c   dsplink.l55l : shm_driver.obj (.bss)
                 [ 0000bef8 ]  00005f7c          *   0000008a   bios.a55l : knl.o55l (.bss)
                 [ 0000c00c ]  00006006          *   00000050   getputmsg.obj (.bss)
                 [ 0000c0ac ]  00006056          *   00000046   rts55x.lib : exit.obj (.bss)
                 [ 0000c138 ]  0000609c          *   0000003e   MsgqUtils.obj (.bss)
                 [ 0000c1b4 ]  000060da          *   0000002e   bios.a55l : tsk.o55l (.bss)
                 [ 0000c210 ]  00006108          *   00000023             : obj_init.o55l (.bss)
                 [ 0000c256 ]  0000612b          *   00000001             : buf.o55l (.bss)
                 [ 0000c258 ]  0000612c          *   00000020   dsplink.l55l : shm.obj (.bss)
                 [ 0000c298 ]  0000614c          *   0000001f   getputmsg_bios_textcfg.obj (.bss)
                 [ 0000c2d6 ]  0000616b          *   00000001   bios.a55l : sem_crea.o55l (.bss)
                 [ 0000c2d8 ]  0000616c          *   00000017   dsplinkmsg.l55l : mqtdsplink.obj (.bss)
                 [ 0000c306 ]  00006183          *   00000001   msgq.l55l : msgq_init.o55l (.bss)
                 [ 0000c308 ]  00006184          *   00000016   dsplinkmsg.l55l : mqabuf.obj (.bss)
                 [ 0000c334 ]  0000619a          *   00000014   bios.a55l : sys.o55l (.bss)
                 [ 0000c35c ]  000061ae          *   00000012             : tsk_stup.o55l (.bss)
                 [ 0000c380 ]  000061c0          *   0000000e   drivers.a55l : dio_tskdynamic (.bss)
                 [ 0000c39c ]  000061ce          *   0000000a   bios.a55l : gio_cfg.o55l (.bss)
                 [ 0000c3b0 ]  000061d8          *   00000008             : knl_tick.o55l (.bss)
                 [ 0000c3c0 ]  000061e0          *   00000006             : utl_putc.o55l (.bss)
                 [ 0000c3cc ]  000061e6          *   00000004             : hwi_disp.o55l (.bss)
                 [ 0000c3d4 ]  000061ea          *   00000004   dsplink.l55l : failure.obj (.bss)
                 [ 0000c3dc ]  000061ee          *   00000004   msgq.l55l : msgq.o55l (.bss)
                 [ 0000c3e4 ]  000061f2          *   00000004   rts55x.lib : _lock.obj (.bss)
                 [ 0000c3ec ]  000061f6          *   00000002   dsplink.l55l : interrupt.obj (.bss)
                 [ 0000c3f0 ]  000061f8          *   00000002   bios.a55l : gio.o55l (.bss)
                 [ 0000c3f4 ]  000061fa          *   00000002             : mem_asm.o55l (.bss)

.const       0   [ 0000c3f8 ]  000061fc          *   000003e5   
                 [ 0000c3f8 ]  000061fc          *   00000144   getputmsg.obj (.const)
                 [ 0000c680 ]  00006340          *   00000101   rts55x.lib : ctype.obj (.const)
                 [ 0000c882 ]  00006441          *   00000001   --HOLE-- [fill = 0]
                 [ 0000c884 ]  00006442          *   00000045   msgq.l55l : msgq_exit.o55l (.const)
                 [ 0000c90e ]  00006487          *   00000001   --HOLE-- [fill = 0]
                 [ 0000c910 ]  00006488          *   00000043             : msgq_init.o55l (.const)
                 [ 0000c996 ]  000064cb          *   00000001   --HOLE-- [fill = 0]
                 [ 0000c998 ]  000064cc          *   0000002c   dsplinkmsg.l55l : mqtdsplink.obj (.const)
                 [ 0000c9f0 ]  000064f8          *   00000023   bios.a55l : utl_doab.o55l (.const)
                 [ 0000ca36 ]  0000651b          *   00000001   --HOLE-- [fill = 0]
                 [ 0000ca38 ]  0000651c          *   00000022             : utl_doer.o55l (.const)
                 [ 0000ca7c ]  0000653e          *   00000021   MsgqUtils.obj (.const)
                 [ 0000cabe ]  0000655f          *   00000001   --HOLE-- [fill = 0]
                 [ 0000cac0 ]  00006560          *   00000020   bios.a55l : dev_init.o55l (.const)
                 [ 0000cb00 ]  00006580          *   0000001f   getputmsg_bios_textcfg.obj (.const)
                 [ 0000cb3e ]  0000659f          *   00000001   --HOLE-- [fill = 0]
                 [ 0000cb40 ]  000065a0          *   00000014   mqtbiosque.l55l : mqtbiosque_vt.o (.const)
                 [ 0000cb68 ]  000065b4          *   0000000e   msgq.l55l : msgq.o55l (.const)
                 [ 0000cb84 ]  000065c2          *   00000006   dsplink.l55l : shm.obj (.const)
                 [ 0000cb90 ]  000065c8          *   00000006   rtdxx.lib : rtdx_mon.o55L (.const)
                 [ 0000cb9c ]  000065ce          *   00000004             : buffer1.o55L (.const)
                 [ 0000cba4 ]  000065d2          *   00000004   bios.a55l : gio_crea.o55l (.const)
                 [ 0000cbac ]  000065d6          *   00000004             : mem_allo.o55l (.const)
                 [ 0000cbb4 ]  000065da          *   00000004             : mem_free.o55l (.const)
                 [ 0000cbbc ]  000065de          *   00000002   dsplink.l55l : shm_driver.obj (.const)
                 [ 0000cbc0 ]  000065e0          *   00000001   bios.a55l : tsk.o55l (.const)

.mem         0   [ 0000cbc2 ]  000065e1          *   00000001   UNINITIALIZED
                 [ 0000cbc2 ]  000065e1          *   00000001   getputmsg_bios_textcfg.obj (.mem)

.rtdx_data 
*            0   [ 0000cbc4 ]  000065e2          *   00000128   UNINITIALIZED
                 [ 0000cbc4 ]  000065e2          *   00000102   getputmsg_bios_textcfg.obj (.rtdx_data)
                 [ 0000cdc8 ]  000066e4          *   00000012   rtdxx.lib : rtdx_mon.o55L (.rtdx_data)
                 [ 0000cdec ]  000066f6          *   00000010             : buffer1.o55L (.rtdx_data)
                 [ 0000ce0c ]  00006706          *   00000004   bios.a55l : rtdx_data.o55l (.rtdx_data)

.sysstack 
*            0   [ 0000ce14 ]  0000670a          *   00000100   
                 [ 0000ce14 ]  0000670a          *   00000100   --HOLE-- [fill = feeb]

.trace       0   [ 0000d014 ]  0000680a          *   00000100   
                 [ 0000d014 ]  0000680a          *   00000100   --HOLE-- [fill = 00]

.hwi_disp_sec 
*            0   [ 0000d214 ]  0000690a          *   000000c0   UNINITIALIZED
                 [ 0000d214 ]  0000690a          *   000000c0   bios.a55l : hwi_disp_asm.o5 (.hwi_disp_sec)

.sysdata     0   [ 0000d394 ]  000069ca          *   0000009e   UNINITIALIZED
                 [ 0000d394 ]  000069ca          *   0000009e   bios.a55l : biosdata.o55l (.sysdata)

.swi         0   [ 0000d4d0 ]  00006a68          *   00000014   UNINITIALIZED
                 [ 0000d4d0 ]  00006a68          *   00000014   getputmsg_bios_textcfg.obj (.swi)

.clk         0   [ 0000d4f8 ]  00006a7c          *   00000004   UNINITIALIZED
                 [ 0000d4f8 ]  00006a7c          *   00000004   getputmsg_bios_textcfg.obj (.clk)

.LOG_system$buf 
*            0   [ 0000d500 ]  00006a80          *   00000040   
                 [ 0000d500 ]  00006a80          *   00000040   getputmsg_bios_textcfg.obj (.LOG_system$buf) [fill = ffff]

.args        0   [ 0000d580 ]  00006ac0          *   00000050   
                 [ 0000d580 ]  00006ac0          *   00000050   --HOLE-- [fill = 00]

.sys         0   [ 0000d620 ]  00006b10          *   00000008   UNINITIALIZED
                 [ 0000d620 ]  00006b10          *   00000008   getputmsg_bios_textcfg.obj (.sys)

.sts         0   [ 0000d630 ]  00006b18          *   00000008   UNINITIALIZED
                 [ 0000d630 ]  00006b18          *   00000008   getputmsg_bios_textcfg.obj (.sts)

.trace$buf 
*            0   [ 0000d640 ]  00006b20          *   00000020   
                 [ 0000d640 ]  00006b20          *   00000020   getputmsg_bios_textcfg.obj (.trace$buf) [fill = ffff]

.tsk         0   [ 0000d680 ]  00006b40          *   0000002c   UNINITIALIZED
                 [ 0000d680 ]  00006b40          *   0000002c   getputmsg_bios_textcfg.obj (.tsk)

.devtable 
*            0   [ 0000d6d8 ]  00006b6c          *   00000024   UNINITIALIZED
                 [ 0000d6d8 ]  00006b6c          *   00000024   getputmsg_bios_textcfg.obj (.devtable)

.log         0   [ 0000d720 ]  00006b90          *   00000014   UNINITIALIZED
                 [ 0000d720 ]  00006b90          *   00000014   getputmsg_bios_textcfg.obj (.log)

.idl         0   [ 0000d748 ]  00006ba4          *   00000004   UNINITIALIZED
                 [ 0000d748 ]  00006ba4          *   00000002   getputmsg_bios_textcfg.obj (.idl)
                 [ 0000d74c ]  00006ba6          *   00000002   getputmsg_bios_textcfg.obj (.idlcal)

.dio         0   [ 0000d750 ]  00006ba8          *   00000004   UNINITIALIZED
                 [ 0000d750 ]  00006ba8          *   00000004   getputmsg_bios_textcfg.obj (.dio)

.hwi         0   [ 000101fe ]  000080ff          *   00000000   UNINITIALIZED

.switch      0   [ 000101fe ]  000080ff          *   00000000   UNINITIALIZED

.text:dsplink 
*            0   [ 000101fe ]  000080ff          *   00000000   UNINITIALIZED

.cinit       0   [ 000101fe ]  000080ff          *   0000043b   
                 [ 000101fe ]  000080ff          *   00000195   getputmsg_bios_textcfg.obj (.cinit)
                 [ 00010528 ]  00008294          *   000000a1   bios.a55l : biosdata.o55l (.cinit)
                 [ 0001066a ]  00008335          *   000000a0             : knl.o55l (.cinit)
                 [ 000107aa ]  000083d5          *   00000043   MsgqUtils.obj (.cinit)
                 [ 00010830 ]  00008418          *   00000029   bios.a55l : tsk.o55l (.cinit)
                 [ 00010882 ]  00008441          *   00000021   dsplinkmsg.l55l : mqabuf.obj (.cinit)
                 [ 000108c4 ]  00008462          *   0000001b                   : mqtdsplink.obj (.cinit)
                 [ 000108fa ]  0000847d          *   00000015   bios.a55l : tsk_stup.o55l (.cinit)
                 [ 00010924 ]  00008492          *   00000014   dsplink.l55l : shm_driver.obj (.cinit)
                 [ 0001094c ]  000084a6          *   00000011   drivers.a55l : dio_tskdynamic (.cinit)
                 [ 0001096e ]  000084b7          *   00000010   bios.a55l : gio_cfg.o55l (.cinit)
                 [ 0001098e ]  000084c7          *   0000000f             : utl_putc.o55l (.cinit)
                 [ 000109ac ]  000084d6          *   0000000e   rts55x.lib : exit.obj (.cinit)
                 [ 000109c8 ]  000084e4          *   0000000b   bios.a55l : knl_tick.o55l (.cinit)
                 [ 000109de ]  000084ef          *   0000000a             : obj_init.o55l (.cinit)
                 [ 000109f2 ]  000084f9          *   0000000a             : sys.o55l (.cinit)
                 [ 00010a06 ]  00008503          *   0000000a   rts55x.lib : _lock.obj (.cinit)
                 [ 00010a1a ]  0000850d          *   00000007   bios.a55l : hwi_disp.o55l (.cinit)
                 [ 00010a28 ]  00008514          *   00000006   msgq.l55l : msgq.o55l (.cinit)
                 [ 00010a34 ]  0000851a          *   00000005   bios.a55l : knl_swit.o55l (.cinit)
                 [ 00010a3e ]  0000851f          *   00000005   rtdxx.lib : buffer1.o55L (.cinit)
                 [ 00010a48 ]  00008524          *   00000005   bios.a55l : gio.o55l (.cinit)
                 [ 00010a52 ]  00008529          *   00000004             : buf.o55l (.cinit)
                 [ 00010a5a ]  0000852d          *   00000004             : sem_crea.o55l (.cinit)
                 [ 00010a62 ]  00008531          *   00000004   dsplink.l55l : failure.obj (.cinit)
                 [ 00010a6a ]  00008535          *   00000004   msgq.l55l : msgq_init.o55l (.cinit)
                 [ 00010a72 ]  00008539          *   00000001   --HOLE-- [fill = 0]

.rtdx_text 
*            0     00010a74  [ 0000853a ] 0000073c          *   
                   00010a74  [ 0000853a ] 000003d5          *   rtdxx.lib : rtdx_mon.o55L (.rtdx_text)
                   00010e49  [ 00008724+] 0000031e          *             : buffer1.o55L (.rtdx_text)
                   00011167  [ 000088b3+] 00000048          *             : intr_tgt.o55L (.rtdx_text)
                   000111af  [ 000088d7+] 00000001          *   --HOLE-- [fill = 20]

.sysinit     0     000111b0  [ 000088d8 ] 00000154          *   
                   000111b0  [ 000088d8 ] 000000ce          *   getputmsg_bios_textcfg.obj (.sysinit)
                   0001127e  [ 0000893f ] 00000085          *   bios.a55l : boot.o55l (.sysinit)
                   00011303  [ 00008981+] 00000001          *   --HOLE-- [fill = 20]

.gblinit     0   [ 00011304 ]  00008982          *   00000019   
                 [ 00011304 ]  00008982          *   00000019   getputmsg_bios_textcfg.obj (.gblinit)

.pinit       0   [ 00011338 ]  0000899c          *   00000006   
                 [ 00011338 ]  0000899c          *   00000002   rtdxx.lib : buffer1.o55L (.pinit)
                 [ 0001133c ]  0000899e          *   00000002             : rtdx_mon.o55L (.pinit)
                 [ 00011340 ]  000089a0          *   00000002   --HOLE-- [fill = 0]

.trcdata     0   [ 00011344 ]  000089a2          *   00000003   
                 [ 00011344 ]  000089a2          *   00000003   bios.a55l : trc.o55l (.trcdata)

frt          0   [ 00600000 ]  00300000          *   00000000   UNINITIALIZED

.text        0     00600000  [ 00300000 ] 0000358e          *   
                   00600000  [ 00300000 ] 000001e9          *   drivers.a55l : dio_tsk.o55l (.text)
                   006001e9  [ 003000f4+] 00000002          *   dsplinkmsg.l55l : mqabuf.obj (.text:exit)
                   006001eb  [ 003000f5+] 00000001          *   --HOLE-- [fill = 20]
                   006001ec  [ 003000f6 ] 00000179          *   drivers.a55l : dio_tskdynamic (.text)
                   00600365  [ 003001b2+] 00000002          *   dsplink.l55l : emif.obj (.text:DSPLINK_init)
                   00600367  [ 003001b3+] 00000001          *   --HOLE-- [fill = 20]
                   00600368  [ 003001b4 ] 0000015f          *   bios.a55l : gio_crea.o55l (.text)
                   006004c7  [ 00300263+] 00000001          *   --HOLE-- [fill = 20]
                   006004c8  [ 00300264 ] 0000011a          *             : gio_sbmt.o55l (.text)
                   006005e2  [ 003002f1 ] 00000002          *   dsplinkmsg.l55l : mqtdsplink.obj (.text:init)
                   006005e4  [ 003002f2 ] 000000a8          *   bios.a55l : gio_dele.o55l (.text)
                   0060068c  [ 00300346 ] 0000008a          *   msgq.l55l : msgq_locateloca (.text)
                   00600716  [ 0030038b ] 00000002          *   dsplinkmsg.l55l : mqtdsplink.obj (.text:exit)
                   00600718  [ 0030038c ] 00000063          *   mqtbiosque.l55l : mqtbiosque.o55l (.text:_MQTBIOSQUE_get)
                   0060077b  [ 003003bd+] 00000001          *   --HOLE-- [fill = 20]
                   0060077c  [ 003003be ] 0000005d          *                   : mqtbiosque.o55l (.text:delete)
                   006007d9  [ 003003ec+] 00000002          *   dsplinkmsg.l55l : mqabuf.obj (.text:init)
                   006007db  [ 003003ed+] 00000001          *   --HOLE-- [fill = 20]
                   006007dc  [ 003003ee ] 0000004b          *   bios.a55l : gio_cbck.o55l (.text)
                   00600827  [ 00300413+] 00000001          *   --HOLE-- [fill = 20]
                   00600828  [ 00300414 ] 00000049          *   mqtbiosque.l55l : mqtbiosque.o55l (.text:create)
                   00600871  [ 00300438+] 00000002          *   getputmsg_bios_textcfg_c.obj (.text:CSL_cfgInit)
                   00600873  [ 00300439+] 00000001          *   --HOLE-- [fill = 20]
                   00600874  [ 0030043a ] 0000003e          *   drivers.a55l : dio.o55l (.text)
                   006008b2  [ 00300459 ] 00000002          *   --HOLE-- [fill = 20]
                   006008b4  [ 0030045a ] 00000033          *   mqtbiosque.l55l : mqtbiosque.o55l (.text:_MQTBIOSQUE_put)
                   006008e7  [ 00300473+] 00000001          *   --HOLE-- [fill = 20]
                   006008e8  [ 00300474 ] 00000010          *                   : mqtbiosque.o55l (.text:_MQTBIOSQUE_open)
                   006008f8  [ 0030047c ] 0000000c          *   msgq.l55l : msgq.o55l (.text)
                   00600904  [ 00300482 ] 0000000b          *   mqtbiosque.l55l : mqtbiosque.o55l (.text:_MQTBIOSQUE_close)
                   0060090f  [ 00300487+] 00000001          *   --HOLE-- [fill = 20]
                   00600910  [ 00300488 ] 00000004          *   bios.a55l : iom_stub.o55l (.text)
                   00600914  [ 0030048a ] 00000002          *             : gio.o55l (.text)
                   00600916  [ 0030048b ] 00000002          *   --HOLE-- [fill = 20]
                   00600918  [ 0030048c ] 00000002          *   mqtbiosque.l55l : mqtbiosque_init (.text)
                   0060091a  [ 0030048d ] 00000002          *   --HOLE-- [fill = 20]
                   0060091c  [ 0030048e ] 00000002          *                   : mqtbiosque_exit (.text)
                   0060091e  [ 0030048f ] 00000759          *   dsplink.l55l : shm_driver.obj (.text)
                   00601077  [ 0030083b+] 00000590          *   dsplinkmsg.l55l : mqtdsplink.obj (.text:MQTDSPLINK_msgXfer)
                   00601607  [ 00300b03+] 00000574          *   getputmsg.obj (.text)
                   00601b7b  [ 00300dbd+] 00000414          *   dsplinkmsg.l55l : mqtdsplink.obj (.text:MQTDSPLINK_open)
                   00601f8f  [ 00300fc7+] 0000033f          *                   : mqtdsplink.obj (.text:MQTDSPLINK_close)
                   006022ce  [ 00301167 ] 000002b6          *                   : mqabuf.obj (.text:MQABUF_open)
                   00602584  [ 003012c2 ] 0000027a          *   dsplink.l55l : shm_driver.obj (.text:DSPLINK_create)
                   006027fe  [ 003013ff ] 00000263          *   dsplinkmsg.l55l : mqtdsplink.obj (.text:MQTDSPLINK_locate)
                   00602a61  [ 00301530+] 0000013e          *   dsplink.l55l : shm.obj (.text:DSPLINK_init)
                   00602b9f  [ 003015cf+] 0000013e          *   MsgqUtils.obj (.text)
                   00602cdd  [ 0030166e+] 00000100          *   dsplinkmsg.l55l : mqabuf.obj (.text:MQABUF_close)
                   00602ddd  [ 003016ee+] 000000e7          *                   : mqabuf.obj (.text:MQABUF_alloc)
                   00602ec4  [ 00301762 ] 000000d9          *   dsplink.l55l : shm_driver.obj (.text:DSPLINK_init)
                   00602f9d  [ 003017ce+] 000000b6          *   rts55x.lib : exit.obj (.text)
                   00603053  [ 00301829+] 000000b5          *   dsplinkmsg.l55l : mqtdsplink.obj (.text:MQTDSPLINK_getReplyHandle)
                   00603108  [ 00301884 ] 000000ab          *                   : mqabuf.obj (.text:MQABUF_free)
                   006031b3  [ 003018d9+] 0000005e          *   dsplink.l55l : interrupt.obj (.text)
                   00603211  [ 00301908+] 0000005c          *   rts55x.lib : atoi.obj (.text)
                   0060326d  [ 00301936+] 0000005b          *   dsplink.l55l : interrupt.obj (.text:DSPLINK_init)
                   006032c8  [ 00301964 ] 00000057          *                : shm_driver.obj (.text:init)
                   0060331f  [ 0030198f+] 0000004b          *   dsplinkmsg.l55l : mqtdsplink.obj (.text)
                   0060336a  [ 003019b5 ] 0000003d          *   dsplink.l55l : shm_driver.obj (.text:DSPLINK_delete)
                   006033a7  [ 003019d3+] 0000003c          *   rts55x.lib : idiv.obj (.text)
                   006033e3  [ 003019f1+] 0000003b          *   dsplinkmsg.l55l : mqtdsplink.obj (.text:MQTDSPLINK_release)
                   0060341e  [ 00301a0f ] 00000037          *   dsplink.l55l : shm.obj (.text)
                   00603455  [ 00301a2a+] 00000032          *                : failure.obj (.text)
                   00603487  [ 00301a43+] 0000002a          *   rts55x.lib : udiv.obj (.text)
                   006034b1  [ 00301a58+] 00000029          *              : strcat.obj (.text)
                   006034da  [ 00301a6d ] 00000029          *              : strncmp.obj (.text)
                   00603503  [ 00301a81+] 0000001a          *              : strcpy.obj (.text)
                   0060351d  [ 00301a8e+] 00000015          *              : memset.obj (.text)
                   00603532  [ 00301a99 ] 00000012          *              : _lock.obj (.text)
                   00603544  [ 00301aa2 ] 00000012          *              : memcpy.obj (.text)
                   00603556  [ 00301aab ] 00000011          *              : strlen.obj (.text)
                   00603567  [ 00301ab3+] 00000010          *              : strcmp.obj (.text)
                   00603577  [ 00301abb+] 0000000e          *   dsplink.l55l : hal.obj (.text:DSPLINK_init)
                   00603585  [ 00301ac2+] 00000007          *   rts55x.lib : exit.obj (.text:CIO_breakpoint)
                   0060358c  [ 00301ac6 ] 00000002          *   --HOLE-- [fill = 20]

.bios        0     00603590  [ 00301ac8 ] 00002be6          *   
                   00603590  [ 00301ac8 ] 00000255          *   bios.a55l : tsk_crea.o55l (.bios)
                   006037e5  [ 00301bf2+] 00000003          *   --HOLE-- [fill = 20]
                   006037e8  [ 00301bf4 ] 00000198          *   msgq.l55l : msgq_init.o55l (.bios:init)
                   00603980  [ 00301cc0 ] 00000185          *             : msgq_create.o55 (.bios:create)
                   00603b05  [ 00301d82+] 00000003          *   --HOLE-- [fill = 20]
                   00603b08  [ 00301d84 ] 0000016c          *   bios.a55l : mem_free.o55l (.bios:.near)
                   00603c74  [ 00301e3a ] 0000014d          *             : sem_pend.o55l (.bios)
                   00603dc1  [ 00301ee0+] 00000003          *   --HOLE-- [fill = 20]
                   00603dc4  [ 00301ee2 ] 00000135          *   msgq.l55l : msgq_locate.o55 (.bios)
                   00603ef9  [ 00301f7c+] 00000003          *   --HOLE-- [fill = 20]
                   00603efc  [ 00301f7e ] 00000121          *   bios.a55l : mem_allo.o55l (.bios:.near)
                   0060401d  [ 0030200e+] 00000003          *   --HOLE-- [fill = 20]
                   00604020  [ 00302010 ] 00000120          *             : mem_init.o55l (.bios:.near)
                   00604140  [ 003020a0 ] 00000115          *             : knl_run.o55l (.bios)
                   00604255  [ 0030212a+] 00000003          *   --HOLE-- [fill = 20]
                   00604258  [ 0030212c ] 0000010d          *   msgq.l55l : msgq_exit.o55l (.bios:exit)
                   00604365  [ 003021b2+] 00000003          *   --HOLE-- [fill = 20]
                   00604368  [ 003021b4 ] 0000010c          *   bios.a55l : knl_tick.o55l (.bios)
                   00604474  [ 0030223a ] 000000f4          *             : buf_crea.o55l (.bios)
                   00604568  [ 003022b4 ] 000000dc          *             : tsk_exit.o55l (.bios)
                   00604644  [ 00302322 ] 000000bf          *             : sem_dopo.o55l (.bios)
                   00604703  [ 00302381+] 00000001          *   --HOLE-- [fill = 20]
                   00604704  [ 00302382 ] 000000bb          *             : tsk_setu.o55l (.bios)
                   006047bf  [ 003023df+] 00000001          *   --HOLE-- [fill = 20]
                   006047c0  [ 003023e0 ] 0000009f          *             : dev_init.o55l (.bios)
                   0060485f  [ 0030242f+] 00000001          *   --HOLE-- [fill = 20]
                   00604860  [ 00302430 ] 00000097          *             : tsk_stup.o55l (.bios)
                   006048f7  [ 0030247b+] 00000001          *   --HOLE-- [fill = 20]
                   006048f8  [ 0030247c ] 00000084          *             : tsk_init.o55l (.bios)
                   0060497c  [ 003024be ] 0000007f          *             : dev_matc.o55l (.bios)
                   006049fb  [ 003024fd+] 00000001          *   --HOLE-- [fill = 20]
                   006049fc  [ 003024fe ] 0000007e          *             : hwi_disp.o55l (.bios)
                   00604a7a  [ 0030253d ] 00000002          *   --HOLE-- [fill = 20]
                   00604a7c  [ 0030253e ] 00000074          *   msgq.l55l : msgq_senderror. (.bios)
                   00604af0  [ 00302578 ] 0000006d          *             : msgq_put.o55l (.bios)
                   00604b5d  [ 003025ae+] 00000003          *   --HOLE-- [fill = 20]
                   00604b60  [ 003025b0 ] 00000065          *             : msgq_alloc.o55l (.bios)
                   00604bc5  [ 003025e2+] 00000003          *   --HOLE-- [fill = 20]
                   00604bc8  [ 003025e4 ] 00000064          *   bios.a55l : knl_read.o55l (.bios)
                   00604c2c  [ 00302616 ] 0000005a          *             : lck.o55l (.bios)
                   00604c86  [ 00302643 ] 00000002          *   --HOLE-- [fill = 20]
                   00604c88  [ 00302644 ] 00000055          *             : obj_crea.o55l (.bios)
                   00604cdd  [ 0030266e+] 00000003          *   --HOLE-- [fill = 20]
                   00604ce0  [ 00302670 ] 00000049          *             : obj_dele.o55l (.bios)
                   00604d29  [ 00302694+] 00000003          *   --HOLE-- [fill = 20]
                   00604d2c  [ 00302696 ] 00000043          *             : knl_ipos.o55l (.bios)
                   00604d6f  [ 003026b7+] 00000001          *   --HOLE-- [fill = 20]
                   00604d70  [ 003026b8 ] 00000042          *             : buf_allo.o55l (.bios)
                   00604db2  [ 003026d9 ] 00000002          *   --HOLE-- [fill = 20]
                   00604db4  [ 003026da ] 00000042          *             : sys_exit.o55l (.bios)
                   00604df6  [ 003026fb ] 00000002          *   --HOLE-- [fill = 20]
                   00604df8  [ 003026fc ] 0000003c          *             : sem_crea.o55l (.bios)
                   00604e34  [ 0030271a ] 0000003a          *   msgq.l55l : msgq_release.o5 (.bios)
                   00604e6e  [ 00302737 ] 00000002          *   --HOLE-- [fill = 20]
                   00604e70  [ 00302738 ] 00000039          *   bios.a55l : utl_putc.o55l (.bios)
                   00604ea9  [ 00302754+] 00000003          *   --HOLE-- [fill = 20]
                   00604eac  [ 00302756 ] 00000037          *   msgq.l55l : msgq_free.o55l (.bios)
                   00604ee3  [ 00302771+] 00000001          *   --HOLE-- [fill = 20]
                   00604ee4  [ 00302772 ] 00000037          *   bios.a55l : knl_post.o55l (.bios)
                   00604f1b  [ 0030278d+] 00000001          *   --HOLE-- [fill = 20]
                   00604f1c  [ 0030278e ] 00000033          *             : knl_exit.o55l (.bios)
                   00604f4f  [ 003027a7+] 00000001          *   --HOLE-- [fill = 20]
                   00604f50  [ 003027a8 ] 00000033          *             : buf_dele.o55l (.bios)
                   00604f83  [ 003027c1+] 00000001          *   --HOLE-- [fill = 20]
                   00604f84  [ 003027c2 ] 00000030          *             : mem_vall.o55l (.bios:.near)
                   00604fb4  [ 003027da ] 0000002e          *             : buf_free.o55l (.bios)
                   00604fe2  [ 003027f1 ] 00000002          *   --HOLE-- [fill = 20]
                   00604fe4  [ 003027f2 ] 00000028          *   msgq.l55l : msgq_delete.o55 (.bios:delete)
                   0060500c  [ 00302806 ] 00000023          *   bios.a55l : utl_doab.o55l (.bios)
                   0060502f  [ 00302817+] 00000001          *   --HOLE-- [fill = 20]
                   00605030  [ 00302818 ] 00000020          *             : utl_doer.o55l (.bios)
                   00605050  [ 00302828 ] 0000001b          *             : sem_post.o55l (.bios)
                   0060506b  [ 00302835+] 00000001          *   --HOLE-- [fill = 20]
                   0060506c  [ 00302836 ] 0000001a          *             : sys_abor.o55l (.bios)
                   00605086  [ 00302843 ] 00000002          *   --HOLE-- [fill = 20]
                   00605088  [ 00302844 ] 00000019          *             : sys_erro.o55l (.bios:.near)
                   006050a1  [ 00302850+] 00000003          *   --HOLE-- [fill = 20]
                   006050a4  [ 00302852 ] 0000000e          *             : sem_dele.o55l (.bios)
                   006050b2  [ 00302859 ] 00000002          *   --HOLE-- [fill = 20]
                   006050b4  [ 0030285a ] 0000000c          *             : hook_setenv.o55 (.bios)
                   006050c0  [ 00302860 ] 00000008          *             : utl_halt.o55l (.bios)
                   006050c8  [ 00302864 ] 00000004          *   msgq.l55l : msgq_create.o55 (.bios)
                   006050cc  [ 00302866 ] 00000002          *   bios.a55l : fxn_c.o55l (.bios)
                   006050ce  [ 00302867 ] 00000002          *   --HOLE-- [fill = 20]
                   006050d0  [ 00302868 ] 00000002          *             : obj_init.o55l (.bios)
                   006050d2  [ 00302869 ] 000003f2          *             : swi.o55l (.bios)
                   006054c4  [ 00302a62 ] 000002f1          *             : hwi_disp_asm.o5 (.bios)
                   006057b5  [ 00302bda+] 00000180          *             : prd.o55l (.bios)
                   00605935  [ 00302c9a+] 00000126          *             : knl_swit.o55l (.bios)
                   00605a5b  [ 00302d2d+] 000000f2          *   clk.a55l : clk32.o55l (.bios)
                   00605b4d  [ 00302da6+] 0000008d          *   bios.a55l : clk_isr.o55l (.bios)
                   00605bda  [ 00302ded ] 00000087          *             : atm.o55l (.bios)
                   00605c61  [ 00302e30+] 00000083          *   clk.a55l : clk.o55l (.bios)
                   00605ce4  [ 00302e72 ] 00000080          *   bios.a55l : c55_plug.o55l (.bios)
                   00605d64  [ 00302eb2 ] 00000071          *             : autoinit.o55l (.bios)
                   00605dd5  [ 00302eea+] 0000006c          *             : c55_c.o55l (.bios)
                   00605e41  [ 00302f20+] 0000006b          *             : knl_chec.o55l (.bios)
                   00605eac  [ 00302f56 ] 00000062          *             : log_printf.o55l (.bios)
                   00605f0e  [ 00302f87 ] 0000005e          *             : knl_star.o55l (.bios)
                   00605f6c  [ 00302fb6 ] 00000051          *             : log.o55l (.bios)
                   00605fbd  [ 00302fde+] 0000004c          *             : sem_post_asm.o5 (.bios)
                   00606009  [ 00303004+] 0000004b          *             : sem_pend_asm.o5 (.bios)
                   00606054  [ 0030302a ] 0000003f          *             : que_get.o55l (.bios)
                   00606093  [ 00303049+] 00000032          *             : fxn.o55l (.bios)
                   006060c5  [ 00303062+] 00000030          *             : sts.o55l (.bios)
                   006060f5  [ 0030307a+] 00000022          *             : hwi_c.o55l (.bios)
                   00606117  [ 0030308b+] 0000001e          *   clk.a55l : clk_wdog.o55l (.bios)
                   00606135  [ 0030309a+] 0000001c          *            : clk5561.o55l (.bios)
                   00606151  [ 003030a8+] 00000012          *   bios.a55l : clk_run.o55l (.bios)
                   00606163  [ 003030b1+] 0000000c          *             : idl.o55l (.bios)
                   0060616f  [ 003030b7+] 00000006          *             : gbl_vers.o55l (.bios)
                   00606175  [ 003030ba+] 00000001          *   --HOLE-- [fill = 20]


GLOBAL SYMBOLS: SORTED ALPHABETICALLY BY Name 

abs. value/
byte addr   word addr   name
---------   ---------   ----
00000001                $TI_capability_requires_rev2
            00005e00    .bss
            00000100    .data
00600000                .text
00000006                BIOSDATA_O_CLK_D_COUNTSPMS
00000000                BIOSDATA_O_CLK_D_DIRTY
00000008                BIOSDATA_O_CLK_D_IDLETIME
0000000a                BIOSDATA_O_CLK_D_ISRHOOK
00000002                BIOSDATA_O_CLK_D_PRD
0000000c                BIOSDATA_O_CLK_D_TABBEG
00000004                BIOSDATA_O_CLK_D_TDDR
0000000e                BIOSDATA_O_CLK_D_TIMEFXN
00000010                BIOSDATA_O_CLK_R_TIMH
00000011                BIOSDATA_O_CLK_R_TIML
00000012                BIOSDATA_O_HST_D_CHANMASK
00000088                BIOSDATA_O_HST_D_TABBEGADDR
0000008a                BIOSDATA_O_HST_D_TABENDADDR
00000078                BIOSDATA_O_HWI_D_SPSAVE
0000007a                BIOSDATA_O_HWI_D_SSPSAVE
0000008c                BIOSDATA_O_HWI_D_STKBOTADDR
0000008e                BIOSDATA_O_HWI_D_STKTOPADDR
00000090                BIOSDATA_O_HWI_D_SYSTKBOTADDR
00000092                BIOSDATA_O_HWI_D_SYSTKTOPADDR
00000014                BIOSDATA_O_IDL_D_CALBEG
00000016                BIOSDATA_O_IDL_D_CALIBRATE
00000018                BIOSDATA_O_IDL_D_TABBEG
0000001a                BIOSDATA_O_LOG_D_SYSTEM
00000080                BIOSDATA_O_MEM_D_FREELIST
00000082                BIOSDATA_O_MEM_D_LOCKADDR
0000007e                BIOSDATA_O_MEM_D_MEMTAB
0000007c                BIOSDATA_O_MEM_D_NUMSEGMENTS
00000084                BIOSDATA_O_MEM_D_UNLOCKADDR
0000001c                BIOSDATA_O_PIP_D_TABBEG
0000001e                BIOSDATA_O_PIP_D_TABLEN
00000020                BIOSDATA_O_PRD_D_CUR
00000022                BIOSDATA_O_PRD_D_ELAPSED
00000023                BIOSDATA_O_PRD_D_PREVTIM
00000024                BIOSDATA_O_PRD_D_SCALAR
00000026                BIOSDATA_O_PRD_D_SWIHANDLE
00000028                BIOSDATA_O_PRD_D_TABBEG
0000002a                BIOSDATA_O_PRD_D_TABLEN
0000002c                BIOSDATA_O_PRD_D_THOOK
0000002e                BIOSDATA_O_PRD_D_TICKH
0000002f                BIOSDATA_O_PRD_D_TICKL
00000098                BIOSDATA_O_RTDX_D_BUFREAD
0000009a                BIOSDATA_O_RTDX_D_BUFWRITE
00000030                BIOSDATA_O_SWI_D_CURFXN
00000032                BIOSDATA_O_SWI_D_CURMASK
00000033                BIOSDATA_O_SWI_D_CURMBOX
00000034                BIOSDATA_O_SWI_D_CURSET
00000036                BIOSDATA_O_SWI_D_EXECADDR
00000038                BIOSDATA_O_SWI_D_LOCK
0000003a                BIOSDATA_O_SWI_D_RDYBEG
0000003c                BIOSDATA_O_SWI_D_RDYTAB
0000009c                BIOSDATA_O_SWI_D_RUNADDR
00000086                BIOSDATA_O_SYS
00000094                BIOSDATA_O_TSK_D_IDLSTKADDR
00000096                BIOSDATA_O_TSK_D_IDLSYSTKADDR
000111b0                BIOS_init
0001123e                BIOS_start
00000000                BUF$
00000001                BUF_ENABLED
00603586                C$$EXIT
            000069ca    C55_BIOSDATAOBJ
00000001                CLK$
            00006a7c    CLK_A_TABBEG
            00006a80    CLK_A_TABEND
00000004                CLK_A_TABLEN
0000bb80                CLK_COUNTSPMS
00000000                CLK_COUNTSPMSHIGH
            000069d2    CLK_D_idletime
            000069d4    CLK_D_isrhook
            000069d6    CLK_D_tabbeg
            000069d8    CLK_D_timefxn
00606157                CLK_F_dispRun
00605c61                CLK_F_getfhtime
00605abf                CLK_F_getfhtime32
00605ad4                CLK_F_gethtime
00605cbe                CLK_F_getltime
00605c8d                CLK_F_getshtime
00605ad4                CLK_F_getshtime32
00605b4d                CLK_F_isr
00605cc7                CLK_F_itime
00606151                CLK_F_run
00605a5b                CLK_F_start32
00606135                CLK_F_start5561
00606117                CLK_F_wdogdisable
0060614a                CLK_F_wdogdisable5561
00606151                CLK_HOOKFXN
00000000                CLK_IMR0TINTMASK
00000080                CLK_IMR1TINTMASK
00000007                CLK_INTBIT
0054eab8                CLK_MICROSECONDS
            00006a7e    CLK_NULL
0000bb7f                CLK_PRD
00002800                CLK_REGS
            000069da    CLK_R_timh
            000069db    CLK_R_timl
00000020                CLK_TCR
00000000                CLK_TDDR
00605ad4                CLK_TIMEFXN
00000046                CLK_TIMERIFR
00000045                CLK_TIMERIMR
00000080                CLK_TIMERIMRMASK
00000000                CLK_TIMERNUM
00000001                CLK_USETIMER
            00006157    DARAM
            00000100    DARAM$B
0000a800                DARAM$L
00000000                DEV$
00000000                DGN$
00000000                DHL$
00000000                DHL_gChannelsAvailable
00000001                DIO$
00000000                DIO_NUMSWIBASE
00000000                DIO_NUMTSKBASE
00000000                DIO_STATIC
            00006b72    DIO_dio_dsplink$device
            00006b6c    DIO_dio_dsplink$obj
00000000                DPI$
ffffffff                EXTMEM
00606093                FXN_F_nop
00606095                FXN_F_run
006060c3                FXN_F_selfLoop
006060bf                FXN_F_zero
00000001                GBL$
00000490                GBL_A_VERSION
006050cc                GBL_BIOS_BOOTFXN
00f80000                GBL_CACHEICRTAG1
00f81000                GBL_CACHEICRTAG2
00000002                GBL_CACHETYPE
00000000                GBL_CALLCSLCFGINIT
00000b50                GBL_CLKMD
000005e6                GBL_DSPSUBTYPE
00000000                GBL_ENABLEICACHE
00000000                GBL_ENABLEINST
00000042                GBL_FOOTPRINT
0060616f                GBL_F_version
00000001                GBL_LARGEMODEL
00000000                GBL_MODIFYCLKMD
00000000                GBL_NULL
00008000                GBL_PLLDIV0
0000000f                GBL_PLLM
00000000                GBL_ROM
00000000                GBL_SUPPORTCSL
00004000                GBL_TRCMASKVALUE
00000000                GBL_USERINIT
006050cc                GBL_USERINITFXN
00000001                GBL_boot
            000089a4    GBL_initdone
            00005a00    GBL_stackbeg
            00005dff    GBL_stackend
            0000670a    GBL_sysstackbeg
            00006809    GBL_sysstackend
00000000                GIO$
006050cc                GIO_CREATEFXN
006050cc                GIO_DELETEFXN
006050cc                GIO_PENDFXN
006050cc                GIO_POSTFXN
00000000                HOOK$
00000000                HOOK_KNLID
00000000                HST$
            00000100    HST_A_TABBEG
            00000100    HST_A_TABEND
00000000                HST_A_TABLEN
00000000                HST_DSM
            00006157    HST_DSMBUFSEG
00000400                HST_DSMMEMSIZE
            000069dc    HST_D_chanmask
            00006a52    HST_D_tabbegaddr
            00006a54    HST_D_tabendaddr
00000100                HST_MAXFRAMEALLOWED
00000000                HST_MAXFRAMESET
00000000                HST_NONE
00000001                HST_RTDX
00000001                HWI$
00000100                HWI_A_VECS
00000018                HWI_BERR
00000019                HWI_DLOG
            00006a42    HWI_D_spsave
            00006a44    HWI_D_sspsave
            00006a56    HWI_D_stkbotaddr
            00006a58    HWI_D_stktopaddr
            00006a5a    HWI_D_systkbotaddr
            00006a5c    HWI_D_systktopaddr
006054c4                HWI_F_dispatch
0000000a                HWI_INT10
0000000b                HWI_INT11
0000000c                HWI_INT12
0000000d                HWI_INT13
0000000e                HWI_INT14
0000000f                HWI_INT15
00000010                HWI_INT16
00000011                HWI_INT17
00000012                HWI_INT18
00000013                HWI_INT19
00000002                HWI_INT2
00000014                HWI_INT20
00000015                HWI_INT21
00000016                HWI_INT22
00000017                HWI_INT23
00000003                HWI_INT3
00000004                HWI_INT4
00000005                HWI_INT5
00000006                HWI_INT6
00000007                HWI_INT7
00000008                HWI_INT8
00000009                HWI_INT9
00000001                HWI_NMI
00000000                HWI_RESET
0000001a                HWI_RTOS
0000001b                HWI_SINT27
0000001c                HWI_SINT28
0000001d                HWI_SINT29
0000001e                HWI_SINT30
0000001f                HWI_SINT31
00000017                HWI_TINT
00000000                HWI_ZEROTAB
006033a7                I$$DIV
006033c6                I$$MOD
00603487                I$$UDIV
0060349c                I$$UMOD
00000000                IDL$
            00006ba6    IDL_A_CALBEG
            00006ba8    IDL_A_CALEND
00000001                IDL_A_CALLEN
            00006ba4    IDL_A_TABBEG
            00006ba6    IDL_A_TABEND
00000001                IDL_A_TABLEN
00000000                IDL_CALIBRFXN
            000069de    IDL_D_calbeg
            000069e0    IDL_D_calibrate
            000069e2    IDL_D_tabbeg
            00006ba4    IDL_END
            00006ba6    IDL_END$
00606163                IDL_F_loop
00000000                IDL_USECLKIDLTIME
00000001                ISRC$
00605993                KNL_glue
            00006a68    KNL_swi
            00006b1a    KNL_swi$sts
            00006b18    KNL_swi$sts$stsobj
006059d2                KNL_tick_stub
00000001                LCK$
00000001                LOG$
            00006b90    LOG_A_TABBEG
            00006ba4    LOG_A_TABEND
00000002                LOG_A_TABLEN
            000069e4    LOG_D_system
00000001                LOG_ENABLED
00605f6c                LOG_F_event
            00006b90    LOG_system
            00006a80    LOG_system$buf
00000040                LOG_system$size
00000000                MBX$
00000001                MEM$
            00006157    MEM_MALLOCSEG
00000000                MEM_NULL
            00006157    MEM_SEGZERO
00000001                MEM_gNumHeap
00000000                OBJ$
ffffffff                PDROM
00000000                PIP$
            00000100    PIP_A_TABBEG
            00000100    PIP_A_TABEND
00000000                PIP_A_TABLEN
            000069e6    PIP_D_tabbeg
            000069e8    PIP_D_tablen
00000000                PIP_gNextId
00000000                PIP_gNumEmbed
00000001                PRD$
            00000100    PRD_A_TABBEG
            00000100    PRD_A_TABEND
00000000                PRD_A_TABLEN
            000069ea    PRD_D_cur
            000069ec    PRD_D_elapsed
            000069ed    PRD_D_prevtim
            000069ee    PRD_D_scalar
            000069f0    PRD_D_swihandle
            000069f2    PRD_D_tabbeg
            000069f4    PRD_D_tablen
            000069f6    PRD_D_thook
            000069f8    PRD_D_tickh
            000069f9    PRD_D_tickl
006057b5                PRD_F_swi
006058d4                PRD_F_tick
00004000                PRD_SCALAR
00000000                PRD_SWIHANDLE
006059d2                PRD_THOOKFXN
            00006a7c    PRD_clock
00000001                QUE$
ffffffff                RESET_VECTOR
            00006158    RTA_fromHost$buf
00000001                RTDX$
00000102                RTDX_BUFMEMSIZE
            00006157    RTDX_DATAMEMSEG
            00006a62    RTDX_D_BufRead
            00006a64    RTDX_D_BufWrite
00000001                RTDX_USERTDX
00000000                RTDX_USERTEXECUTION
ffffffff                SARAM
00000000                SEM$
ffffffff                SHMMEM
00000000                SIO$
00000000                STS$
            00006b18    STS_A_TABBEG
            00006b18    STS_A_TABEND
00000000                STS_A_TABLEN
006060cf                STS_F_add
006060c5                STS_F_delta
006060e7                STS_F_reset
00000001                SWI$
            00006a68    SWI_A_TABBEG
            00006a7c    SWI_A_TABEND
00000001                SWI_A_TABLEN
            000069fa    SWI_D_curfxn
            000069fc    SWI_D_curmask
            000069fd    SWI_D_curmbox
            000069fe    SWI_D_curset
            00006a00    SWI_D_execaddr
            00006a02    SWI_D_lock
            00006a04    SWI_D_rdybeg
            00006a06    SWI_D_rdytab
            00006a66    SWI_D_runaddr
00000000                SWI_EHOOKFXN
00605225                SWI_EXECFXN
006050d2                SWI_F_enable
00605225                SWI_F_exec
00605190                SWI_F_exec_sync
00605105                SWI_F_post
0060531b                SWI_F_run
00000000                SWI_IHOOKFXN
0060531b                SWI_RUNFXN
00000001                SYS$
            00006b10    SYS$config
0060500c                SYS_ABORTFXN
00605030                SYS_ERRORFXN
006050c0                SYS_EXITFXN
00604e70                SYS_PUTCFXN
00004000                TRC_GBLTARG
            000089a3    TRC_R_mask
            000089a2    TRC_cinit
00000001                TSK$
            00006a5e    TSK_D_idlstkaddr
            00006a60    TSK_D_idlsystkaddr
00000000                TSK_NUM_HOOKS
00000001                TSK_PRIORITY
00000000                TSK_READYFXN
            00006157    TSK_STACKSEG
00000400                TSK_STACKSIZE
00000000                TSK_SWITCHFXN
00000100                TSK_SYSTACKSIZE
006050cc                TSK_VCREATEFXN
006050cc                TSK_VDELETEFXN
006050cc                TSK_VEXITFXN
            00006b46    TSK_idle
            00005500    TSK_idle$stack
            000058df    TSK_idle$stkptr
            00005900    TSK_idle$sysstack
            000059df    TSK_idle$sysstkptr
            00006b5e    TSK_idle$tskobj
00000001                UDEV$
            00006b84    UDEV_dsplink$device
            00006b7e    UDEV_dsplink$obj
ffffffff                VECT
00605bda                _ATM_andi
00605bda                _ATM_andu
00605bf2                _ATM_cleari
00605bf2                _ATM_clearu
00605c06                _ATM_deci
00605c06                _ATM_decu
00605c1d                _ATM_inci
00605c1d                _ATM_incu
00605c34                _ATM_ori
00605c34                _ATM_oru
00605c4c                _ATM_seti
00605c4c                _ATM_setu
000111b0                _BIOS_init
0001123e                _BIOS_start
            0000612b    _BUF_ATTRS
00604d70                _BUF_alloc
00604474                _BUF_create
00604f50                _BUF_delete
00604fb4                _BUF_free
00602cbd                _BinarySemPend
00605dd5                _C55_disableIMR0
00605df5                _C55_disableIMR1
00605e15                _C55_enableIMR0
00605e2b                _C55_enableIMR1
00605ce4                _C55_plug
0000bb80                _CLK_COUNTSPMS
            00006154    _CLK_DFLTMICROSECS
            000069d0    _CLK_D_countspms
            000069ca    _CLK_D_dirty
            00006152    _CLK_D_microseconds
            000069cc    _CLK_D_prd
            000069ce    _CLK_D_tddr
0000bb7f                _CLK_PRD
00002800                _CLK_REGS
00000020                _CLK_TCR
00000000                _CLK_TDDR
00000000                _CLK_TIMERNUM
00000001                _CLK_USETIMER
00605cbe                _CLK_getltime
00605cc7                _CLK_itime
00606093                _CLK_start
00600871                _CSL_cfgInit
00602c46                _CleanupMessaging
            00006157    _DARAM
            00000100    _DARAM_base
0000a800                _DARAM_length
            00006164    _DEV_D_devinit
            00006160    _DEV_devinit
006047c0                _DEV_init
0060497c                _DEV_match
00600874                _DIO_ctrl
006008b0                _DIO_init
00600000                _DIO_tskCallback
            000061c0    _DIO_tskDynamicFxns
00600068                _DIO_tskIdle
006000fc                _DIO_tskIssue
00600178                _DIO_tskReady
006001bc                _DIO_tskReclaim
            00005e0c    _DSPLINK_DEV_PARAMS
            00005e00    _DSPLINK_FXNS
006032c8                _DSPLINK_init
00600365                _EMIF_init
ffffffff                _EXTMEM
            000061ed    _FAIL_Code
            000061eb    _FAIL_File
            000061ec    _FAIL_Line
            000061ea    _FAIL_Set
006050cc                _FXN_F_nop
            000061d6    _GIO
            000061f8    _GIO_ATTRS
            000061ce    _GIO_CONFIG
00600368                _GIO_create
006005e4                _GIO_delete
00600914                _GIO_init
006004c8                _GIO_submit
00602c73                _GetDsplinkMsgqName
0060161f                _GetPutMsg
00603577                _HAL_init
006050b4                _HOOK_setenv
            00000100    _HST_A_TABBEG
            00000100    _HST_A_TABEND
00000000                _HST_A_TABLEN
            000061e6    _HWI_ATTRS
00000100                _HWI_A_VECS
00000018                _HWI_BERR
00000019                _HWI_DLOG
            00006a42    _HWI_D_spsave
            00006a44    _HWI_D_sspsave
006054c4                _HWI_F_dispatch
0000000a                _HWI_INT10
0000000b                _HWI_INT11
0000000c                _HWI_INT12
0000000d                _HWI_INT13
0000000e                _HWI_INT14
0000000f                _HWI_INT15
00000010                _HWI_INT16
00000011                _HWI_INT17
00000012                _HWI_INT18
00000013                _HWI_INT19
00000002                _HWI_INT2
00000014                _HWI_INT20
00000015                _HWI_INT21
00000016                _HWI_INT22
00000017                _HWI_INT23
00000003                _HWI_INT3
00000004                _HWI_INT4
00000005                _HWI_INT5
00000006                _HWI_INT6
00000007                _HWI_INT7
00000008                _HWI_INT8
00000009                _HWI_INT9
00000001                _HWI_NMI
00000000                _HWI_RESET
0000001a                _HWI_RTOS
0000001b                _HWI_SINT27
0000001c                _HWI_SINT28
0000001d                _HWI_SINT29
0000001e                _HWI_SINT30
0000001f                _HWI_SINT31
            00005e00    _HWI_STKBOTTOM
            00005a00    _HWI_STKTOP
            0000680a    _HWI_SYSSTKBOTTOM
            0000670a    _HWI_SYSSTKTOP
00000017                _HWI_TINT
006060f5                _HWI_disable
006049fc                _HWI_dispatchPlug
            0000690a    _HWI_dispatchTab
00606107                _HWI_enable
0060610b                _HWI_restore
00606163                _IDL_F_loop
006031b3                _INT_disableGPPInt
006031c1                _INT_enableGPPInt
0060326d                _INT_init
006031ec                _INT_isrStub
00603277                _INT_registerGPPISR
006031cd                _INT_sendInt
00600910                _IOM_mdNotImpl
            00005fd0    _KNL_alarm
00605e41                _KNL_check
            00005ff8    _KNL_curqueue
            00005ff0    _KNL_curtask
            00005ff4    _KNL_curtime
            00005fd8    _KNL_dummy
00604f1c                _KNL_enter
00604f30                _KNL_exit
00605e7d                _KNL_idle
            00006004    _KNL_idlefxn
            00005fd4    _KNL_inactive
00604d2c                _KNL_ipost
00605e97                _KNL_max
            00005ffa    _KNL_maxqueue
00604ee4                _KNL_post
            00005ff2    _KNL_prevtask
            00005fd6    _KNL_priority
            00005f7e    _KNL_queues
00604bc8                _KNL_ready
00604140                _KNL_run
006059f2                _KNL_saveIsrFrame
            00005f7d    _KNL_set
            00005fd2    _KNL_setpri
00605f0e                _KNL_start
            00006a68    _KNL_swi
            00005ff6    _KNL_swiptr
00605935                _KNL_switch
            00005ffe    _KNL_tcreatefxn
            00006000    _KNL_tdeletefxn
00604464                _KNL_tick
            00006002    _KNL_treadyfxn
            00005ffc    _KNL_tswitchfxn
            00005f7c    _KNL_wFlag
            00005fce    _KNL_wList
00604c4c                _LCK_pend
00604c2c                _LCK_post
            00006b90    _LOG_A_TABBEG
            00006ba4    _LOG_A_TABEND
00000002                _LOG_A_TABLEN
            000069e4    _LOG_D_system
00605f6c                _LOG_event
00605eac                _LOG_printf
            00006b90    _LOG_system
            000061fa    _MEM
            00006a46    _MEM_D_NUMSEGMENTS
            00006a4a    _MEM_D_freelist
            00006a4c    _MEM_D_lockaddr
            00006a48    _MEM_D_memtab
            00006a4e    _MEM_D_unlockaddr
00603efc                _MEM_alloc
00603b08                _MEM_free
00604020                _MEM_init
            0000614c    _MEM_memtab
00604f84                _MEM_valloc
            00006184    _MQABUF_FXNS
006001e9                _MQABUF_exit
006007d9                _MQABUF_init
            000065a0    _MQTBIOSQUE_FXNS
0060091c                _MQTBIOSQUE_exit
00600918                _MQTBIOSQUE_init
            0000616c    _MQTDSPLINK_FXNS
00600716                _MQTDSPLINK_exit
006005e2                _MQTDSPLINK_init
            000060d8    _MSGQ
            000065b4    _MSGQ_ATTRS
            000065ba    _MSGQ_LOCATEATTRS
00604b60                _MSGQ_alloc
00603980                _MSGQ_create
00604fe4                _MSGQ_delete
00604258                _MSGQ_exit
00604eac                _MSGQ_free
006037e8                _MSGQ_init
00603dc4                _MSGQ_locate
0060068c                _MSGQ_locateLocal
006008fc                _MSGQ_notImplPtr
006008f8                _MSGQ_notImplStatus
00604af0                _MSGQ_put
00604e34                _MSGQ_release
00604a7c                _MSGQ_sendErrorMsg
00604c88                _OBJ_create
00604ce0                _OBJ_delete
006050d0                _OBJ_init
            00006124    _OBJ_segtab
            00006108    _OBJ_table
ffffffff                _PDROM
            00000100    _PIP_A_TABBEG
            00000100    _PIP_A_TABEND
00000000                _PIP_A_TABLEN
            000069f9    _PRD_D_tick
            00006a7c    _PRD_clock
00606054                _QUE_get
00606073                _QUE_put
ffffffff                _RESET_VECTOR
            000065e2    _RTDX_Buffer
            00006708    _RTDX_Buffer_End
00010e49                _RTDX_Buffer_Initialize
00011120                _RTDX_Buffer_Read
            00006706    _RTDX_Buffer_Start
00011042                _RTDX_Buffer_Write
00010b23                _RTDX_Final_RT_Monitor
00010d53                _RTDX_H2TPoll
00010b5d                _RTDX_Init_RT_Monitor
00010e3c                _RTDX_IsFlowEnabled
00000003                _RTDX_JTAGONLY
00000001                _RTDX_LMM
00011167                _RTDX_Mask_IER
00010db7                _RTDX_Mon_Queue
00010c6c                _RTDX_Poll
00011191                _RTDX_Set_IER
00000000                _RTDX_interrupt_mask
            000066fc    _RTDX_writing
ffffffff                _SARAM
            0000616b    _SEM_ATTRS
00604df8                _SEM_create
006050a4                _SEM_delete
00606009                _SEM_pend
00603c74                _SEM_pendEnterKnl
00605fbd                _SEM_post
00605050                _SEM_postEnterKnl
ffffffff                _SHMMEM
            000065c2    _SHM_BASE
            000065c6    _SHM_CONTROL_LEN
            000065c4    _SHM_LEN
0060341e                _SHM_getMaxBufferSize
00602b4c                _SHM_handshake
00602a61                _SHM_init
00602b77                _SHM_registerGPPISR
            00006b18    _STS_A_TABBEG
            00006b18    _STS_A_TABEND
00000000                _STS_A_TABLEN
006060cf                _STS_add
006060c5                _STS_delta
006060e7                _STS_reset
            000069fa    _SWI_D_curfxn
            000069fc    _SWI_D_curmask
            00006a02    _SWI_D_lock
            00006a04    _SWI_D_rdybeg
006050d2                _SWI_enable
00605105                _SWI_post
            00006a50    _SYS
            0000680a    _SYS_PUTCBEG
            00006909    _SYS_PUTCEND
0060506c                _SYS_abort
00605088                _SYS_error
00604db4                _SYS_exit
            0000619a    _SYS_exitStack
            000061aa    _SYS_exitStackPtr
            000061ac    _SYS_exitStackTop
00603455                _SetReason
00602b9f                _SetupMessaging
            000089a3    _TRC_R_mask
            000060f8    _TSK
            000060dc    _TSK_ATTRS
            000060ea    _TSK_config
00603590                _TSK_create
00604568                _TSK_exit
            00006b46    _TSK_idle
006048f8                _TSK_init
            000060da    _TSK_nTasks
            000060db    _TSK_pid
00604704                _TSK_setup
00604884                _TSK_startup
            000060fa    _TSK_timerSem
0060500c                _UTL_doAbort
00605030                _UTL_doError
00604e70                _UTL_doPutc
006050c0                _UTL_halt
ffffffff                _VECT
00606151                __CLK_hwienter
            00006168    __DEV_D_NUMINITFXNS
            00006166    __DEV_NUMINITFXNS
006007dc                __GIO_iomCallback
            0000616a    __HOOK_NUMHOOKS
            00006156    __HOOK_knlId
00600904                __MQTBIOSQUE_close
00600828                __MQTBIOSQUE_create
0060077c                __MQTBIOSQUE_delete
00600718                __MQTBIOSQUE_get
006008e8                __MQTBIOSQUE_open
006008b4                __MQTBIOSQUE_put
            000061ee    __MSGQ_state
00604644                __SEM_dopost
00000800                __STACK_SIZE
00000200                __SYSSTACK_SIZE
            000061ae    __TSK_mutex
ffffffff                ___binit__
            00005e00    ___bss__
            00006ac0    ___c_args__
            000080ff    ___cinit__
            00000100    ___data__
            00000100    ___edata__
            000061fc    ___end__
0060358e                ___etext__
            0000899c    ___pinit__
00600000                ___text__
            00006098    __cleanup_ptr
            00006340    __ctypes_
006033a7                __divi
00603487                __divu
            0000609a    __dtors_ptr
            000061f2    __lock
00603532                __nop
00603534                __register_lock
0060353c                __register_unlock
006033c6                __remi
0060349c                __remu
            00005a00    __stack
            0000670a    __sysstack
            000061f4    __unlock
00603585                _abort
00602ffd                _atexit
00603211                _atoi
00605d64                _auto_init
0001127e                _c_int00
            000065de    _defaultChanParams
00602f9d                _exit
            0000612e    _inputBuffer
00601ac3                _main
00603544                _memcpy
0060351d                _memset
            0000612c    _outputBuffer
            000066f6    _rtdx_buffer_state
            000066e4    _rtdx_mon_state
            00006130    _shmFieldMap
006034b1                _strcat
00603567                _strcmp
00603503                _strcpy
00603556                _strlen
006034da                _strncmp
            00006b9a    _trace
ffffffff                binit
            000080ff    cinit
            00000100    edata
            000061fc    end
0060358e                etext
            00008982    gblinit
00000100                hwi0
00000108                hwi1
00000150                hwi10
00000158                hwi11
00000160                hwi12
00000168                hwi13
00000170                hwi14
00000178                hwi15
00000180                hwi16
00000188                hwi17
00000190                hwi18
00000198                hwi19
00000110                hwi2
000001a0                hwi20
000001a8                hwi21
000001b0                hwi22
000001b8                hwi23
000001c0                hwi24
000001c8                hwi25
000001d0                hwi26
000001d8                hwi27
000001e0                hwi28
000001e8                hwi29
00000118                hwi3
000001f0                hwi30
000001f8                hwi31
00000120                hwi4
00000128                hwi5
00000130                hwi6
00000138                hwi7
00000140                hwi8
00000148                hwi9
00605428                logPost
            0000899c    pinit
0060547a                stsPost
            00006b9a    trace
            00006b20    trace$buf
00000020                trace$size


GLOBAL SYMBOLS: SORTED BY Symbol Address 

abs. value/
byte addr   word addr   name
---------   ---------   ----
00000000                GBL_ENABLEINST
00000000                GBL_ENABLEICACHE
00000000                MBX$
00000000                GBL_MODIFYCLKMD
00000000                GBL_NULL
00000000                IDL_CALIBRFXN
00000000                IDL_USECLKIDLTIME
00000000                GBL_CALLCSLCFGINIT
00000000                PIP_gNextId
00000000                PIP_gNumEmbed
00000000                DPI$
00000000                PIP_A_TABLEN
00000000                MEM_NULL
00000000                OBJ$
00000000                PIP$
00000000                CLK_COUNTSPMSHIGH
00000000                BUF$
00000000                HST_A_TABLEN
00000000                HST_DSM
00000000                HST$
00000000                GIO$
00000000                HOOK$
00000000                HOOK_KNLID
00000000                HST_MAXFRAMESET
00000000                HWI_RESET
00000000                HWI_ZEROTAB
00000000                IDL$
00000000                GBL_ROM
00000000                HST_NONE
00000000                GBL_USERINIT
00000000                GBL_SUPPORTCSL
00000000                PRD_A_TABLEN
00000000                _CLK_TDDR
00000000                TSK_SWITCHFXN
00000000                CLK_TIMERNUM
00000000                _CLK_TIMERNUM
00000000                TSK_NUM_HOOKS
00000000                DGN$
00000000                TSK_READYFXN
00000000                DEV$
00000000                CLK_IMR0TINTMASK
00000000                _PIP_A_TABLEN
00000000                _STS_A_TABLEN
00000000                _RTDX_interrupt_mask
00000000                CLK_TDDR
00000000                _HST_A_TABLEN
00000000                _HWI_RESET
00000000                BIOSDATA_O_CLK_D_DIRTY
00000000                SEM$
00000000                RTDX_USERTEXECUTION
00000000                STS$
00000000                SIO$
00000000                DIO_STATIC
00000000                PRD_SWIHANDLE
00000000                DIO_NUMSWIBASE
00000000                DIO_NUMTSKBASE
00000000                SWI_EHOOKFXN
00000000                DHL_gChannelsAvailable
00000000                DHL$
00000000                SWI_IHOOKFXN
00000000                STS_A_TABLEN
00000001                DIO$
00000001                GBL$
00000001                CLK_USETIMER
00000001                GBL_LARGEMODEL
00000001                GBL_boot
00000001                SWI$
00000001                SWI_A_TABLEN
00000001                SYS$
00000001                QUE$
00000001                RTDX$
00000001                RTDX_USERTDX
00000001                _CLK_USETIMER
00000001                _HWI_NMI
00000001                _RTDX_LMM
00000001                TSK$
00000001                TSK_PRIORITY
00000001                UDEV$
00000001                IDL_A_CALLEN
00000001                IDL_A_TABLEN
00000001                ISRC$
00000001                HST_RTDX
00000001                HWI$
00000001                HWI_NMI
00000001                MEM$
00000001                MEM_gNumHeap
00000001                PRD$
00000001                LCK$
00000001                LOG$
00000001                LOG_ENABLED
00000001                BUF_ENABLED
00000001                $TI_capability_requires_rev2
00000001                CLK$
00000002                LOG_A_TABLEN
00000002                GBL_CACHETYPE
00000002                HWI_INT2
00000002                BIOSDATA_O_CLK_D_PRD
00000002                _HWI_INT2
00000002                _LOG_A_TABLEN
00000003                _HWI_INT3
00000003                HWI_INT3
00000003                _RTDX_JTAGONLY
00000004                BIOSDATA_O_CLK_D_TDDR
00000004                _HWI_INT4
00000004                CLK_A_TABLEN
00000004                HWI_INT4
00000005                HWI_INT5
00000005                _HWI_INT5
00000006                BIOSDATA_O_CLK_D_COUNTSPMS
00000006                _HWI_INT6
00000006                HWI_INT6
00000007                _HWI_INT7
00000007                CLK_INTBIT
00000007                HWI_INT7
00000008                BIOSDATA_O_CLK_D_IDLETIME
00000008                _HWI_INT8
00000008                HWI_INT8
00000009                _HWI_INT9
00000009                HWI_INT9
0000000a                HWI_INT10
0000000a                BIOSDATA_O_CLK_D_ISRHOOK
0000000a                _HWI_INT10
0000000b                HWI_INT11
0000000b                _HWI_INT11
0000000c                _HWI_INT12
0000000c                BIOSDATA_O_CLK_D_TABBEG
0000000c                HWI_INT12
0000000d                HWI_INT13
0000000d                _HWI_INT13
0000000e                _HWI_INT14
0000000e                BIOSDATA_O_CLK_D_TIMEFXN
0000000e                HWI_INT14
0000000f                HWI_INT15
0000000f                _HWI_INT15
0000000f                GBL_PLLM
00000010                _HWI_INT16
00000010                HWI_INT16
00000010                BIOSDATA_O_CLK_R_TIMH
00000011                HWI_INT17
00000011                BIOSDATA_O_CLK_R_TIML
00000011                _HWI_INT17
00000012                BIOSDATA_O_HST_D_CHANMASK
00000012                HWI_INT18
00000012                _HWI_INT18
00000013                _HWI_INT19
00000013                HWI_INT19
00000014                BIOSDATA_O_IDL_D_CALBEG
00000014                _HWI_INT20
00000014                HWI_INT20
00000015                _HWI_INT21
00000015                HWI_INT21
00000016                _HWI_INT22
00000016                HWI_INT22
00000016                BIOSDATA_O_IDL_D_CALIBRATE
00000017                HWI_TINT
00000017                _HWI_TINT
00000017                _HWI_INT23
00000017                HWI_INT23
00000018                HWI_BERR
00000018                BIOSDATA_O_IDL_D_TABBEG
00000018                _HWI_BERR
00000019                HWI_DLOG
00000019                _HWI_DLOG
0000001a                BIOSDATA_O_LOG_D_SYSTEM
0000001a                _HWI_RTOS
0000001a                HWI_RTOS
0000001b                _HWI_SINT27
0000001b                HWI_SINT27
0000001c                BIOSDATA_O_PIP_D_TABBEG
0000001c                _HWI_SINT28
0000001c                HWI_SINT28
0000001d                _HWI_SINT29
0000001d                HWI_SINT29
0000001e                _HWI_SINT30
0000001e                BIOSDATA_O_PIP_D_TABLEN
0000001e                HWI_SINT30
0000001f                HWI_SINT31
0000001f                _HWI_SINT31
00000020                _CLK_TCR
00000020                BIOSDATA_O_PRD_D_CUR
00000020                CLK_TCR
00000020                trace$size
00000022                BIOSDATA_O_PRD_D_ELAPSED
00000023                BIOSDATA_O_PRD_D_PREVTIM
00000024                BIOSDATA_O_PRD_D_SCALAR
00000026                BIOSDATA_O_PRD_D_SWIHANDLE
00000028                BIOSDATA_O_PRD_D_TABBEG
0000002a                BIOSDATA_O_PRD_D_TABLEN
0000002c                BIOSDATA_O_PRD_D_THOOK
0000002e                BIOSDATA_O_PRD_D_TICKH
0000002f                BIOSDATA_O_PRD_D_TICKL
00000030                BIOSDATA_O_SWI_D_CURFXN
00000032                BIOSDATA_O_SWI_D_CURMASK
00000033                BIOSDATA_O_SWI_D_CURMBOX
00000034                BIOSDATA_O_SWI_D_CURSET
00000036                BIOSDATA_O_SWI_D_EXECADDR
00000038                BIOSDATA_O_SWI_D_LOCK
0000003a                BIOSDATA_O_SWI_D_RDYBEG
0000003c                BIOSDATA_O_SWI_D_RDYTAB
00000040                LOG_system$size
00000042                GBL_FOOTPRINT
00000045                CLK_TIMERIMR
00000046                CLK_TIMERIFR
00000078                BIOSDATA_O_HWI_D_SPSAVE
0000007a                BIOSDATA_O_HWI_D_SSPSAVE
0000007c                BIOSDATA_O_MEM_D_NUMSEGMENTS
0000007e                BIOSDATA_O_MEM_D_MEMTAB
00000080                BIOSDATA_O_MEM_D_FREELIST
00000080                CLK_TIMERIMRMASK
00000080                CLK_IMR1TINTMASK
00000082                BIOSDATA_O_MEM_D_LOCKADDR
00000084                BIOSDATA_O_MEM_D_UNLOCKADDR
00000086                BIOSDATA_O_SYS
00000088                BIOSDATA_O_HST_D_TABBEGADDR
0000008a                BIOSDATA_O_HST_D_TABENDADDR
0000008c                BIOSDATA_O_HWI_D_STKBOTADDR
0000008e                BIOSDATA_O_HWI_D_STKTOPADDR
00000090                BIOSDATA_O_HWI_D_SYSTKBOTADDR
00000092                BIOSDATA_O_HWI_D_SYSTKTOPADDR
00000094                BIOSDATA_O_TSK_D_IDLSTKADDR
00000096                BIOSDATA_O_TSK_D_IDLSYSTKADDR
00000098                BIOSDATA_O_RTDX_D_BUFREAD
0000009a                BIOSDATA_O_RTDX_D_BUFWRITE
0000009c                BIOSDATA_O_SWI_D_RUNADDR
00000100                HWI_A_VECS
00000100                hwi0
00000100                TSK_SYSTACKSIZE
00000100                _HWI_A_VECS
00000100                HST_MAXFRAMEALLOWED
00000102                RTDX_BUFMEMSIZE
00000108                hwi1
00000110                hwi2
00000118                hwi3
00000120                hwi4
00000128                hwi5
00000130                hwi6
00000138                hwi7
00000140                hwi8
00000148                hwi9
00000150                hwi10
00000158                hwi11
00000160                hwi12
00000168                hwi13
00000170                hwi14
00000178                hwi15
00000180                hwi16
00000188                hwi17
00000190                hwi18
00000198                hwi19
000001a0                hwi20
000001a8                hwi21
000001b0                hwi22
000001b8                hwi23
000001c0                hwi24
000001c8                hwi25
000001d0                hwi26
000001d8                hwi27
000001e0                hwi28
000001e8                hwi29
000001f0                hwi30
000001f8                hwi31
            00000100    _DARAM_base
            00000100    _HST_A_TABBEG
            00000100    PRD_A_TABEND
            00000100    _HST_A_TABEND
            00000100    ___data__
            00000100    PRD_A_TABBEG
            00000100    ___edata__
            00000100    edata
            00000100    _PIP_A_TABBEG
00000200                __SYSSTACK_SIZE
            00000100    DARAM$B
            00000100    HST_A_TABEND
            00000100    _PIP_A_TABEND
            00000100    PIP_A_TABEND
            00000100    PIP_A_TABBEG
            00000100    HST_A_TABBEG
            00000100    .data
00000400                HST_DSMMEMSIZE
00000400                TSK_STACKSIZE
00000490                GBL_A_VERSION
000005e6                GBL_DSPSUBTYPE
00000800                __STACK_SIZE
00000b50                GBL_CLKMD
00002800                CLK_REGS
00002800                _CLK_REGS
00004000                TRC_GBLTARG
00004000                GBL_TRCMASKVALUE
00004000                PRD_SCALAR
00008000                GBL_PLLDIV0
0000a800                _DARAM_length
0000a800                DARAM$L
            00005500    TSK_idle$stack
            000058df    TSK_idle$stkptr
            00005900    TSK_idle$sysstack
            000059df    TSK_idle$sysstkptr
            00005a00    _HWI_STKTOP
            00005a00    __stack
            00005a00    GBL_stackbeg
0000bb7f                CLK_PRD
0000bb7f                _CLK_PRD
0000bb80                _CLK_COUNTSPMS
0000bb80                CLK_COUNTSPMS
            00005dff    GBL_stackend
            00005e00    ___bss__
            00005e00    .bss
            00005e00    _HWI_STKBOTTOM
            00005e00    _DSPLINK_FXNS
            00005e0c    _DSPLINK_DEV_PARAMS
            00005f7c    _KNL_wFlag
            00005f7d    _KNL_set
            00005f7e    _KNL_queues
            00005fce    _KNL_wList
            00005fd0    _KNL_alarm
            00005fd2    _KNL_setpri
            00005fd4    _KNL_inactive
            00005fd6    _KNL_priority
            00005fd8    _KNL_dummy
            00005ff0    _KNL_curtask
            00005ff2    _KNL_prevtask
            00005ff4    _KNL_curtime
            00005ff6    _KNL_swiptr
            00005ff8    _KNL_curqueue
            00005ffa    _KNL_maxqueue
            00005ffc    _KNL_tswitchfxn
            00005ffe    _KNL_tcreatefxn
            00006000    _KNL_tdeletefxn
            00006002    _KNL_treadyfxn
            00006004    _KNL_idlefxn
            00006098    __cleanup_ptr
            0000609a    __dtors_ptr
            000060d8    _MSGQ
            000060da    _TSK_nTasks
            000060db    _TSK_pid
            000060dc    _TSK_ATTRS
            000060ea    _TSK_config
            000060f8    _TSK
            000060fa    _TSK_timerSem
            00006108    _OBJ_table
            00006124    _OBJ_segtab
            0000612b    _BUF_ATTRS
            0000612c    _outputBuffer
            0000612e    _inputBuffer
            00006130    _shmFieldMap
            0000614c    _MEM_memtab
            00006152    _CLK_D_microseconds
            00006154    _CLK_DFLTMICROSECS
            00006156    __HOOK_knlId
            00006157    _DARAM
            00006157    DARAM
            00006157    RTDX_DATAMEMSEG
            00006157    MEM_SEGZERO
            00006157    TSK_STACKSEG
            00006157    HST_DSMBUFSEG
            00006157    MEM_MALLOCSEG
            00006158    RTA_fromHost$buf
            00006160    _DEV_devinit
            00006164    _DEV_D_devinit
            00006166    __DEV_NUMINITFXNS
            00006168    __DEV_D_NUMINITFXNS
            0000616a    __HOOK_NUMHOOKS
            0000616b    _SEM_ATTRS
            0000616c    _MQTDSPLINK_FXNS
            00006184    _MQABUF_FXNS
            0000619a    _SYS_exitStack
            000061aa    _SYS_exitStackPtr
            000061ac    _SYS_exitStackTop
            000061ae    __TSK_mutex
            000061c0    _DIO_tskDynamicFxns
            000061ce    _GIO_CONFIG
            000061d6    _GIO
            000061e6    _HWI_ATTRS
            000061ea    _FAIL_Set
            000061eb    _FAIL_File
            000061ec    _FAIL_Line
            000061ed    _FAIL_Code
            000061ee    __MSGQ_state
            000061f2    __lock
            000061f4    __unlock
            000061f8    _GIO_ATTRS
            000061fa    _MEM
            000061fc    end
            000061fc    ___end__
            00006340    __ctypes_
            000065a0    _MQTBIOSQUE_FXNS
            000065b4    _MSGQ_ATTRS
            000065ba    _MSGQ_LOCATEATTRS
            000065c2    _SHM_BASE
            000065c4    _SHM_LEN
            000065c6    _SHM_CONTROL_LEN
            000065de    _defaultChanParams
            000065e2    _RTDX_Buffer
            000066e4    _rtdx_mon_state
            000066f6    _rtdx_buffer_state
            000066fc    _RTDX_writing
            00006706    _RTDX_Buffer_Start
            00006708    _RTDX_Buffer_End
            0000670a    _HWI_SYSSTKTOP
            0000670a    __sysstack
            0000670a    GBL_sysstackbeg
            00006809    GBL_sysstackend
            0000680a    _HWI_SYSSTKBOTTOM
            0000680a    _SYS_PUTCBEG
            00006909    _SYS_PUTCEND
            0000690a    _HWI_dispatchTab
            000069ca    C55_BIOSDATAOBJ
            000069ca    _CLK_D_dirty
            000069cc    _CLK_D_prd
            000069ce    _CLK_D_tddr
            000069d0    _CLK_D_countspms
            000069d2    CLK_D_idletime
            000069d4    CLK_D_isrhook
            000069d6    CLK_D_tabbeg
            000069d8    CLK_D_timefxn
            000069da    CLK_R_timh
            000069db    CLK_R_timl
            000069dc    HST_D_chanmask
            000069de    IDL_D_calbeg
            000069e0    IDL_D_calibrate
            000069e2    IDL_D_tabbeg
            000069e4    _LOG_D_system
            000069e4    LOG_D_system
            000069e6    PIP_D_tabbeg
            000069e8    PIP_D_tablen
            000069ea    PRD_D_cur
            000069ec    PRD_D_elapsed
            000069ed    PRD_D_prevtim
            000069ee    PRD_D_scalar
            000069f0    PRD_D_swihandle
            000069f2    PRD_D_tabbeg
            000069f4    PRD_D_tablen
            000069f6    PRD_D_thook
            000069f8    PRD_D_tickh
            000069f9    _PRD_D_tick
            000069f9    PRD_D_tickl
            000069fa    _SWI_D_curfxn
            000069fa    SWI_D_curfxn
            000069fc    _SWI_D_curmask
            000069fc    SWI_D_curmask
            000069fd    SWI_D_curmbox
            000069fe    SWI_D_curset
            00006a00    SWI_D_execaddr
            00006a02    SWI_D_lock
            00006a02    _SWI_D_lock
            00006a04    _SWI_D_rdybeg
            00006a04    SWI_D_rdybeg
            00006a06    SWI_D_rdytab
            00006a42    _HWI_D_spsave
            00006a42    HWI_D_spsave
            00006a44    _HWI_D_sspsave
            00006a44    HWI_D_sspsave
            00006a46    _MEM_D_NUMSEGMENTS
            00006a48    _MEM_D_memtab
            00006a4a    _MEM_D_freelist
            00006a4c    _MEM_D_lockaddr
            00006a4e    _MEM_D_unlockaddr
            00006a50    _SYS
            00006a52    HST_D_tabbegaddr
            00006a54    HST_D_tabendaddr
            00006a56    HWI_D_stkbotaddr
            00006a58    HWI_D_stktopaddr
            00006a5a    HWI_D_systkbotaddr
            00006a5c    HWI_D_systktopaddr
            00006a5e    TSK_D_idlstkaddr
            00006a60    TSK_D_idlsystkaddr
            00006a62    RTDX_D_BufRead
            00006a64    RTDX_D_BufWrite
            00006a66    SWI_D_runaddr
            00006a68    KNL_swi
            00006a68    SWI_A_TABBEG
            00006a68    _KNL_swi
            00006a7c    CLK_A_TABBEG
            00006a7c    _PRD_clock
            00006a7c    PRD_clock
            00006a7c    SWI_A_TABEND
            00006a7e    CLK_NULL
            00006a80    LOG_system$buf
            00006a80    CLK_A_TABEND
            00006ac0    ___c_args__
            00006b10    SYS$config
            00006b18    _STS_A_TABBEG
            00006b18    KNL_swi$sts$stsobj
            00006b18    STS_A_TABEND
            00006b18    STS_A_TABBEG
            00006b18    _STS_A_TABEND
            00006b1a    KNL_swi$sts
            00006b20    trace$buf
            00006b46    TSK_idle
            00006b46    _TSK_idle
            00006b5e    TSK_idle$tskobj
            00006b6c    DIO_dio_dsplink$obj
            00006b72    DIO_dio_dsplink$device
            00006b7e    UDEV_dsplink$obj
            00006b84    UDEV_dsplink$device
            00006b90    LOG_A_TABBEG
            00006b90    LOG_system
            00006b90    _LOG_system
            00006b90    _LOG_A_TABBEG
            00006b9a    trace
            00006b9a    _trace
            00006ba4    LOG_A_TABEND
            00006ba4    _LOG_A_TABEND
            00006ba4    IDL_END
            00006ba4    IDL_A_TABBEG
            00006ba6    IDL_A_TABEND
            00006ba6    IDL_END$
            00006ba6    IDL_A_CALBEG
            00006ba8    IDL_A_CALEND
            000080ff    ___cinit__
            000080ff    cinit
00010b23                _RTDX_Final_RT_Monitor
00010b5d                _RTDX_Init_RT_Monitor
00010c6c                _RTDX_Poll
00010d53                _RTDX_H2TPoll
00010db7                _RTDX_Mon_Queue
00010e3c                _RTDX_IsFlowEnabled
00010e49                _RTDX_Buffer_Initialize
00011042                _RTDX_Buffer_Write
00011120                _RTDX_Buffer_Read
00011167                _RTDX_Mask_IER
00011191                _RTDX_Set_IER
000111b0                _BIOS_init
000111b0                BIOS_init
0001123e                _BIOS_start
0001123e                BIOS_start
0001127e                _c_int00
            00008982    gblinit
            0000899c    ___pinit__
            0000899c    pinit
            000089a2    TRC_cinit
            000089a3    TRC_R_mask
            000089a3    _TRC_R_mask
            000089a4    GBL_initdone
0054eab8                CLK_MICROSECONDS
00600000                ___text__
00600000                .text
00600000                _DIO_tskCallback
00600068                _DIO_tskIdle
006000fc                _DIO_tskIssue
00600178                _DIO_tskReady
006001bc                _DIO_tskReclaim
006001e9                _MQABUF_exit
00600365                _EMIF_init
00600368                _GIO_create
006004c8                _GIO_submit
006005e2                _MQTDSPLINK_init
006005e4                _GIO_delete
0060068c                _MSGQ_locateLocal
00600716                _MQTDSPLINK_exit
00600718                __MQTBIOSQUE_get
0060077c                __MQTBIOSQUE_delete
006007d9                _MQABUF_init
006007dc                __GIO_iomCallback
00600828                __MQTBIOSQUE_create
00600871                _CSL_cfgInit
00600874                _DIO_ctrl
006008b0                _DIO_init
006008b4                __MQTBIOSQUE_put
006008e8                __MQTBIOSQUE_open
006008f8                _MSGQ_notImplStatus
006008fc                _MSGQ_notImplPtr
00600904                __MQTBIOSQUE_close
00600910                _IOM_mdNotImpl
00600914                _GIO_init
00600918                _MQTBIOSQUE_init
0060091c                _MQTBIOSQUE_exit
0060161f                _GetPutMsg
00601ac3                _main
00602a61                _SHM_init
00602b4c                _SHM_handshake
00602b77                _SHM_registerGPPISR
00602b9f                _SetupMessaging
00602c46                _CleanupMessaging
00602c73                _GetDsplinkMsgqName
00602cbd                _BinarySemPend
00602f9d                _exit
00602ffd                _atexit
006031b3                _INT_disableGPPInt
006031c1                _INT_enableGPPInt
006031cd                _INT_sendInt
006031ec                _INT_isrStub
00603211                _atoi
0060326d                _INT_init
00603277                _INT_registerGPPISR
006032c8                _DSPLINK_init
006033a7                I$$DIV
006033a7                __divi
006033c6                I$$MOD
006033c6                __remi
0060341e                _SHM_getMaxBufferSize
00603455                _SetReason
00603487                I$$UDIV
00603487                __divu
0060349c                __remu
0060349c                I$$UMOD
006034b1                _strcat
006034da                _strncmp
00603503                _strcpy
0060351d                _memset
00603532                __nop
00603534                __register_lock
0060353c                __register_unlock
00603544                _memcpy
00603556                _strlen
00603567                _strcmp
00603577                _HAL_init
00603585                _abort
00603586                C$$EXIT
0060358e                ___etext__
0060358e                etext
00603590                _TSK_create
006037e8                _MSGQ_init
00603980                _MSGQ_create
00603b08                _MEM_free
00603c74                _SEM_pendEnterKnl
00603dc4                _MSGQ_locate
00603efc                _MEM_alloc
00604020                _MEM_init
00604140                _KNL_run
00604258                _MSGQ_exit
00604464                _KNL_tick
00604474                _BUF_create
00604568                _TSK_exit
00604644                __SEM_dopost
00604704                _TSK_setup
006047c0                _DEV_init
00604884                _TSK_startup
006048f8                _TSK_init
0060497c                _DEV_match
006049fc                _HWI_dispatchPlug
00604a7c                _MSGQ_sendErrorMsg
00604af0                _MSGQ_put
00604b60                _MSGQ_alloc
00604bc8                _KNL_ready
00604c2c                _LCK_post
00604c4c                _LCK_pend
00604c88                _OBJ_create
00604ce0                _OBJ_delete
00604d2c                _KNL_ipost
00604d70                _BUF_alloc
00604db4                _SYS_exit
00604df8                _SEM_create
00604e34                _MSGQ_release
00604e70                SYS_PUTCFXN
00604e70                _UTL_doPutc
00604eac                _MSGQ_free
00604ee4                _KNL_post
00604f1c                _KNL_enter
00604f30                _KNL_exit
00604f50                _BUF_delete
00604f84                _MEM_valloc
00604fb4                _BUF_free
00604fe4                _MSGQ_delete
0060500c                SYS_ABORTFXN
0060500c                _UTL_doAbort
00605030                SYS_ERRORFXN
00605030                _UTL_doError
00605050                _SEM_postEnterKnl
0060506c                _SYS_abort
00605088                _SYS_error
006050a4                _SEM_delete
006050b4                _HOOK_setenv
006050c0                _UTL_halt
006050c0                SYS_EXITFXN
006050cc                _FXN_F_nop
006050cc                GIO_CREATEFXN
006050cc                GIO_DELETEFXN
006050cc                GBL_BIOS_BOOTFXN
006050cc                GBL_USERINITFXN
006050cc                GIO_PENDFXN
006050cc                TSK_VDELETEFXN
006050cc                TSK_VCREATEFXN
006050cc                TSK_VEXITFXN
006050cc                GIO_POSTFXN
006050d0                _OBJ_init
006050d2                SWI_F_enable
006050d2                _SWI_enable
00605105                SWI_F_post
00605105                _SWI_post
00605190                SWI_F_exec_sync
00605225                SWI_EXECFXN
00605225                SWI_F_exec
0060531b                SWI_RUNFXN
0060531b                SWI_F_run
00605428                logPost
0060547a                stsPost
006054c4                _HWI_F_dispatch
006054c4                HWI_F_dispatch
006057b5                PRD_F_swi
006058d4                PRD_F_tick
00605935                _KNL_switch
00605993                KNL_glue
006059d2                PRD_THOOKFXN
006059d2                KNL_tick_stub
006059f2                _KNL_saveIsrFrame
00605a5b                CLK_F_start32
00605abf                CLK_F_getfhtime32
00605ad4                CLK_F_getshtime32
00605ad4                CLK_TIMEFXN
00605ad4                CLK_F_gethtime
00605b4d                CLK_F_isr
00605bda                _ATM_andu
00605bda                _ATM_andi
00605bf2                _ATM_clearu
00605bf2                _ATM_cleari
00605c06                _ATM_deci
00605c06                _ATM_decu
00605c1d                _ATM_inci
00605c1d                _ATM_incu
00605c34                _ATM_oru
00605c34                _ATM_ori
00605c4c                _ATM_seti
00605c4c                _ATM_setu
00605c61                CLK_F_getfhtime
00605c8d                CLK_F_getshtime
00605cbe                _CLK_getltime
00605cbe                CLK_F_getltime
00605cc7                _CLK_itime
00605cc7                CLK_F_itime
00605ce4                _C55_plug
00605d64                _auto_init
00605dd5                _C55_disableIMR0
00605df5                _C55_disableIMR1
00605e15                _C55_enableIMR0
00605e2b                _C55_enableIMR1
00605e41                _KNL_check
00605e7d                _KNL_idle
00605e97                _KNL_max
00605eac                _LOG_printf
00605f0e                _KNL_start
00605f6c                LOG_F_event
00605f6c                _LOG_event
00605fbd                _SEM_post
00606009                _SEM_pend
00606054                _QUE_get
00606073                _QUE_put
00606093                FXN_F_nop
00606093                _CLK_start
00606095                FXN_F_run
006060bf                FXN_F_zero
006060c3                FXN_F_selfLoop
006060c5                _STS_delta
006060c5                STS_F_delta
006060cf                STS_F_add
006060cf                _STS_add
006060e7                _STS_reset
006060e7                STS_F_reset
006060f5                _HWI_disable
00606107                _HWI_enable
0060610b                _HWI_restore
00606117                CLK_F_wdogdisable
00606135                CLK_F_start5561
0060614a                CLK_F_wdogdisable5561
00606151                __CLK_hwienter
00606151                CLK_F_run
00606151                CLK_HOOKFXN
00606157                CLK_F_dispRun
00606163                IDL_F_loop
00606163                _IDL_F_loop
0060616f                GBL_F_version
00f80000                GBL_CACHEICRTAG1
00f81000                GBL_CACHEICRTAG2
ffffffff                ___binit__
ffffffff                EXTMEM
ffffffff                binit
ffffffff                _SHMMEM
ffffffff                _EXTMEM
ffffffff                _PDROM
ffffffff                _RESET_VECTOR
ffffffff                _SARAM
ffffffff                SARAM
ffffffff                RESET_VECTOR
ffffffff                PDROM
ffffffff                _VECT
ffffffff                VECT
ffffffff                SHMMEM

[776 symbols]
