******************************************************************************
         TMS320C55x COFF Linker PC v3.2.2                      
******************************************************************************
>> Linked Fri Nov 23 17:01:17 2007

OUTPUT FILE NAME:   <./Debug/app.out>
ENTRY POINT SYMBOL: "_c_int00"  address: 00027378


MEMORY CONFIGURATION

                  name            origin    length      used    attr    fill
                                 (bytes)   (bytes)    (bytes)
         ----------------------  --------  ---------  --------  ----  --------
         VECT                    00000100   00000100  00000100  RWIX
         DARAM                   00000200   0000fe00  00009074  RWIX
         SARAM_A                 00010000   00010000  000015d2  RWIX
         SARAM                   00020000   00020000  000073fe  RWIX
         SARAM_B                 00040000   00010000  00000000  RWIX
         SDRAM                   00050000   003b0000  00004000  RWIX
         FLASH                   00400000   00080000  00000000  RWIX


SECTION ALLOCATION MAP
(Addresses surrounded by []'s are displayed for convenience only!)

output                                                          attributes/
section   page  orgn(bytes) orgn(words) len(bytes) len(words)   input sections
--------  ----  ----------- ----------- ---------- ----------   --------------
.hwi_vec     0     00000100  [ 00000080 ] 00000100          *   
                   00000100  [ 00000080 ] 00000100          *   appcfg.o55l (.hwi_vec)

.prd         0   [ 00000200 ]  00000100          *   00000000   UNINITIALIZED

.far         0   [ 00000200 ]  00000100          *   00000000   UNINITIALIZED

.gio         0   [ 00000200 ]  00000100          *   00000000   UNINITIALIZED

.sysregs     0   [ 00000200 ]  00000100          *   00000000   UNINITIALIZED

.udev        0   [ 00000200 ]  00000100          *   00000000   UNINITIALIZED

.data        0   [ 00000200 ]  00000100          *   00000000   UNINITIALIZED

.cio         0   [ 00000200 ]  00000100          *   00000000   UNINITIALIZED

.dsm         0   [ 00000200 ]  00000100          *   00000000   UNINITIALIZED

.DARAM$heap 
*            0   [ 00000200 ]  00000100          *   00001000   UNINITIALIZED

.bss         0   [ 00002200 ]  00001100          *   00000868   UNINITIALIZED
                 [ 00002200 ]  00001100          *   0000027e   thrProcess.o55l (.bss)
                 [ 000026fc ]  0000137e          *   00000144   thrTxJoin.o55l (.bss)
                 [ 00002984 ]  000014c2          *   00000142   thrRxSplit.o55l (.bss)
                 [ 00002c08 ]  00001604          *   00000090   c5510_dma_mcbsp.l55l : c5510_dma_mcbsp (.bss)
                 [ 00002d28 ]  00001694          *   0000008a   biosi.a55l : knl_inst.o55l (.bss)
                 [ 00002e3c ]  0000171e          *   00000052   dsk5510_dma_aic23.l55l : dsk5510_dma_aic (.bss)
                 [ 00002ee0 ]  00001770          *   00000046   rts55x.lib : exit.obj (.bss)
                 [ 00002f6c ]  000017b6          *   0000003c   appResources.o55l (.bss)
                 [ 00002fe4 ]  000017f2          *   0000002e   biosi.a55l : tsk_inst.o55l (.bss)
                 [ 00003040 ]  00001820          *   0000002a   appcfg.o55l (.bss)
                 [ 00003094 ]  0000184a          *   00000023   biosi.a55l : obj_init_inst.o (.bss)
                 [ 000030da ]  0000186d          *   0000001b   dsk5510_dma_aic23.l55l : aic23.o55l (.bss)
                 [ 00003110 ]  00001888          *   00000016   vol_ti.l55l : vol_ti_ivolvt.o55l (.bss)
                 [ 0000313c ]  0000189e          *   00000014   fir_ti.l55l : fir_ti_vt.o55l (.bss)
                 [ 00003164 ]  000018b2          *   00000014   biosi.a55l : sys_inst.o55l (.bss)
                 [ 0000318c ]  000018c6          *   00000012   dsk5510_devParams.o55l (.bss)
                 [ 000031b0 ]  000018d8          *   00000012   appcfg_c.o55l (.bss)
                 [ 000031d4 ]  000018ea          *   00000012   biosi.a55l : tsk_stup_inst.o (.bss)
                 [ 000031f8 ]  000018fc          *   0000000e   drivers.a55l : dio_tskdynamic (.bss)
                 [ 00003214 ]  0000190a          *   00000008   biosi.a55l : knl_tick_inst.o (.bss)
                 [ 00003224 ]  00001912          *   00000008   utl.l55l : utl_defaultLog.o55l (.bss)
                 [ 00003234 ]  0000191a          *   00000008   cellVol.o55l (.bss)
                 [ 00003244 ]  00001922          *   00000008   sioboth.a55l : sio_both.o55l (.bss)
                 [ 00003254 ]  0000192a          *   00000008   thrControl.o55l (.bss)
                 [ 00003264 ]  00001932          *   00000008   cellFir.o55l (.bss)
                 [ 00003274 ]  0000193a          *   00000006   scom.l55l : scom.o55l (.bss)
                 [ 00003280 ]  00001940          *   00000006   ifir.o55l (.bss)
                 [ 0000328c ]  00001946          *   00000005   algrf.l55l : algrf_setup.o55l (.bss)
                 [ 00003296 ]  0000194b          *   00000001   biosi.a55l : que_crea_inst.o (.bss)
                 [ 00003298 ]  0000194c          *   00000004   rts55x.lib : _lock.obj (.bss)
                 [ 000032a0 ]  00001950          *   00000004   sscr.l55l : sscr.o55l (.bss)
                 [ 000032a8 ]  00001954          *   00000004   chan.l55l : chan.o55l (.bss)
                 [ 000032b0 ]  00001958          *   00000004   biosi.a55l : hwi_disp.o55l (.bss)
                 [ 000032b8 ]  0000195c          *   00000003   ivol.o55l (.bss)
                 [ 000032be ]  0000195f          *   00000001   biosi.a55l : mbx_crea_inst.o (.bss)
                 [ 000032c0 ]  00001960          *   00000002              : gbl_cslinit55.o (.bss)
                 [ 000032c4 ]  00001962          *   00000002              : clk_start55.o55 (.bss)
                 [ 000032c8 ]  00001964          *   00000002              : mem_asm.o55l (.bss)
                 [ 000032cc ]  00001966          *   00000001   sscr.l55l : sscr_setup.o55l (.bss)
                 [ 000032ce ]  00001967          *   00000001   biosi.a55l : sem_crea_inst.o (.bss)

.stack       0   [ 000032d0 ]  00001968          *   00000800   
                 [ 000032d0 ]  00001968          *   00000800   --HOLE-- [fill = beef]

.tskControl$stk 
*            0   [ 000042d0 ]  00002168          *   00000500   UNINITIALIZED
                 [ 000042d0 ]  00002168          *   00000500   appcfg.o55l (.tskControl$stk)

.tskProcess$stk 
*            0   [ 00004cd0 ]  00002668          *   00000500   UNINITIALIZED
                 [ 00004cd0 ]  00002668          *   00000500   appcfg.o55l (.tskProcess$stk)

.tskTxJoin$stk 
*            0   [ 000056d0 ]  00002b68          *   00000500   UNINITIALIZED
                 [ 000056d0 ]  00002b68          *   00000500   appcfg.o55l (.tskTxJoin$stk)

.tskRxSplit$stk 
*            0   [ 000060d0 ]  00003068          *   00000500   UNINITIALIZED
                 [ 000060d0 ]  00003068          *   00000500   appcfg.o55l (.tskRxSplit$stk)

.TSK_idle$stk 
*            0   [ 00006ad0 ]  00003568          *   00000500   UNINITIALIZED
                 [ 00006ad0 ]  00003568          *   00000500   appcfg.o55l (.TSK_idle$stk)

.sysstack 
*            0   [ 000074d0 ]  00003a68          *   00000400   
                 [ 000074d0 ]  00003a68          *   00000400   --HOLE-- [fill = feeb]

.const       0   [ 00007cd0 ]  00003e68          *   00000285   
                 [ 00007cd0 ]  00003e68          *   000000af   utl.l55l : utl_algmem.o55l (.const)
                 [ 00007e2e ]  00003f17          *   00000001   --HOLE-- [fill = 0]
                 [ 00007e30 ]  00003f18          *   00000075   thrProcess.o55l (.const)
                 [ 00007f1a ]  00003f8d          *   00000001   --HOLE-- [fill = 0]
                 [ 00007f1c ]  00003f8e          *   0000002a   thrRxSplit.o55l (.const)
                 [ 00007f70 ]  00003fb8          *   0000002a   thrTxJoin.o55l (.const)
                 [ 00007fc4 ]  00003fe2          *   00000029   utl.l55l : utl_heapusage.o55l (.const)
                 [ 00008016 ]  0000400b          *   00000001   --HOLE-- [fill = 0]
                 [ 00008018 ]  0000400c          *   00000023   biosi.a55l : utl_doab_inst.o (.const)
                 [ 0000805e ]  0000402f          *   00000001   --HOLE-- [fill = 0]
                 [ 00008060 ]  00004030          *   00000022              : utl_doer_inst.o (.const)
                 [ 000080a4 ]  00004052          *   00000020   appcfg.o55l (.const)
                 [ 000080e4 ]  00004072          *   00000020   biosi.a55l : dev_init_inst.o (.const)
                 [ 00008124 ]  00004092          *   0000001b   appThreads.o55l (.const)
                 [ 0000815a ]  000040ad          *   00000001   --HOLE-- [fill = 0]
                 [ 0000815c ]  000040ae          *   00000015   appMain.o55l (.const)
                 [ 00008186 ]  000040c3          *   00000012   dsk5510_dma_aic23.l55l : dsk5510_dma_aic (.const)
                 [ 000081aa ]  000040d5          *   00000001   --HOLE-- [fill = 0]
                 [ 000081ac ]  000040d6          *   00000006   rtdxx.lib : rtdx_mon.o55L (.const)
                 [ 000081b8 ]  000040dc          *   00000004             : buffer1.o55L (.const)
                 [ 000081c0 ]  000040e0          *   00000004   biosi.a55l : mem_allo_inst.o (.const)
                 [ 000081c8 ]  000040e4          *   00000004   sioboth.a55l : sio_crea_both.o (.const)
                 [ 000081d0 ]  000040e8          *   00000004   biosi.a55l : mem_free_inst.o (.const)
                 [ 000081d8 ]  000040ec          *   00000001              : tsk_inst.o55l (.const)

.mem         0   [ 000081da ]  000040ed          *   00000001   UNINITIALIZED
                 [ 000081da ]  000040ed          *   00000001   appcfg.o55l (.mem)

.hst         0   [ 000081dc ]  000040ee          *   00000012   UNINITIALIZED
                 [ 000081dc ]  000040ee          *   00000012   appcfg.o55l (.hst)

.logTrace$buf 
*            0   [ 00008200 ]  00004100          *   00000100   
                 [ 00008200 ]  00004100          *   00000100   appcfg.o55l (.logTrace$buf) [fill = ffff]

.LOG_system$buf 
*            0   [ 00008400 ]  00004200          *   00000100   
                 [ 00008400 ]  00004200          *   00000100   appcfg.o55l (.LOG_system$buf) [fill = ffff]

.rtdx_data 
*            0   [ 00008600 ]  00004300          *   00000128   UNINITIALIZED
                 [ 00008600 ]  00004300          *   00000102   appcfg.o55l (.rtdx_data)
                 [ 00008804 ]  00004402          *   00000012   rtdxx.lib : rtdx_mon.o55L (.rtdx_data)
                 [ 00008828 ]  00004414          *   00000010             : buffer1.o55L (.rtdx_data)
                 [ 00008848 ]  00004424          *   00000004   biosi.a55l : rtdx_data.o55l (.rtdx_data)

.csldata     0   [ 00008850 ]  00004428          *   00000112   UNINITIALIZED
                 [ 00008850 ]  00004428          *   0000007e   csl5510PG2_2x.lib : csl_dmadat.obj (.csldata:DMA_data)
                 [ 0000894c ]  000044a6          *   00000066                     : csl_mcbspdat.obj (.csldata:MCBSP_data)
                 [ 00008a18 ]  0000450c          *   00000022                     : csl_csldat.obj (.csldata:SYS_data)
                 [ 00008a5c ]  0000452e          *   0000000c                     : csl_timdat.obj (.csldata:TIMER_data)

.tsk         0   [ 00008a74 ]  0000453a          *   000000dc   UNINITIALIZED
                 [ 00008a74 ]  0000453a          *   000000dc   appcfg.o55l (.tsk)

.hwi_disp_sec 
*            0   [ 00008c2c ]  00004616          *   000000c0   UNINITIALIZED
                 [ 00008c2c ]  00004616          *   000000c0   biosi.a55l : hwi_disp_asm.o5 (.hwi_disp_sec)

.sysdata     0   [ 00008dac ]  000046d6          *   000000bc   UNINITIALIZED
                 [ 00008dac ]  000046d6          *   0000009e   biosi.a55l : biosdata.o55l (.sysdata)
                 [ 00008ee8 ]  00004774          *   00000016              : rta.o55l (.sysdata)
                 [ 00008f14 ]  0000478a          *   00000006   lnkrtdx.a55l : rtdx.o55l (.sysdata)
                 [ 00008f20 ]  00004790          *   00000002   biosi.a55l : idl_busy.o55l (.sysdata)

.sts         0   [ 00008f24 ]  00004792          *   00000088   UNINITIALIZED
                 [ 00008f24 ]  00004792          *   00000088   appcfg.o55l (.sts)

.pip         0   [ 00009034 ]  0000481a          *   00000064   UNINITIALIZED
                 [ 00009034 ]  0000481a          *   00000064   appcfg.o55l (.pip)

.hst0        0   [ 000090fc ]  0000487e          *   00000040   UNINITIALIZED
                 [ 000090fc ]  0000487e          *   00000040   appcfg.o55l (.hst0)

.devtable 
*            0   [ 0000917c ]  000048be          *   00000024   UNINITIALIZED
                 [ 0000917c ]  000048be          *   00000024   appcfg.o55l (.devtable)

.swi         0   [ 000091c4 ]  000048e2          *   00000014   UNINITIALIZED
                 [ 000091c4 ]  000048e2          *   00000014   appcfg.o55l (.swi)

.log         0   [ 000091ec ]  000048f6          *   00000014   UNINITIALIZED
                 [ 000091ec ]  000048f6          *   00000014   appcfg.o55l (.log)

.idl         0   [ 00009214 ]  0000490a          *   00000010   UNINITIALIZED
                 [ 00009214 ]  0000490a          *   00000008   appcfg.o55l (.idl)
                 [ 00009224 ]  00004912          *   00000008   appcfg.o55l (.idlcal)

.args        0   [ 00009234 ]  0000491a          *   00000008   
                 [ 00009234 ]  0000491a          *   00000008   --HOLE-- [fill = 00]

.sys         0   [ 00009244 ]  00004922          *   00000008   UNINITIALIZED
                 [ 00009244 ]  00004922          *   00000008   appcfg.o55l (.sys)

.hst1        0   [ 00009254 ]  0000492a          *   00000008   UNINITIALIZED
                 [ 00009254 ]  0000492a          *   00000008   appcfg.o55l (.hst1)

.clk         0   [ 00009264 ]  00004932          *   00000004   UNINITIALIZED
                 [ 00009264 ]  00004932          *   00000004   appcfg.o55l (.clk)

.dio         0   [ 0000926c ]  00004936          *   00000004   UNINITIALIZED
                 [ 0000926c ]  00004936          *   00000004   appcfg.o55l (.dio)

.switch      0   [ 00010000 ]  00008000          *   00000000   UNINITIALIZED

.cinit       0   [ 00010000 ]  00008000          *   00000aa7   
                 [ 00010000 ]  00008000          *   000004e2   appcfg.o55l (.cinit)
                 [ 000109c4 ]  000084e2          *   000000a1   biosi.a55l : biosdata.o55l (.cinit)
                 [ 00010b06 ]  00008583          *   000000a0              : knl_inst.o55l (.cinit)
                 [ 00010c46 ]  00008623          *   00000096   c5510_dma_mcbsp.l55l : c5510_dma_mcbsp (.cinit)
                 [ 00010d72 ]  000086b9          *   00000081   csl5510PG2_2x.lib : csl_dmadat.obj (.cinit)
                 [ 00010e74 ]  0000873a          *   00000072   thrProcess.o55l (.cinit)
                 [ 00010f58 ]  000087ac          *   00000069   csl5510PG2_2x.lib : csl_mcbspdat.obj (.cinit)
                 [ 0001102a ]  00008815          *   0000005a   appResources.o55l (.cinit)
                 [ 000110de ]  0000886f          *   0000004e   dsk5510_dma_aic23.l55l : dsk5510_dma_aic (.cinit)
                 [ 0001117a ]  000088bd          *   00000029   biosi.a55l : tsk_inst.o55l (.cinit)
                 [ 000111cc ]  000088e6          *   00000025   csl5510PG2_2x.lib : csl_csldat.obj (.cinit)
                 [ 00011216 ]  0000890b          *   0000001e   dsk5510_dma_aic23.l55l : aic23.o55l (.cinit)
                 [ 00011252 ]  00008929          *   00000019   biosi.a55l : rta.o55l (.cinit)
                 [ 00011284 ]  00008942          *   00000019   vol_ti.l55l : vol_ti_ivolvt.o55l (.cinit)
                 [ 000112b6 ]  0000895b          *   00000017   fir_ti.l55l : fir_ti_vt.o55l (.cinit)
                 [ 000112e4 ]  00008972          *   00000015   appcfg_c.o55l (.cinit)
                 [ 0001130e ]  00008987          *   00000015   biosi.a55l : tsk_stup_inst.o (.cinit)
                 [ 00011338 ]  0000899c          *   00000015   dsk5510_devParams.o55l (.cinit)
                 [ 00011362 ]  000089b1          *   00000014   utl.l55l : utl_defaultLog.o55l (.cinit)
                 [ 0001138a ]  000089c5          *   00000011   drivers.a55l : dio_tskdynamic (.cinit)
                 [ 000113ac ]  000089d6          *   0000000f   csl5510PG2_2x.lib : csl_timdat.obj (.cinit)
                 [ 000113ca ]  000089e5          *   0000000e   rts55x.lib : exit.obj (.cinit)
                 [ 000113e6 ]  000089f3          *   0000000e   algrf.l55l : algrf_setup.o55l (.cinit)
                 [ 00011402 ]  00008a01          *   0000000d   sscr.l55l : sscr.o55l (.cinit)
                 [ 0001141c ]  00008a0e          *   0000000b   sioboth.a55l : sio_both.o55l (.cinit)
                 [ 00011432 ]  00008a19          *   0000000b   cellFir.o55l (.cinit)
                 [ 00011448 ]  00008a24          *   0000000b   biosi.a55l : knl_tick_inst.o (.cinit)
                 [ 0001145e ]  00008a2f          *   0000000b   cellVol.o55l (.cinit)
                 [ 00011474 ]  00008a3a          *   0000000a   biosi.a55l : sys_inst.o55l (.cinit)
                 [ 00011488 ]  00008a44          *   0000000a   rts55x.lib : _lock.obj (.cinit)
                 [ 0001149c ]  00008a4e          *   0000000a   biosi.a55l : obj_init_inst.o (.cinit)
                 [ 000114b0 ]  00008a58          *   00000009   ifir.o55l (.cinit)
                 [ 000114c2 ]  00008a61          *   00000009   lnkrtdx.a55l : rtdx.o55l (.cinit)
                 [ 000114d4 ]  00008a6a          *   00000007   biosi.a55l : hwi_disp.o55l (.cinit)
                 [ 000114e2 ]  00008a71          *   00000007   chan.l55l : chan.o55l (.cinit)
                 [ 000114f0 ]  00008a78          *   00000006   ivol.o55l (.cinit)
                 [ 000114fc ]  00008a7e          *   00000005   biosi.a55l : idl_busy.o55l (.cinit)
                 [ 00011506 ]  00008a83          *   00000005              : knl_swit_inst.o (.cinit)
                 [ 00011510 ]  00008a88          *   00000005              : clk_start55.o55 (.cinit)
                 [ 0001151a ]  00008a8d          *   00000005   rtdxx.lib : buffer1.o55L (.cinit)
                 [ 00011524 ]  00008a92          *   00000004   biosi.a55l : que_crea_inst.o (.cinit)
                 [ 0001152c ]  00008a96          *   00000004              : mbx_crea_inst.o (.cinit)
                 [ 00011534 ]  00008a9a          *   00000004              : sem_crea_inst.o (.cinit)
                 [ 0001153c ]  00008a9e          *   00000004   sscr.l55l : sscr_setup.o55l (.cinit)
                 [ 00011544 ]  00008aa2          *   00000004   scom.l55l : scom.o55l (.cinit)
                 [ 0001154c ]  00008aa6          *   00000001   --HOLE-- [fill = 0]

.gblinit     0   [ 0001154e ]  00008aa7          *   00000039   
                 [ 0001154e ]  00008aa7          *   00000039   appcfg.o55l (.gblinit)

.pinit       0   [ 000115c0 ]  00008ae0          *   00000006   
                 [ 000115c0 ]  00008ae0          *   00000002   rtdxx.lib : buffer1.o55L (.pinit)
                 [ 000115c4 ]  00008ae2          *   00000002             : rtdx_mon.o55L (.pinit)
                 [ 000115c8 ]  00008ae4          *   00000002   --HOLE-- [fill = 0]

.trcdata     0   [ 000115cc ]  00008ae6          *   00000003   
                 [ 000115cc ]  00008ae6          *   00000003   biosi.a55l : trc.o55l (.trcdata)

.hwi         0   [ 00020000 ]  00010000          *   00000000   UNINITIALIZED

frt          0   [ 00020000 ]  00010000          *   00000000   UNINITIALIZED

.text        0     00020000  [ 00010000 ] 00003bec          *   
                   00020000  [ 00010000 ] 000004bd          *   c5510_dma_mcbsp.l55l : c5510_dma_mcbsp (.text)
                   000204bd  [ 0001025e+] 00000002          *   icc.l55l : icc_init.o55l (.text:init)
                   000204bf  [ 0001025f+] 00000001          *   --HOLE-- [fill = 20]
                   000204c0  [ 00010260 ] 000001e9          *   drivers.a55l : dio_tsk.o55l (.text)
                   000206a9  [ 00010354+] 00000002          *   algrf.l55l : algrf_init.o55l (.text:init)
                   000206ab  [ 00010355+] 00000001          *   --HOLE-- [fill = 20]
                   000206ac  [ 00010356 ] 00000179          *   drivers.a55l : dio_tskdynamic (.text)
                   00020825  [ 00010412+] 00000002          *   appIO.o55l (.text)
                   00020827  [ 00010413+] 00000001          *   --HOLE-- [fill = 20]
                   00020828  [ 00010414 ] 0000010b          *   dsk5510_dma_aic23.l55l : dsk5510_dma_aic (.text:init)
                   00020933  [ 00010499+] 00000001          *   --HOLE-- [fill = 20]
                   00020934  [ 0001049a ] 000000f7          *   c5510_dma_mcbsp.l55l : c5510_dma_mcbsp (.text:init)
                   00020a2b  [ 00010515+] 00000001          *   --HOLE-- [fill = 20]
                   00020a2c  [ 00010516 ] 000000bf          *   dsk5510_dma_aic23.l55l : aic23.o55l (.text)
                   00020aeb  [ 00010575+] 00000001          *   --HOLE-- [fill = 20]
                   00020aec  [ 00010576 ] 00000060          *                          : dsk5510_dma_aic (.text)
                   00020b4c  [ 000105a6 ] 0000003e          *   drivers.a55l : dio.o55l (.text)
                   00020b8a  [ 000105c5 ] 00000002          *   sscr.l55l : sscr_init.o55l (.text:init)
                   00020b8c  [ 000105c6 ] 00000004          *   biosi.a55l : iom_stub.o55l (.text)
                   00020b90  [ 000105c8 ] 00000697          *   thrProcess.o55l (.text)
                   00021227  [ 00010913+] 00000334          *   algrf.l55l : algrf_creScratchSupport.o55l (.text:create)
                   0002155b  [ 00010aad+] 00000279          *   csl5510PG2_2x.lib : mcbsp_rst.obj (.text:MCBSP_reset)
                   000217d4  [ 00010bea ] 000001ff          *   utl.l55l : utl_algmem.o55l (.text)
                   000219d3  [ 00010ce9+] 000001f0          *   thrTxJoin.o55l (.text)
                   00021bc3  [ 00010de1+] 000001ce          *   thrRxSplit.o55l (.text)
                   00021d91  [ 00010ec8+] 000001c7          *   csl5510PG2_2x.lib : dma_reset.obj (.text:DMA_reset)
                   00021f58  [ 00010fac ] 00000189          *   thrControl.o55l (.text)
                   000220e1  [ 00011070+] 00000170          *   sscr.l55l : sscr_prime.o55l (.text:SSCR_prime)
                   00022251  [ 00011128+] 0000015e          *   chan.l55l : chan_regcell.o55l (.text:CHAN_regCell)
                   000223af  [ 000111d7+] 0000015d          *   sscr.l55l : sscr_setup.o55l (.text:setup)
                   0002250c  [ 00011286 ] 00000130          *   csl5510PG2_2x.lib : mcbsp_cfg.obj (.text:MCBSP_config)
                   0002263c  [ 0001131e ] 0000012b          *   chan.l55l : chan_open.o55l (.text:CHAN_open)
                   00022767  [ 000113b3+] 00000116          *   csl5510PG2_2x.lib : tim_rstt.obj (.text:TIMER_reset)
                   0002287d  [ 0001143e+] 00000104          *   sscr.l55l : sscr_createbuf.o55l (.text:SSCR_createBuf)
                   00022981  [ 000114c0+] 00000101          *   csl5510PG2_2x.lib : dma_cfg.obj (.text:DMA_config)
                   00022a82  [ 00011541 ] 000000e4          *                     : mcbsp_open.obj (.text:MCBSP_open)
                   00022b66  [ 000115b3 ] 000000ce          *                     : dma_open.obj (.text:DMA_open)
                   00022c34  [ 0001161a ] 000000cb          *                     : tim_open.obj (.text:TIMER_open)
                   00022cff  [ 0001167f+] 000000c1          *                     : emifA_cfg.obj (.text:EMIF_config)
                   00022dc0  [ 000116e0 ] 000000b6          *   rts55x.lib : exit.obj (.text)
                   00022e76  [ 0001173b ] 000000a3          *   cellFir.o55l (.text)
                   00022f19  [ 0001178c+] 000000a0          *   scom.l55l : scom.o55l (.text:create)
                   00022fb9  [ 000117dc+] 000000a0          *   rts55x.lib : divul.obj (.text)
                   00023059  [ 0001182c+] 0000009b          *   cellVol.o55l (.text)
                   000230f4  [ 0001187a ] 00000096          *   chan.l55l : chan_execute.o55l (.text:CHAN_execute)
                   0002318a  [ 000118c5 ] 00000093          *   vol_ti.l55l : vol_ti_ivol.o55l (.text)
                   0002321d  [ 0001190e+] 0000008f          *   fir_ti.l55l : fir_ti_filter.o55l (.text:filter)
                   000232ac  [ 00011956 ] 00000081          *   utl.l55l : utl_heapusage.o55l (.text)
                   0002332d  [ 00011996+] 0000007e          *   csl5510PG2_2x.lib : mcbsp_start.obj (.text:MCBSP_start)
                   000233ab  [ 000119d5+] 00000073          *   scom.l55l : scom.o55l (.text:SCOM_open)
                   0002341e  [ 00011a0f ] 0000006f          *   csl5510PG2_2x.lib : irq_disa.obj (.text:IRQ_disable)
                   0002348d  [ 00011a46+] 0000006e          *   appThreads.o55l (.text)
                   000234fb  [ 00011a7d+] 00000066          *   csl5510PG2_2x.lib : tim_cfgb.obj (.text:TIMER_configArgs)
                   00023561  [ 00011ab0+] 00000066          *   utl.l55l : utl_stsPeriod.o55l (.text)
                   000235c7  [ 00011ae3+] 00000062          *   csl5510PG2_2x.lib : irq_enab.obj (.text:IRQ_enable)
                   00023629  [ 00011b14+] 0000005d          *   utl.l55l : utl_stsStartStop.o55l (.text)
                   00023686  [ 00011b43 ] 0000004e          *   rts55x.lib : divli.obj (.text)
                   000236d4  [ 00011b6a ] 0000004a          *   fir_ti.l55l : fir_ti_ialg.o55l (.text:algAlloc)
                   0002371e  [ 00011b8f ] 00000046          *   scom.l55l : scom.o55l (.text:delete)
                   00023764  [ 00011bb2 ] 00000042          *   algrf.l55l : algrf_creScratchSupport.o55l (.text)
                   000237a6  [ 00011bd3 ] 00000040          *   icc.l55l : icc_linearCreate.o55l (.text:ICC_linearCreate)
                   000237e6  [ 00011bf3 ] 0000003e          *   fir_ti.l55l : fir_ti_ialg.o55l (.text:algFree)
                   00023824  [ 00011c12 ] 0000003d          *   scom.l55l : scom.o55l (.text:SCOM_getMsg)
                   00023861  [ 00011c30+] 0000003d          *   appMain.o55l (.text)
                   0002389e  [ 00011c4f ] 00000038          *   csl5510PG2_2x.lib : dma_close.obj (.text:DMA_close)
                   000238d6  [ 00011c6b ] 00000036          *   utl.l55l : utl_defaultLog.o55l (.text)
                   0002390c  [ 00011c86 ] 00000035          *   scom.l55l : scom.o55l (.text:SCOM_putMsg)
                   00023941  [ 00011ca0+] 00000035          *   fir_ti.l55l : fir_ti_ialg.o55l (.text:algInit)
                   00023976  [ 00011cbb ] 00000033          *   algrf.l55l : algrf_setup.o55l (.text:setup)
                   000239a9  [ 00011cd4+] 0000002e          *   vol_ti.l55l : vol_ti_ialg.o55l (.text:algAlloc)
                   000239d7  [ 00011ceb+] 00000028          *   chan.l55l : chan_setup.o55l (.text:setup)
                   000239ff  [ 00011cff+] 00000027          *   vol_ti.l55l : vol_ti_ialg.o55l (.text:algFree)
                   00023a26  [ 00011d13 ] 00000027          *   algrf.l55l : algrf_deactivate.o55l (.text:deactivate)
                   00023a4d  [ 00011d26+] 00000026          *   fir_ti.l55l : fir_ti_ialg.o55l (.text:algControl)
                   00023a73  [ 00011d39+] 00000022          *   algrf.l55l : algrf_activate.o55l (.text:activate)
                   00023a95  [ 00011d4a+] 00000021          *   vol_ti.l55l : vol_ti_ialg.o55l (.text:algInit)
                   00023ab6  [ 00011d5b ] 00000020          *   csl5510PG2_2x.lib : tim_start.obj (.text:TIMER_start)
                   00023ad6  [ 00011d6b ] 00000017          *   fir_ti.l55l : fir_ti_ialg.o55l (.text:algActivate)
                   00023aed  [ 00011d76+] 00000017          *               : fir_ti_ialg.o55l (.text:algDeactivate)
                   00023b04  [ 00011d82 ] 00000015          *   rts55x.lib : memset.obj (.text)
                   00023b19  [ 00011d8c+] 00000014          *   scom.l55l : scom.o55l (.text:init)
                   00023b2d  [ 00011d96+] 00000013          *   rts55x.lib : lmpy.obj (.text)
                   00023b40  [ 00011da0 ] 00000012          *   fir_ti.l55l : fir_ti_ialg.o55l (.text:algMoved)
                   00023b52  [ 00011da9 ] 00000012          *   rts55x.lib : memcpy.obj (.text)
                   00023b64  [ 00011db2 ] 00000012          *              : _lock.obj (.text)
                   00023b76  [ 00011dbb ] 00000010          *              : strcmp.obj (.text)
                   00023b86  [ 00011dc3 ] 00000010          *   appcfg_c.o55l (.text:CSL_cfgInit)
                   00023b96  [ 00011dcb ] 0000000f          *   csl5510PG2_2x.lib : irq_gdisab.obj (.text:IRQ_globalDisable)
                   00023ba5  [ 00011dd2+] 0000000e          *   chan.l55l : chan_init.o55l (.text:init)
                   00023bb3  [ 00011dd9+] 0000000d          *   csl5510PG2_2x.lib : _csl_init.obj (.text:_CSL_init)
                   00023bc0  [ 00011de0 ] 0000000c          *                     : irq_grest.obj (.text:IRQ_globalRestore)
                   00023bcc  [ 00011de6 ] 0000000a          *   vol_ti.l55l : vol_ti_ialg.o55l (.text:algMoved)
                   00023bd6  [ 00011deb ] 00000007          *   rts55x.lib : exit.obj (.text:CIO_breakpoint)
                   00023bdd  [ 00011dee+] 00000007          *   csl5510PG2_2x.lib : mcbsp_w16.obj (.text:MCBSP_write16)
                   00023be4  [ 00011df2 ] 00000004          *   fir_ti.l55l : fir_ti_ialg.o55l (.text:algNumAlloc)
                   00023be8  [ 00011df4 ] 00000002          *   scom.l55l : scom.o55l (.text:exit)
                   00023bea  [ 00011df5 ] 00000002          *   --HOLE-- [fill = 20]

.bios        0     00023bec  [ 00011df6 ] 00002f34          *   
                   00023bec  [ 00011df6 ] 000001ab          *   sioboth.a55l : sio_crea_both.o (.bios)
                   00023d97  [ 00011ecb+] 00000001          *   --HOLE-- [fill = 20]
                   00023d98  [ 00011ecc ] 00000193          *   biosi.a55l : sem_pend_inst.o (.bios)
                   00023f2b  [ 00011f95+] 00000001          *   --HOLE-- [fill = 20]
                   00023f2c  [ 00011f96 ] 0000016c          *              : mem_free_inst.o (.bios:.near)
                   00024098  [ 0001204c ] 00000158          *              : knl_tick_inst.o (.bios)
                   000241f0  [ 000120f8 ] 0000013b          *              : knl_run_inst.o5 (.bios)
                   0002432b  [ 00012195+] 00000001          *   --HOLE-- [fill = 20]
                   0002432c  [ 00012196 ] 00000121          *              : mem_allo_inst.o (.bios:.near)
                   0002444d  [ 00012226+] 00000003          *   --HOLE-- [fill = 20]
                   00024450  [ 00012228 ] 00000120          *              : mem_init_inst.o (.bios:.near)
                   00024570  [ 000122b8 ] 00000115          *   sioboth.a55l : sio_dele_both.o (.bios)
                   00024685  [ 00012342+] 00000003          *   --HOLE-- [fill = 20]
                   00024688  [ 00012344 ] 00000108          *   biosi.a55l : sem_dopo_inst.o (.bios)
                   00024790  [ 000123c8 ] 00000101          *              : tsk_exit_inst.o (.bios)
                   00024891  [ 00012448+] 00000003          *   --HOLE-- [fill = 20]
                   00024894  [ 0001244a ] 000000f6          *              : tsk_setu_inst.o (.bios)
                   0002498a  [ 000124c5 ] 00000002          *   --HOLE-- [fill = 20]
                   0002498c  [ 000124c6 ] 000000e0          *              : mbx_crea_inst.o (.bios)
                   00024a6c  [ 00012536 ] 000000ad          *              : mbx_inst.o55l (.bios)
                   00024b19  [ 0001258c+] 00000003          *   --HOLE-- [fill = 20]
                   00024b1c  [ 0001258e ] 0000009f          *              : dev_init_inst.o (.bios)
                   00024bbb  [ 000125dd+] 00000001          *   --HOLE-- [fill = 20]
                   00024bbc  [ 000125de ] 0000009a          *              : mbx_dele_inst.o (.bios)
                   00024c56  [ 0001262b ] 00000002          *   --HOLE-- [fill = 20]
                   00024c58  [ 0001262c ] 00000097          *              : tsk_stup_inst.o (.bios)
                   00024cef  [ 00012677+] 00000001          *   --HOLE-- [fill = 20]
                   00024cf0  [ 00012678 ] 00000084          *              : tsk_init_inst.o (.bios)
                   00024d74  [ 000126ba ] 00000084          *              : mem_stat_inst.o (.bios)
                   00024df8  [ 000126fc ] 0000007f          *              : dev_matc_inst.o (.bios)
                   00024e77  [ 0001273b+] 00000001          *   --HOLE-- [fill = 20]
                   00024e78  [ 0001273c ] 0000007e          *              : hwi_disp.o55l (.bios)
                   00024ef6  [ 0001277b ] 00000002          *   --HOLE-- [fill = 20]
                   00024ef8  [ 0001277c ] 00000065          *   sioboth.a55l : sio_recl_both.o (.bios)
                   00024f5d  [ 000127ae+] 00000003          *   --HOLE-- [fill = 20]
                   00024f60  [ 000127b0 ] 00000064          *                : sio_issu_both.o (.bios)
                   00024fc4  [ 000127e2 ] 0000005e          *   biosi.a55l : dev_mkfr_inst.o (.bios)
                   00025022  [ 00012811 ] 00000002          *   --HOLE-- [fill = 20]
                   00025024  [ 00012812 ] 0000005b          *              : knl_exit_inst.o (.bios)
                   0002507f  [ 0001283f+] 00000001          *   --HOLE-- [fill = 20]
                   00025080  [ 00012840 ] 0000005a          *              : lck_inst.o55l (.bios)
                   000250da  [ 0001286d ] 00000002          *   --HOLE-- [fill = 20]
                   000250dc  [ 0001286e ] 00000055          *              : obj_crea_inst.o (.bios)
                   00025131  [ 00012898+] 00000003          *   --HOLE-- [fill = 20]
                   00025134  [ 0001289a ] 0000004d          *              : sem_post_inst.o (.bios)
                   00025181  [ 000128c0+] 00000003          *   --HOLE-- [fill = 20]
                   00025184  [ 000128c2 ] 00000049          *              : obj_dele_inst.o (.bios)
                   000251cd  [ 000128e6+] 00000003          *   --HOLE-- [fill = 20]
                   000251d0  [ 000128e8 ] 00000043          *              : knl_ipos_inst.o (.bios)
                   00025213  [ 00012909+] 00000001          *   --HOLE-- [fill = 20]
                   00025214  [ 0001290a ] 00000042          *              : sys_exit_inst.o (.bios)
                   00025256  [ 0001292b ] 00000002          *   --HOLE-- [fill = 20]
                   00025258  [ 0001292c ] 0000003d          *              : clk_start55.o55 (.bios)
                   00025295  [ 0001294a+] 00000003          *   --HOLE-- [fill = 20]
                   00025298  [ 0001294c ] 0000003c          *              : sem_crea_inst.o (.bios)
                   000252d4  [ 0001296a ] 00000037          *              : knl_post_inst.o (.bios)
                   0002530b  [ 00012985+] 00000001          *   --HOLE-- [fill = 20]
                   0002530c  [ 00012986 ] 00000030          *              : mem_vall_inst.o (.bios:.near)
                   0002533c  [ 0001299e ] 00000029          *              : gbl_cslinit55.o (.bios)
                   00025365  [ 000129b2+] 00000003          *   --HOLE-- [fill = 20]
                   00025368  [ 000129b4 ] 00000029          *              : que_crea_inst.o (.bios)
                   00025391  [ 000129c8+] 00000003          *   --HOLE-- [fill = 20]
                   00025394  [ 000129ca ] 00000023          *              : utl_doab_inst.o (.bios)
                   000253b7  [ 000129db+] 00000001          *   --HOLE-- [fill = 20]
                   000253b8  [ 000129dc ] 00000020          *              : utl_doer_inst.o (.bios)
                   000253d8  [ 000129ec ] 00000020          *              : dev_rmfr_inst.o (.bios)
                   000253f8  [ 000129fc ] 0000001a          *              : sys_abor_inst.o (.bios)
                   00025412  [ 00012a09 ] 00000002          *   --HOLE-- [fill = 20]
                   00025414  [ 00012a0a ] 00000019          *              : sys_erro_inst.o (.bios:.near)
                   0002542d  [ 00012a16+] 00000003          *   --HOLE-- [fill = 20]
                   00025430  [ 00012a18 ] 0000000e          *              : sem_dele_inst.o (.bios)
                   0002543e  [ 00012a1f ] 00000002          *   --HOLE-- [fill = 20]
                   00025440  [ 00012a20 ] 00000008          *              : sys_one_inst.o5 (.bios)
                   00025448  [ 00012a24 ] 00000008          *              : utl_halt_inst.o (.bios)
                   00025450  [ 00012a28 ] 00000002          *              : fxn_c.o55l (.bios)
                   00025452  [ 00012a29 ] 00000002          *   --HOLE-- [fill = 20]
                   00025454  [ 00012a2a ] 00000002          *              : obj_init_inst.o (.bios)
                   00025456  [ 00012a2b ] 000003f2          *              : swi.o55l (.bios)
                   00025848  [ 00012c24 ] 00000373          *   lnkrtdx.a55l : rtdx.o55l (.bios)
                   00025bbb  [ 00012ddd+] 000002f1          *   biosi.a55l : hwi_disp_asm.o5 (.bios)
                   00025eac  [ 00012f56 ] 00000180          *              : prd.o55l (.bios)
                   0002602c  [ 00013016 ] 0000014f          *              : pip.o55l (.bios)
                   0002617b  [ 000130bd+] 0000012e          *              : rta.o55l (.bios)
                   000262a9  [ 00013154+] 00000126          *              : knl_swit_inst.o (.bios)
                   000263cf  [ 000131e7+] 00000095          *   clki.a55l : idl_cal.o55l (.bios)
                   00026464  [ 00013232 ] 0000008d          *   biosi.a55l : clk_isr.o55l (.bios)
                   000264f1  [ 00013278+] 0000008c          *              : knl_chec_inst.o (.bios)
                   0002657d  [ 000132be+] 00000087          *              : atm_inst.o55l (.bios)
                   00026604  [ 00013302 ] 00000083          *   clki.a55l : clk.o55l (.bios)
                   00026687  [ 00013343+] 00000080          *   biosi.a55l : c55_plug.o55l (.bios)
                   00026707  [ 00013383+] 0000007a          *              : sem_post_asm_in (.bios)
                   00026781  [ 000133c0+] 00000071          *              : autoinit.o55l (.bios)
                   000267f2  [ 000133f9 ] 00000062          *              : log_printf.o55l (.bios)
                   00026854  [ 0001342a ] 00000051          *              : log.o55l (.bios)
                   000268a5  [ 00013452+] 0000004b          *              : sem_pend_asm_in (.bios)
                   000268f0  [ 00013478 ] 00000040          *              : rta_andn.o55l (.bios)
                   00026930  [ 00013498 ] 00000040          *              : idl_busy.o55l (.bios)
                   00026970  [ 000134b8 ] 0000003f          *              : que_get_inst.o5 (.bios)
                   000269af  [ 000134d7+] 00000032          *              : fxn.o55l (.bios)
                   000269e1  [ 000134f0+] 00000030          *              : sts.o55l (.bios)
                   00026a11  [ 00013508+] 0000002b          *              : trc_c.o55l (.bios)
                   00026a3c  [ 0001351e ] 00000024          *              : idl_stub_inst.o (.bios)
                   00026a60  [ 00013530 ] 00000022          *              : hwi_c.o55l (.bios)
                   00026a82  [ 00013541 ] 00000021          *              : boot_setup.o55l (.bios)
                   00026aa3  [ 00013551+] 0000001e          *   clki.a55l : clk_wdog.o55l (.bios)
                   00026ac1  [ 00013560+] 0000001c          *             : clk5561.o55l (.bios)
                   00026add  [ 0001356e+] 00000017          *   biosi.a55l : clk_htime.o55l (.bios)
                   00026af4  [ 0001357a ] 00000012          *              : clk_run.o55l (.bios)
                   00026b06  [ 00013583 ] 0000000c          *              : idl.o55l (.bios)
                   00026b12  [ 00013589 ] 00000007          *              : sts_set.o55l (.bios)
                   00026b19  [ 0001358c+] 00000006          *              : gbl_vers.o55l (.bios)
                   00026b1f  [ 0001358f+] 00000001          *   --HOLE-- [fill = 20]

.rtdx_text 
*            0     00026b20  [ 00013590 ] 0000073c          *   
                   00026b20  [ 00013590 ] 000003d5          *   rtdxx.lib : rtdx_mon.o55L (.rtdx_text)
                   00026ef5  [ 0001377a+] 0000031e          *             : buffer1.o55L (.rtdx_text)
                   00027213  [ 00013909+] 00000048          *             : intr_tgt.o55L (.rtdx_text)
                   0002725b  [ 0001392d+] 00000001          *   --HOLE-- [fill = 20]

.sysinit     0     0002725c  [ 0001392e ] 000001a2          *   
                   0002725c  [ 0001392e ] 0000011c          *   appcfg.o55l (.sysinit)
                   00027378  [ 000139bc ] 00000085          *   biosi.a55l : boot.o55l (.sysinit)
                   000273fd  [ 000139fe+] 00000001          *   --HOLE-- [fill = 20]

.SDRAM$heap 
*            0   [ 00050000 ]  00028000          *   00002000   UNINITIALIZED


GLOBAL SYMBOLS: SORTED ALPHABETICALLY BY Name 

abs. value/
byte addr   word addr   name
---------   ---------   ----
00000001                $TI_capability_requires_rev2
            00001100    .bss
            00000100    .data
00020000                .text
00000006                BIOSDATA_O_CLK_D_COUNTSPMS
00000000                BIOSDATA_O_CLK_D_DIRTY
00000008                BIOSDATA_O_CLK_D_IDLETIME
0000000a                BIOSDATA_O_CLK_D_ISRHOOK
00000002                BIOSDATA_O_CLK_D_PRD
0000000c                BIOSDATA_O_CLK_D_TABBEG
00000004                BIOSDATA_O_CLK_D_TDDR
0000000e                BIOSDATA_O_CLK_D_TIMEFXN
00000010                BIOSDATA_O_CLK_R_TIMH
00000011                BIOSDATA_O_CLK_R_TIML
00000012                BIOSDATA_O_HST_D_CHANMASK
00000088                BIOSDATA_O_HST_D_TABBEGADDR
0000008a                BIOSDATA_O_HST_D_TABENDADDR
00000078                BIOSDATA_O_HWI_D_SPSAVE
0000007a                BIOSDATA_O_HWI_D_SSPSAVE
0000008c                BIOSDATA_O_HWI_D_STKBOTADDR
0000008e                BIOSDATA_O_HWI_D_STKTOPADDR
00000090                BIOSDATA_O_HWI_D_SYSTKBOTADDR
00000092                BIOSDATA_O_HWI_D_SYSTKTOPADDR
00000014                BIOSDATA_O_IDL_D_CALBEG
00000016                BIOSDATA_O_IDL_D_CALIBRATE
00000018                BIOSDATA_O_IDL_D_TABBEG
0000001a                BIOSDATA_O_LOG_D_SYSTEM
00000080                BIOSDATA_O_MEM_D_FREELIST
00000082                BIOSDATA_O_MEM_D_LOCKADDR
0000007e                BIOSDATA_O_MEM_D_MEMTAB
0000007c                BIOSDATA_O_MEM_D_NUMSEGMENTS
00000084                BIOSDATA_O_MEM_D_UNLOCKADDR
0000001c                BIOSDATA_O_PIP_D_TABBEG
0000001e                BIOSDATA_O_PIP_D_TABLEN
00000020                BIOSDATA_O_PRD_D_CUR
00000022                BIOSDATA_O_PRD_D_ELAPSED
00000023                BIOSDATA_O_PRD_D_PREVTIM
00000024                BIOSDATA_O_PRD_D_SCALAR
00000026                BIOSDATA_O_PRD_D_SWIHANDLE
00000028                BIOSDATA_O_PRD_D_TABBEG
0000002a                BIOSDATA_O_PRD_D_TABLEN
0000002c                BIOSDATA_O_PRD_D_THOOK
0000002e                BIOSDATA_O_PRD_D_TICKH
0000002f                BIOSDATA_O_PRD_D_TICKL
00000098                BIOSDATA_O_RTDX_D_BUFREAD
0000009a                BIOSDATA_O_RTDX_D_BUFWRITE
00000030                BIOSDATA_O_SWI_D_CURFXN
00000032                BIOSDATA_O_SWI_D_CURMASK
00000033                BIOSDATA_O_SWI_D_CURMBOX
00000034                BIOSDATA_O_SWI_D_CURSET
00000036                BIOSDATA_O_SWI_D_EXECADDR
00000038                BIOSDATA_O_SWI_D_LOCK
0000003a                BIOSDATA_O_SWI_D_RDYBEG
0000003c                BIOSDATA_O_SWI_D_RDYTAB
0000009c                BIOSDATA_O_SWI_D_RUNADDR
00000086                BIOSDATA_O_SYS
00000094                BIOSDATA_O_TSK_D_IDLSTKADDR
00000096                BIOSDATA_O_TSK_D_IDLSYSTKADDR
0002725c                BIOS_init
00027338                BIOS_start
00000000                BUF$
00000001                BUF_ENABLED
00023bd7                C$$EXIT
            000046d6    C55_BIOSDATAOBJ
00000001                CLK$
            00004932    CLK_A_TABBEG
            00004936    CLK_A_TABEND
00000004                CLK_A_TABLEN
0000c350                CLK_COUNTSPMS
00000000                CLK_COUNTSPMSHIGH
            000046de    CLK_D_idletime
            000046e0    CLK_D_isrhook
            000046e2    CLK_D_tabbeg
            000046e4    CLK_D_timefxn
00026afa                CLK_F_dispRun
00026604                CLK_F_getfhtime
00026630                CLK_F_gethtime
00026661                CLK_F_getltime
00026630                CLK_F_getshtime
00026464                CLK_F_isr
0002666a                CLK_F_itime
00026af4                CLK_F_run
00026ac1                CLK_F_start5561
00026aa3                CLK_F_wdogdisable
00026ad6                CLK_F_wdogdisable5561
00026af4                CLK_HOOKFXN
00000010                CLK_IMR0TINTMASK
00000000                CLK_IMR1TINTMASK
00000004                CLK_INTBIT
0054a2a0                CLK_MICROSECONDS
            00004934    CLK_NULL
0000c34f                CLK_PRD
00000000                CLK_PRDHIGH
00001000                CLK_REGS
            000046e6    CLK_R_timh
            000046e7    CLK_R_timl
00000023                CLK_TCR
00000003                CLK_TDDR
00000000                CLK_TDDRHIGH
00026630                CLK_TIMEFXN
00000001                CLK_TIMERIFR
00000000                CLK_TIMERIMR
00000010                CLK_TIMERIMRMASK
00000000                CLK_TIMERNUM
00000001                CLK_USETIMER
            00001831    DARAM
            00000100    DARAM$B
00002000                DARAM$L
00000000                DEV$
00000000                DGN$
00000000                DHL$
00000000                DHL_gChannelsAvailable
00000001                DIO$
00000000                DIO_NUMSWIBASE
00000000                DIO_NUMTSKBASE
00000000                DIO_STATIC
            000048d6    DIO_dioCodec$device
            000048d0    DIO_dioCodec$obj
00000000                DPI$
ffffffff                FLASH
000269af                FXN_F_nop
000269b1                FXN_F_run
000269df                FXN_F_selfLoop
000269db                FXN_F_zero
00000001                GBL$
00000490                GBL_A_VERSION
00026a82                GBL_BIOS_BOOTFXN
00f80000                GBL_CACHEICRTAG1
00f81000                GBL_CACHEICRTAG2
00000002                GBL_CACHETYPE
00000001                GBL_CALLCSLCFGINIT
00002cd0                GBL_CLKMD
00001586                GBL_DSPSUBTYPE
00000000                GBL_ENABLEICACHE
00000001                GBL_ENABLEINST
00000042                GBL_FOOTPRINT
00026a82                GBL_F_biosbootfxn
00026b19                GBL_F_version
00000001                GBL_LARGEMODEL
00000001                GBL_MODIFYCLKMD
00000000                GBL_NULL
00008000                GBL_PLLDIV0
0000000f                GBL_PLLM
00000000                GBL_ROM
00000001                GBL_SUPPORTCSL
0000dbef                GBL_TRCMASKVALUE
00000000                GBL_USERINIT
00025450                GBL_USERINITFXN
00000001                GBL_boot
            00008ae8    GBL_initdone
            00001968    GBL_stackbeg
            00002167    GBL_stackend
            00003a68    GBL_sysstackbeg
            00003e67    GBL_sysstackend
00000000                GIO$
00025450                GIO_CREATEFXN
00025450                GIO_DELETEFXN
00025450                GIO_PENDFXN
00025450                GIO_POSTFXN
00000000                HOOK$
00000000                HOOK_KNLID
00000001                HST$
            000040ee    HST_A_TABBEG
            00004100    HST_A_TABEND
00000004                HST_A_TABLEN
00000000                HST_DSM
            00001831    HST_DSMBUFSEG
00000400                HST_DSMMEMSIZE
            000046e8    HST_D_chanmask
            0000475e    HST_D_tabbegaddr
            00004760    HST_D_tabendaddr
00000100                HST_MAXFRAMEALLOWED
00000040                HST_MAXFRAMESET
00000000                HST_NONE
00000001                HST_RTDX
00000001                HWI$
00000100                HWI_A_VECS
00000018                HWI_BERR
00000019                HWI_DLOG
            0000474e    HWI_D_spsave
            00004750    HWI_D_sspsave
            00004762    HWI_D_stkbotaddr
            00004764    HWI_D_stktopaddr
            00004766    HWI_D_systkbotaddr
            00004768    HWI_D_systktopaddr
00025bbb                HWI_F_dispatch
0000000a                HWI_INT10
0000000b                HWI_INT11
0000000c                HWI_INT12
0000000d                HWI_INT13
0000000e                HWI_INT14
0000000f                HWI_INT15
00000010                HWI_INT16
00000011                HWI_INT17
00000012                HWI_INT18
00000013                HWI_INT19
00000002                HWI_INT2
00000014                HWI_INT20
00000015                HWI_INT21
00000016                HWI_INT22
00000017                HWI_INT23
00000003                HWI_INT3
00000004                HWI_INT4
00000005                HWI_INT5
00000006                HWI_INT6
00000007                HWI_INT7
00000008                HWI_INT8
00000009                HWI_INT9
00000001                HWI_NMI
00000000                HWI_RESET
0000001a                HWI_RTOS
0000001b                HWI_SINT27
0000001c                HWI_SINT28
0000001d                HWI_SINT29
0000001e                HWI_SINT30
0000001f                HWI_SINT31
00000004                HWI_TINT
00000000                HWI_ZEROTAB
00023b2d                I$$LMPY
00000001                IDL$
            00004912    IDL_A_CALBEG
            0000491a    IDL_A_CALEND
00000004                IDL_A_CALLEN
            0000490a    IDL_A_TABBEG
            00004912    IDL_A_TABEND
00000004                IDL_A_TABLEN
00026a3c                IDL_CALIBRFXN
            00004790    IDL_D_busyObj
            000046ea    IDL_D_calbeg
            000046ec    IDL_D_calibrate
            000046ee    IDL_D_tabbeg
            00004910    IDL_END
            00004918    IDL_END$
00026930                IDL_F_busy
000263cf                IDL_F_calibrate
00026955                IDL_F_init
00026b06                IDL_F_loop
00026a3c                IDL_F_stub
00000001                IDL_USECLKIDLTIME
            000047c4    IDL_busyObj
            000047c2    IDL_busyObj$stsobj
            0000490c    IDL_cpuLoad
            00004914    IDL_cpuLoad$
00000001                ISRC$
00026307                KNL_glue
            000048e2    KNL_swi
            00004794    KNL_swi$sts
            00004792    KNL_swi$sts$stsobj
00026346                KNL_tick_stub
00000001                LCK$
            0000478a    LNKCTRL
            0000478b    LNK_D_dataReadyMask
            0000478a    LNK_D_fromHostMask
            0000478d    LNK_D_readDone
            0000478e    LNK_D_readFail
            0000478c    LNK_D_readPend
            0000478f    LNK_D_writeFail
0002584a                LNK_F_checkChanEnabled
000258a3                LNK_F_dataPump
00025871                LNK_F_getChanPtr
00025858                LNK_F_getNextChan
00025848                LNK_F_init
00025b99                LNK_F_readCallBack
            0000490e    LNK_dataPump
            00004916    LNK_dataPump$
00025a0e                LNK_newin
00025ac5                LNK_newout
000258a3                LNK_rcloop
000258f7                LNK_rdrtry
00025901                LNK_rrloop
00025981                LNK_wrloop
00025977                LNK_wrrtry
00000001                LOG$
            000048f6    LOG_A_TABBEG
            0000490a    LOG_A_TABEND
00000002                LOG_A_TABLEN
            000046f0    LOG_D_system
00000001                LOG_ENABLED
00026854                LOG_F_event
            000048f6    LOG_system
            00004200    LOG_system$buf
00000100                LOG_system$size
00000000                MBX$
00000001                MEM$
            00001831    MEM_MALLOCSEG
00000000                MEM_NULL
            00001831    MEM_SEGZERO
00000002                MEM_gNumHeap
00000000                OBJ$
00000000                PIP$
            0000481a    PIP_A_TABBEG
            0000487e    PIP_A_TABEND
00000002                PIP_A_TABLEN
            000046f2    PIP_D_tabbeg
            000046f4    PIP_D_tablen
00026091                PIP_F_give
0002608f                PIP_F_probe
00026116                PIP_F_start
0002602c                PIP_F_take
00000000                PIP_gNextId
00000002                PIP_gNumEmbed
00000001                PRD$
            00000100    PRD_A_TABBEG
            00000100    PRD_A_TABEND
00000000                PRD_A_TABLEN
            000046f6    PRD_D_cur
            000046f8    PRD_D_elapsed
            000046f9    PRD_D_prevtim
            000046fa    PRD_D_scalar
            000046fc    PRD_D_swihandle
            000046fe    PRD_D_tabbeg
            00004700    PRD_D_tablen
            00004702    PRD_D_thook
            00004704    PRD_D_tickh
            00004705    PRD_D_tickl
00025eac                PRD_F_swi
00025fcb                PRD_F_tick
00004000                PRD_SCALAR
00000000                PRD_SWIHANDLE
00026346                PRD_THOOKFXN
            00004932    PRD_clock
00000001                PWRM$
00000000                PWRM_PWRM_ADAPTCLK
00025450                PWRM_PWRM_BOOTHOOKFXN
00000033                PWRM_PWRM_CAPSMASK
0000003f                PWRM_PWRM_DS_IDLEMASK
00000000                PWRM_PWRM_ENABLE
00000005                PWRM_PWRM_IDLEMASK
00000000                PWRM_PWRM_IER0
00000000                PWRM_PWRM_IER1
0000000f                PWRM_PWRM_INITSP
005457e8                PWRM_PWRM_INITVOLTS
00000000                PWRM_PWRM_SCALING
00000001                QUE$
            00004774    RTA_D_fromHost
            00004778    RTA_D_logval
            00004782    RTA_D_stsval
            00004776    RTA_D_toHost
000268f0                RTA_F_andn
00026202                RTA_F_dispatch
0002617b                RTA_F_getlog
000261a6                RTA_F_getsts
00026906                RTA_F_or
000261d4                RTA_F_readblk
000261e7                RTA_F_resetmem
000261e3                RTA_F_writeword
            0000490a    RTA_dispatcher
            00004912    RTA_dispatcher$
            000040f0    RTA_fromHost
            0000492a    RTA_fromHost$buf
            0000481a    RTA_fromHost$pipe
            00001834    RTA_fromHost$pipe$dtab
            0000481c    RTA_fromHost$pipe$rd
            0000481e    RTA_fromHost$pipe$rdaddr
            00004822    RTA_fromHost$pipe$rdcurdesc
            00004820    RTA_fromHost$pipe$rdsize
            00004832    RTA_fromHost$pipe$rdstshdl
            00004834    RTA_fromHost$pipe$wr
            00004836    RTA_fromHost$pipe$wraddr
            0000483a    RTA_fromHost$pipe$wrcurdesc
            00004838    RTA_fromHost$pipe$wrsize
            0000484a    RTA_fromHost$pipe$wrstshdl
            000040f4    RTA_fromHost$rtdx
            000040f8    RTA_toHost
            0000487e    RTA_toHost$buf
            0000484c    RTA_toHost$pipe
            0000183a    RTA_toHost$pipe$dtab
            0000484e    RTA_toHost$pipe$rd
            00004850    RTA_toHost$pipe$rdaddr
            00004854    RTA_toHost$pipe$rdcurdesc
            00004852    RTA_toHost$pipe$rdsize
            00004864    RTA_toHost$pipe$rdstshdl
            00004866    RTA_toHost$pipe$wr
            00004868    RTA_toHost$pipe$wraddr
            0000486c    RTA_toHost$pipe$wrcurdesc
            0000486a    RTA_toHost$pipe$wrsize
            0000487c    RTA_toHost$pipe$wrstshdl
            000040fc    RTA_toHost$rtdx
00000001                RTDX$
00000102                RTDX_BUFMEMSIZE
            00001831    RTDX_DATAMEMSEG
            0000476e    RTDX_D_BufRead
            00004770    RTDX_D_BufWrite
00000001                RTDX_USERTDX
00000000                RTDX_USERTEXECUTION
ffffffff                SARAM
ffffffff                SARAM_A
ffffffff                SARAM_B
            00001832    SDRAM
            00028000    SDRAM$B
00004000                SDRAM$L
00000000                SEM$
00000000                SIO$
00000001                STS$
            00004792    STS_A_TABBEG
            0000481a    STS_A_TABEND
00000011                STS_A_TABLEN
000269eb                STS_F_add
000269e1                STS_F_delta
00026a03                STS_F_reset
00000001                SWI$
            000048e2    SWI_A_TABBEG
            000048f6    SWI_A_TABEND
00000001                SWI_A_TABLEN
            00004706    SWI_D_curfxn
            00004708    SWI_D_curmask
            00004709    SWI_D_curmbox
            0000470a    SWI_D_curset
            0000470c    SWI_D_execaddr
            0000470e    SWI_D_lock
            00004710    SWI_D_rdybeg
            00004712    SWI_D_rdytab
            00004772    SWI_D_runaddr
00000000                SWI_EHOOKFXN
000255a9                SWI_EXECFXN
00025456                SWI_F_enable
000255a9                SWI_F_exec
00025514                SWI_F_exec_sync
00025489                SWI_F_post
0002569f                SWI_F_run
00000000                SWI_IHOOKFXN
0002569f                SWI_RUNFXN
00000001                SYS$
            00004922    SYS$config
00025394                SYS_ABORTFXN
000253b8                SYS_ERRORFXN
00025448                SYS_EXITFXN
00025450                SYS_PUTCFXN
00004000                TRC_GBLTARG
            00008ae7    TRC_R_mask
            00008ae6    TRC_cinit
00000001                TSK$
            0000476a    TSK_D_idlstkaddr
            0000476c    TSK_D_idlsystkaddr
00000000                TSK_NUM_HOOKS
00000001                TSK_PRIORITY
00000000                TSK_READYFXN
            00001832    TSK_STACKSEG
00000400                TSK_STACKSIZE
00000000                TSK_SWITCHFXN
00000100                TSK_SYSTACKSIZE
00025450                TSK_VCREATEFXN
00025450                TSK_VDELETEFXN
00025450                TSK_VEXITFXN
            000045f0    TSK_idle
            00003568    TSK_idle$stack
            00003947    TSK_idle$stkptr
            000047bc    TSK_idle$sts
            000047ba    TSK_idle$sts$stsobj
            00003968    TSK_idle$sysstack
            00003a47    TSK_idle$sysstkptr
            00004608    TSK_idle$tskobj
00000001                UDEV$
            000048c4    UDEV_udevCodec$device
            000048be    UDEV_udevCodec$obj
ffffffff                VECT
00020a2c                _AIC23_setParams
            00001948    _ALGRF
00023a73                _ALGRF_activate
            00001946    _ALGRF_config
00021227                _ALGRF_createScratchSupport
00023a26                _ALGRF_deactivate
000206a9                _ALGRF_init
000214a9                _ALGRF_memFreeScratchSupport
00023976                _ALGRF_setup
0002657d                _ATM_andi
0002657d                _ATM_andu
00026595                _ATM_cleari
00026595                _ATM_clearu
000265a9                _ATM_deci
000265a9                _ATM_decu
000265c0                _ATM_inci
000265c0                _ATM_incu
000265d7                _ATM_ori
000265d7                _ATM_oru
000265ef                _ATM_seti
000265ef                _ATM_setu
0002725c                _BIOS_init
00027338                _BIOS_start
            00001688    _C55XX_DMA_MCBSP_FXNS
00020a18                _C55XX_DMA_MCBSP_init
00026687                _C55_plug
            00001954    _CHAN_ATTRS
000230f4                _CHAN_execute
00023ba5                _CHAN_init
0002263c                _CHAN_open
00022251                _CHAN_regCell
000239d7                _CHAN_setup
0000c350                _CLK_COUNTSPMS
            0000182e    _CLK_DFLTMICROSECS
            000046dc    _CLK_D_countspms
            000046d6    _CLK_D_dirty
            0000182c    _CLK_D_microseconds
            000046d8    _CLK_D_prd
            000046da    _CLK_D_tddr
0000c34f                _CLK_PRD
00001000                _CLK_REGS
00000023                _CLK_TCR
00000003                _CLK_TDDR
00000000                _CLK_TIMERNUM
00000001                _CLK_USETIMER
00026add                _CLK_gethtime
00026661                _CLK_getltime
0002666a                _CLK_itime
00025258                _CLK_start
00025258                _CLK_start55
            00004428    _CSL_DmaData
            000044a6    _CSL_McbspData
            0000450c    _CSL_SysData
            0000452e    _CSL_TimerData
00023b86                _CSL_cfgInit
            00001831    _DARAM
            00000100    _DARAM_base
00002000                _DARAM_length
            00001844    _DEV_D_devinit
            00001840    _DEV_devinit
00024b1c                _DEV_init
00024df8                _DEV_match
00024fc4                _DEV_mkframe
000253d8                _DEV_rmframe
00020b4c                _DIO_ctrl
00020b88                _DIO_init
000204c0                _DIO_tskCallback
            000018fc    _DIO_tskDynamicFxns
00020528                _DIO_tskIdle
000205bc                _DIO_tskIssue
00020638                _DIO_tskReady
0002067c                _DIO_tskReclaim
0002389e                _DMA_close
00022981                _DMA_config
00022b66                _DMA_open
00021d91                _DMA_reset
            000018c6    _DSK5510_DEVPARAMS
            0000171e    _DSK5510_DMA_AIC23_FXNS
000208fc                _DSK5510_DMA_AIC23_init
00022cff                _EMIF_config
            00001832    _EXTERNALHEAP
            00001932    _FIR_CELLFXNS
            0000189e    _FIR_IFIR
            0000189e    _FIR_TI_IALG
            0000189e    _FIR_TI_IFIR
00023ad6                _FIR_TI_activate
000236d4                _FIR_TI_alloc
00023a4d                _FIR_TI_control
00023aed                _FIR_TI_deactivate
00023254                _FIR_TI_filter
000237e6                _FIR_TI_free
00023941                _FIR_TI_initObj
00023b40                _FIR_TI_moved
00023be4                _FIR_TI_numAlloc
00022edb                _FIR_cellControl
00022e76                _FIR_cellExecute
ffffffff                _FLASH
00025450                _FXN_F_nop
0002533c                _GBL_cslInit
            00001960    _GBL_cslTimerHandle
            000040ee    _HST_A_TABBEG
            00004100    _HST_A_TABEND
00000004                _HST_A_TABLEN
            00001958    _HWI_ATTRS
00000100                _HWI_A_VECS
00000018                _HWI_BERR
00000019                _HWI_DLOG
            0000474e    _HWI_D_spsave
            00004750    _HWI_D_sspsave
00025bbb                _HWI_F_dispatch
0000000a                _HWI_INT10
0000000b                _HWI_INT11
0000000c                _HWI_INT12
0000000d                _HWI_INT13
0000000e                _HWI_INT14
0000000f                _HWI_INT15
00000010                _HWI_INT16
00000011                _HWI_INT17
00000012                _HWI_INT18
00000013                _HWI_INT19
00000002                _HWI_INT2
00000014                _HWI_INT20
00000015                _HWI_INT21
00000016                _HWI_INT22
00000017                _HWI_INT23
00000003                _HWI_INT3
00000004                _HWI_INT4
00000005                _HWI_INT5
00000006                _HWI_INT6
00000007                _HWI_INT7
00000008                _HWI_INT8
00000009                _HWI_INT9
00000001                _HWI_NMI
00000000                _HWI_RESET
0000001a                _HWI_RTOS
0000001b                _HWI_SINT27
0000001c                _HWI_SINT28
0000001d                _HWI_SINT29
0000001e                _HWI_SINT30
0000001f                _HWI_SINT31
            00002168    _HWI_STKBOTTOM
            00001968    _HWI_STKTOP
            00003e68    _HWI_SYSSTKBOTTOM
            00003a68    _HWI_SYSSTKTOP
00000004                _HWI_TINT
00026a60                _HWI_disable
00024e78                _HWI_dispatchPlug
            00004616    _HWI_dispatchTab
00026a72                _HWI_enable
00026a76                _HWI_restore
000204bd                _ICC_init
000237a6                _ICC_linearCreate
00026b06                _IDL_F_loop
            000047c4    _IDL_busyObj
            0000490c    _IDL_cpuLoad
            00001940    _IFIR_PARAMS
            00001831    _INTERNALHEAP
00020b8c                _IOM_mdNotImpl
0002341e                _IRQ_disable
000235c7                _IRQ_enable
00023b96                _IRQ_globalDisable
00023bc0                _IRQ_globalRestore
            0000195c    _IVOL_PARAMS
            000016e8    _KNL_alarm
000264f1                _KNL_check
            00001710    _KNL_curqueue
            00001708    _KNL_curtask
            0000170c    _KNL_curtime
            000016f0    _KNL_dummy
00025024                _KNL_enter
00025060                _KNL_exit
0002654e                _KNL_idle
            0000171c    _KNL_idlefxn
            000016ec    _KNL_inactive
000251d0                _KNL_ipost
00026568                _KNL_max
            00001712    _KNL_maxqueue
000252d4                _KNL_post
            0000170a    _KNL_prevtask
            000016ee    _KNL_priority
            00001696    _KNL_queues
000241f0                _KNL_run
00026366                _KNL_saveIsrFrame
            00001695    _KNL_set
            000016ea    _KNL_setpri
            000048e2    _KNL_swi
            0000170e    _KNL_swiptr
000262a9                _KNL_switch
            00001716    _KNL_tcreatefxn
            00001718    _KNL_tdeletefxn
000241e0                _KNL_tick
            0000171a    _KNL_treadyfxn
            00001714    _KNL_tswitchfxn
            00001694    _KNL_wFlag
            000016e6    _KNL_wList
000250a0                _LCK_pend
00025080                _LCK_post
00025b99                _LNK_F_readCallBack
            0000490e    _LNK_dataPump
            000048f6    _LOG_A_TABBEG
            0000490a    _LOG_A_TABEND
00000002                _LOG_A_TABLEN
            000046f0    _LOG_D_system
00026854                _LOG_event
000267f2                _LOG_printf
            000048f6    _LOG_system
            0000195f    _MBX_ATTRS
0002498c                _MBX_create
00024bbc                _MBX_delete
00024a6c                _MBX_pend
00024ac4                _MBX_post
0002250c                _MCBSP_config
00022a82                _MCBSP_open
0002155b                _MCBSP_reset
0002332d                _MCBSP_start
00023bdd                _MCBSP_write16
            00001964    _MEM
            00004752    _MEM_D_NUMSEGMENTS
            00004756    _MEM_D_freelist
            00004758    _MEM_D_lockaddr
            00004754    _MEM_D_memtab
            0000475a    _MEM_D_unlockaddr
0002432c                _MEM_alloc
00023f2c                _MEM_free
00024450                _MEM_init
            00001820    _MEM_memtab
00024d74                _MEM_stat
0002530c                _MEM_valloc
000250dc                _OBJ_create
00025184                _OBJ_delete
00025454                _OBJ_init
            00001866    _OBJ_segtab
            0000184a    _OBJ_table
            0000481a    _PIP_A_TABBEG
            0000487e    _PIP_A_TABEND
00000002                _PIP_A_TABLEN
            00004705    _PRD_D_tick
            00004932    _PRD_clock
            0000194b    _QUE_ATTRS
00025368                _QUE_create
00026970                _QUE_get
0002698f                _QUE_put
0002617b                _RTA_F_getlog
            0000490a    _RTA_dispatcher
            000040f0    _RTA_fromHost
            000040f8    _RTA_toHost
            00004300    _RTDX_Buffer
            00004426    _RTDX_Buffer_End
00026ef5                _RTDX_Buffer_Initialize
000271cc                _RTDX_Buffer_Read
            00004424    _RTDX_Buffer_Start
000270ee                _RTDX_Buffer_Write
00026bcf                _RTDX_Final_RT_Monitor
00026dff                _RTDX_H2TPoll
00026c09                _RTDX_Init_RT_Monitor
00026ee8                _RTDX_IsFlowEnabled
00000003                _RTDX_JTAGONLY
00000001                _RTDX_LMM
00027213                _RTDX_Mask_IER
00026e63                _RTDX_Mon_Queue
00026d18                _RTDX_Poll
0002723d                _RTDX_Set_IER
00000000                _RTDX_interrupt_mask
            0000441a    _RTDX_writing
ffffffff                _SARAM
ffffffff                _SARAM_A
ffffffff                _SARAM_B
            0000193a    _SCOM_ATTRS
00022f19                _SCOM_create
0002371e                _SCOM_delete
00023be8                _SCOM_exit
00023824                _SCOM_getMsg
00023b19                _SCOM_init
000233ab                _SCOM_open
0002390c                _SCOM_putMsg
            00001832    _SDRAM
            00028000    _SDRAM_base
00004000                _SDRAM_length
            00001967    _SEM_ATTRS
00025298                _SEM_create
00025430                _SEM_delete
000268a5                _SEM_pend
00023d98                _SEM_pendEnterKnl
00026707                _SEM_post
00025134                _SEM_postEnterKnl
            00001922    _SIO_ATTRS
00023bec                _SIO_create
00024570                _SIO_delete
00024f60                _SIO_issue
00024ef8                _SIO_reclaim
0002287d                _SSCR_createBuf
00020b8a                _SSCR_init
000220e1                _SSCR_prime
000223af                _SSCR_setup
            00004792    _STS_A_TABBEG
            0000481a    _STS_A_TABEND
00000011                _STS_A_TABLEN
000269eb                _STS_add
000269e1                _STS_delta
00026a03                _STS_reset
00026b12                _STS_set
            00004706    _SWI_D_curfxn
            00004708    _SWI_D_curmask
            0000470e    _SWI_D_lock
            00004710    _SWI_D_rdybeg
00025456                _SWI_enable
00025489                _SWI_post
            0000475c    _SYS
000253f8                _SYS_abort
00025414                _SYS_error
00025214                _SYS_exit
            000018b2    _SYS_exitStack
            000018c2    _SYS_exitStackPtr
            000018c4    _SYS_exitStackTop
00025440                _SYS_one
00025444                _SYS_zero
000234fb                _TIMER_configArgs
00022c34                _TIMER_open
00022767                _TIMER_reset
00023ab6                _TIMER_start
            00008ae7    _TRC_R_mask
00026a11                _TRC_disable
00026a20                _TRC_enable
00026a2d                _TRC_query
            00001810    _TSK
            000017f4    _TSK_ATTRS
            00001802    _TSK_config
00024790                _TSK_exit
            000045f0    _TSK_idle
00024cf0                _TSK_init
            000017f2    _TSK_nTasks
            000017f3    _TSK_pid
00024894                _TSK_setup
00024c7c                _TSK_startup
            00001812    _TSK_timerSem
00025394                _UTL_doAbort
000253b8                _UTL_doError
00025448                _UTL_halt
            00001918    _UTL_logDebugHandle
            00001912    _UTL_logErrorHandle
            00001916    _UTL_logMessageHandle
            00001914    _UTL_logWarningHandle
000238d6                _UTL_setLogs
00021816                _UTL_showAlgMemFunc
000232ac                _UTL_showHeapUsageFunc
00023561                _UTL_stsPeriodFunc
00023629                _UTL_stsStartFunc
00023652                _UTL_stsStopFunc
ffffffff                _VECT
            0000191a    _VOL_CELLFXNS
            00001888    _VOL_IVOL
            00001888    _VOL_TI_IALG
            00001888    _VOL_TI_IVOL
000239a9                _VOL_TI_alloc
0002318a                _VOL_TI_amplify
000231be                _VOL_TI_control
000239ff                _VOL_TI_free
00023a95                _VOL_TI_initObj
00023bcc                _VOL_TI_moved
000230be                _VOL_cellControl
00023059                _VOL_cellExecute
00026af4                __CLK_hwienter
00023bb3                __CSL_init
            00001848    __DEV_D_NUMINITFXNS
            00001846    __DEV_NUMINITFXNS
            00001833    __HOOK_NUMHOOKS
            00001830    __HOOK_knlId
00024688                __SEM_dopost
            00001951    __SSCR_bucketCnt
            00001952    __SSCR_bucketList
            00001950    __SSCR_heapId
00001000                __STACK_SIZE
00000800                __SYSSTACK_SIZE
            000018ea    __TSK_mutex
ffffffff                ___binit__
            00001100    ___bss__
            0000491a    ___c_args__
            00008000    ___cinit__
            00000100    ___data__
            00000100    ___edata__
            00001968    ___end__
00023bec                ___etext__
            00008ae0    ___pinit__
00020000                ___text__
            000017b2    __cleanup_ptr
00023686                __divli
00022fb9                __divul
            000017b4    __dtors_ptr
            0000194c    __lock
00023b2d                __mpyli
00023b64                __nop
00023b66                __register_lock
00023b6e                __register_unlock
            00001968    __stack
            00003a68    __sysstack
            0000194e    __unlock
00023bd6                _abort
            000014be    _activeChannels
00020825                _appIOInit
0002348d                _appThreadInit
00022e20                _atexit
00026781                _auto_init
00027378                _c_int00
            000018d8    _emifCfg0
00022dc0                _exit
            0000192a    _externalControl
            0000192e    _externalControlPrev
            00004900    _logTrace
00023861                _main
            00001316    _mbxProcess
00023b52                _memcpy
00023b04                _memset
            00001604    _ports
            00004414    _rtdx_buffer_state
            00004402    _rtdx_mon_state
00023b76                _strcmp
            000047cc    _stsTime0
            000047d4    _stsTime1
            000047dc    _stsTime2
            000047e4    _stsTime3
            000047ec    _stsTime4
            000047f4    _stsTime5
            000047fc    _stsTime6
            00004804    _stsTime7
            0000480c    _stsTime8
            00004814    _stsTime9
00021f58                _thrControlInit
0002200b                _thrControlRun
00021f9e                _thrControlStartup
            00001290    _thrProcess
00020bae                _thrProcessInit
0002103b                _thrProcessRun
00020c9e                _thrProcessStartup
            00001602    _thrRxSplit
00021bc3                _thrRxSplitInit
00021c8d                _thrRxSplitRun
00021c34                _thrRxSplitStartup
            000014c0    _thrTxJoin
000219d3                _thrTxJoinInit
00021ad0                _thrTxJoinRun
00021a67                _thrTxJoinStartup
            000045c4    _tskControl
            00004598    _tskProcess
            00004540    _tskRxSplit
            0000456c    _tskTxJoin
            000017b6    _utlstsTime0
            000017bc    _utlstsTime1
            000017c2    _utlstsTime2
            000017c8    _utlstsTime3
            000017ce    _utlstsTime4
            000017d4    _utlstsTime5
            000017da    _utlstsTime6
            000017e0    _utlstsTime7
            000017e6    _utlstsTime8
            000017ec    _utlstsTime9
ffffffff                binit
            00008000    cinit
            00000100    edata
            00001968    end
00023bec                etext
            00008aa7    gblinit
00000100                hwi0
00000108                hwi1
00000150                hwi10
00000158                hwi11
00000160                hwi12
00000168                hwi13
00000170                hwi14
00000178                hwi15
00000180                hwi16
00000188                hwi17
00000190                hwi18
00000198                hwi19
00000110                hwi2
000001a0                hwi20
000001a8                hwi21
000001b0                hwi22
000001b8                hwi23
000001c0                hwi24
000001c8                hwi25
000001d0                hwi26
000001d8                hwi27
000001e0                hwi28
000001e8                hwi29
00000118                hwi3
000001f0                hwi30
000001f8                hwi31
00000120                hwi4
00000128                hwi5
00000130                hwi6
00000138                hwi7
00000140                hwi8
00000148                hwi9
0002691a                iRTA_F_or
000257ac                logPost
            00004900    logTrace
            00004100    logTrace$buf
00000100                logTrace$size
            00008ae0    pinit
000257fe                stsPost
            000047cc    stsTime0
            000047ca    stsTime0$stsobj
            000047d4    stsTime1
            000047d2    stsTime1$stsobj
            000047dc    stsTime2
            000047da    stsTime2$stsobj
            000047e4    stsTime3
            000047e2    stsTime3$stsobj
            000047ec    stsTime4
            000047ea    stsTime4$stsobj
            000047f4    stsTime5
            000047f2    stsTime5$stsobj
            000047fc    stsTime6
            000047fa    stsTime6$stsobj
            00004804    stsTime7
            00004802    stsTime7$stsobj
            0000480c    stsTime8
            0000480a    stsTime8$stsobj
            00004814    stsTime9
            00004812    stsTime9$stsobj
[...]
            000046ec    IDL_D_calibrate
            000046ee    IDL_D_tabbeg
            000046f0    _LOG_D_system
            000046f0    LOG_D_system
            000046f2    PIP_D_tabbeg
            000046f4    PIP_D_tablen
            000046f6    PRD_D_cur
            000046f8    PRD_D_elapsed
            000046f9    PRD_D_prevtim
            000046fa    PRD_D_scalar
            000046fc    PRD_D_swihandle
            000046fe    PRD_D_tabbeg
            00004700    PRD_D_tablen
            00004702    PRD_D_thook
            00004704    PRD_D_tickh
            00004705    _PRD_D_tick
            00004705    PRD_D_tickl
            00004706    SWI_D_curfxn
            00004706    _SWI_D_curfxn
            00004708    SWI_D_curmask
            00004708    _SWI_D_curmask
            00004709    SWI_D_curmbox
            0000470a    SWI_D_curset
            0000470c    SWI_D_execaddr
            0000470e    SWI_D_lock
            0000470e    _SWI_D_lock
            00004710    _SWI_D_rdybeg
            00004710    SWI_D_rdybeg
            00004712    SWI_D_rdytab
            0000474e    HWI_D_spsave
            0000474e    _HWI_D_spsave
            00004750    HWI_D_sspsave
            00004750    _HWI_D_sspsave
            00004752    _MEM_D_NUMSEGMENTS
            00004754    _MEM_D_memtab
            00004756    _MEM_D_freelist
            00004758    _MEM_D_lockaddr
            0000475a    _MEM_D_unlockaddr
            0000475c    _SYS
            0000475e    HST_D_tabbegaddr
            00004760    HST_D_tabendaddr
            00004762    HWI_D_stkbotaddr
            00004764    HWI_D_stktopaddr
            00004766    HWI_D_systkbotaddr
            00004768    HWI_D_systktopaddr
            0000476a    TSK_D_idlstkaddr
            0000476c    TSK_D_idlsystkaddr
            0000476e    RTDX_D_BufRead
            00004770    RTDX_D_BufWrite
            00004772    SWI_D_runaddr
            00004774    RTA_D_fromHost
            00004776    RTA_D_toHost
            00004778    RTA_D_logval
            00004782    RTA_D_stsval
            0000478a    LNK_D_fromHostMask
            0000478a    LNKCTRL
            0000478b    LNK_D_dataReadyMask
            0000478c    LNK_D_readPend
            0000478d    LNK_D_readDone
            0000478e    LNK_D_readFail
            0000478f    LNK_D_writeFail
            00004790    IDL_D_busyObj
            00004792    _STS_A_TABBEG
            00004792    STS_A_TABBEG
            00004792    KNL_swi$sts$stsobj
            00004794    KNL_swi$sts
            0000479a    tskRxSplit$sts$stsobj
            0000479c    tskRxSplit$sts
            000047a2    tskTxJoin$sts$stsobj
            000047a4    tskTxJoin$sts
            000047aa    tskProcess$sts$stsobj
            000047ac    tskProcess$sts
            000047b2    tskControl$sts$stsobj
            000047b4    tskControl$sts
            000047ba    TSK_idle$sts$stsobj
            000047bc    TSK_idle$sts
            000047c2    IDL_busyObj$stsobj
            000047c4    IDL_busyObj
            000047c4    _IDL_busyObj
            000047ca    stsTime0$stsobj
            000047cc    _stsTime0
            000047cc    stsTime0
            000047d2    stsTime1$stsobj
            000047d4    _stsTime1
            000047d4    stsTime1
            000047da    stsTime2$stsobj
            000047dc    stsTime2
            000047dc    _stsTime2
            000047e2    stsTime3$stsobj
            000047e4    _stsTime3
            000047e4    stsTime3
            000047ea    stsTime4$stsobj
            000047ec    _stsTime4
            000047ec    stsTime4
            000047f2    stsTime5$stsobj
            000047f4    _stsTime5
            000047f4    stsTime5
            000047fa    stsTime6$stsobj
            000047fc    stsTime6
            000047fc    _stsTime6
            00004802    stsTime7$stsobj
            00004804    stsTime7
            00004804    _stsTime7
            0000480a    stsTime8$stsobj
            0000480c    _stsTime8
            0000480c    stsTime8
            00004812    stsTime9$stsobj
            00004814    stsTime9
            00004814    _stsTime9
            0000481a    PIP_A_TABBEG
            0000481a    _STS_A_TABEND
            0000481a    RTA_fromHost$pipe
            0000481a    STS_A_TABEND
            0000481a    _PIP_A_TABBEG
            0000481c    RTA_fromHost$pipe$rd
            0000481e    RTA_fromHost$pipe$rdaddr
            00004820    RTA_fromHost$pipe$rdsize
            00004822    RTA_fromHost$pipe$rdcurdesc
            00004832    RTA_fromHost$pipe$rdstshdl
            00004834    RTA_fromHost$pipe$wr
            00004836    RTA_fromHost$pipe$wraddr
            00004838    RTA_fromHost$pipe$wrsize
            0000483a    RTA_fromHost$pipe$wrcurdesc
            0000484a    RTA_fromHost$pipe$wrstshdl
            0000484c    RTA_toHost$pipe
            0000484e    RTA_toHost$pipe$rd
            00004850    RTA_toHost$pipe$rdaddr
            00004852    RTA_toHost$pipe$rdsize
            00004854    RTA_toHost$pipe$rdcurdesc
            00004864    RTA_toHost$pipe$rdstshdl
            00004866    RTA_toHost$pipe$wr
            00004868    RTA_toHost$pipe$wraddr
            0000486a    RTA_toHost$pipe$wrsize
            0000486c    RTA_toHost$pipe$wrcurdesc
            0000487c    RTA_toHost$pipe$wrstshdl
            0000487e    RTA_toHost$buf
            0000487e    _PIP_A_TABEND
            0000487e    PIP_A_TABEND
            000048be    UDEV_udevCodec$obj
            000048c4    UDEV_udevCodec$device
            000048d0    DIO_dioCodec$obj
            000048d6    DIO_dioCodec$device
            000048e2    SWI_A_TABBEG
            000048e2    KNL_swi
            000048e2    _KNL_swi
            000048f6    _LOG_system
            000048f6    LOG_A_TABBEG
            000048f6    _LOG_A_TABBEG
            000048f6    SWI_A_TABEND
            000048f6    LOG_system
            00004900    logTrace
            00004900    _logTrace
            0000490a    _LOG_A_TABEND
            0000490a    _RTA_dispatcher
            0000490a    LOG_A_TABEND
            0000490a    IDL_A_TABBEG
            0000490a    RTA_dispatcher
            0000490c    _IDL_cpuLoad
            0000490c    IDL_cpuLoad
            0000490e    _LNK_dataPump
            0000490e    LNK_dataPump
            00004910    IDL_END
            00004912    IDL_A_TABEND
            00004912    IDL_A_CALBEG
            00004912    RTA_dispatcher$
            00004914    IDL_cpuLoad$
            00004916    LNK_dataPump$
            00004918    IDL_END$
            0000491a    ___c_args__
            0000491a    IDL_A_CALEND
            00004922    SYS$config
            0000492a    RTA_fromHost$buf
            00004932    _PRD_clock
            00004932    CLK_A_TABBEG
            00004932    PRD_clock
            00004934    CLK_NULL
            00004936    CLK_A_TABEND
0000c34f                CLK_PRD
0000c34f                _CLK_PRD
0000c350                CLK_COUNTSPMS
0000c350                _CLK_COUNTSPMS
0000dbef                GBL_TRCMASKVALUE
            00008000    cinit
            00008000    ___cinit__
            00008aa7    gblinit
            00008ae0    pinit
            00008ae0    ___pinit__
            00008ae6    TRC_cinit
            00008ae7    TRC_R_mask
            00008ae7    _TRC_R_mask
            00008ae8    GBL_initdone
00020000                .text
00020000                ___text__
000204bd                _ICC_init
000204c0                _DIO_tskCallback
00020528                _DIO_tskIdle
000205bc                _DIO_tskIssue
00020638                _DIO_tskReady
0002067c                _DIO_tskReclaim
000206a9                _ALGRF_init
00020825                _appIOInit
000208fc                _DSK5510_DMA_AIC23_init
00020a18                _C55XX_DMA_MCBSP_init
00020a2c                _AIC23_setParams
00020b4c                _DIO_ctrl
00020b88                _DIO_init
00020b8a                _SSCR_init
00020b8c                _IOM_mdNotImpl
00020bae                _thrProcessInit
00020c9e                _thrProcessStartup
0002103b                _thrProcessRun
00021227                _ALGRF_createScratchSupport
000214a9                _ALGRF_memFreeScratchSupport
0002155b                _MCBSP_reset
00021816                _UTL_showAlgMemFunc
000219d3                _thrTxJoinInit
00021a67                _thrTxJoinStartup
00021ad0                _thrTxJoinRun
00021bc3                _thrRxSplitInit
00021c34                _thrRxSplitStartup
00021c8d                _thrRxSplitRun
00021d91                _DMA_reset
00021f58                _thrControlInit
00021f9e                _thrControlStartup
0002200b                _thrControlRun
000220e1                _SSCR_prime
00022251                _CHAN_regCell
000223af                _SSCR_setup
0002250c                _MCBSP_config
0002263c                _CHAN_open
00022767                _TIMER_reset
0002287d                _SSCR_createBuf
00022981                _DMA_config
00022a82                _MCBSP_open
00022b66                _DMA_open
00022c34                _TIMER_open
00022cff                _EMIF_config
00022dc0                _exit
00022e20                _atexit
00022e76                _FIR_cellExecute
00022edb                _FIR_cellControl
00022f19                _SCOM_create
00022fb9                __divul
00023059                _VOL_cellExecute
000230be                _VOL_cellControl
000230f4                _CHAN_execute
0002318a                _VOL_TI_amplify
000231be                _VOL_TI_control
00023254                _FIR_TI_filter
000232ac                _UTL_showHeapUsageFunc
0002332d                _MCBSP_start
000233ab                _SCOM_open
0002341e                _IRQ_disable
0002348d                _appThreadInit
000234fb                _TIMER_configArgs
00023561                _UTL_stsPeriodFunc
000235c7                _IRQ_enable
00023629                _UTL_stsStartFunc
00023652                _UTL_stsStopFunc
00023686                __divli
000236d4                _FIR_TI_alloc
0002371e                _SCOM_delete
000237a6                _ICC_linearCreate
000237e6                _FIR_TI_free
00023824                _SCOM_getMsg
00023861                _main
0002389e                _DMA_close
000238d6                _UTL_setLogs
0002390c                _SCOM_putMsg
00023941                _FIR_TI_initObj
00023976                _ALGRF_setup
000239a9                _VOL_TI_alloc
000239d7                _CHAN_setup
000239ff                _VOL_TI_free
00023a26                _ALGRF_deactivate
00023a4d                _FIR_TI_control
00023a73                _ALGRF_activate
00023a95                _VOL_TI_initObj
00023ab6                _TIMER_start
00023ad6                _FIR_TI_activate
00023aed                _FIR_TI_deactivate
00023b04                _memset
00023b19                _SCOM_init
00023b2d                __mpyli
00023b2d                I$$LMPY
00023b40                _FIR_TI_moved
00023b52                _memcpy
00023b64                __nop
00023b66                __register_lock
00023b6e                __register_unlock
00023b76                _strcmp
00023b86                _CSL_cfgInit
00023b96                _IRQ_globalDisable
00023ba5                _CHAN_init
00023bb3                __CSL_init
00023bc0                _IRQ_globalRestore
00023bcc                _VOL_TI_moved
00023bd6                _abort
00023bd7                C$$EXIT
00023bdd                _MCBSP_write16
00023be4                _FIR_TI_numAlloc
00023be8                _SCOM_exit
00023bec                _SIO_create
00023bec                etext
00023bec                ___etext__
00023d98                _SEM_pendEnterKnl
00023f2c                _MEM_free
000241e0                _KNL_tick
000241f0                _KNL_run
0002432c                _MEM_alloc
00024450                _MEM_init
00024570                _SIO_delete
00024688                __SEM_dopost
00024790                _TSK_exit
00024894                _TSK_setup
0002498c                _MBX_create
00024a6c                _MBX_pend
00024ac4                _MBX_post
00024b1c                _DEV_init
00024bbc                _MBX_delete
00024c7c                _TSK_startup
00024cf0                _TSK_init
00024d74                _MEM_stat
00024df8                _DEV_match
00024e78                _HWI_dispatchPlug
00024ef8                _SIO_reclaim
00024f60                _SIO_issue
00024fc4                _DEV_mkframe
00025024                _KNL_enter
00025060                _KNL_exit
00025080                _LCK_post
000250a0                _LCK_pend
000250dc                _OBJ_create
00025134                _SEM_postEnterKnl
00025184                _OBJ_delete
000251d0                _KNL_ipost
00025214                _SYS_exit
00025258                _CLK_start55
00025258                _CLK_start
00025298                _SEM_create
000252d4                _KNL_post
0002530c                _MEM_valloc
0002533c                _GBL_cslInit
00025368                _QUE_create
00025394                SYS_ABORTFXN
00025394                _UTL_doAbort
000253b8                SYS_ERRORFXN
000253b8                _UTL_doError
000253d8                _DEV_rmframe
000253f8                _SYS_abort
00025414                _SYS_error
00025430                _SEM_delete
00025440                _SYS_one
00025444                _SYS_zero
00025448                SYS_EXITFXN
00025448                _UTL_halt
00025450                PWRM_PWRM_BOOTHOOKFXN
00025450                SYS_PUTCFXN
00025450                GIO_POSTFXN
00025450                GBL_USERINITFXN
00025450                GIO_PENDFXN
00025450                GIO_CREATEFXN
00025450                GIO_DELETEFXN
00025450                _FXN_F_nop
00025450                TSK_VDELETEFXN
00025450                TSK_VCREATEFXN
00025450                TSK_VEXITFXN
00025454                _OBJ_init
00025456                SWI_F_enable
00025456                _SWI_enable
00025489                _SWI_post
00025489                SWI_F_post
00025514                SWI_F_exec_sync
000255a9                SWI_EXECFXN
000255a9                SWI_F_exec
0002569f                SWI_RUNFXN
0002569f                SWI_F_run
000257ac                logPost
000257fe                stsPost
00025848                LNK_F_init
0002584a                LNK_F_checkChanEnabled
00025858                LNK_F_getNextChan
00025871                LNK_F_getChanPtr
000258a3                LNK_F_dataPump
000258a3                LNK_rcloop
000258f7                LNK_rdrtry
00025901                LNK_rrloop
00025977                LNK_wrrtry
00025981                LNK_wrloop
00025a0e                LNK_newin
00025ac5                LNK_newout
00025b99                _LNK_F_readCallBack
00025b99                LNK_F_readCallBack
00025bbb                HWI_F_dispatch
00025bbb                _HWI_F_dispatch
00025eac                PRD_F_swi
00025fcb                PRD_F_tick
0002602c                PIP_F_take
0002608f                PIP_F_probe
00026091                PIP_F_give
00026116                PIP_F_start
0002617b                _RTA_F_getlog
0002617b                RTA_F_getlog
000261a6                RTA_F_getsts
000261d4                RTA_F_readblk
000261e3                RTA_F_writeword
000261e7                RTA_F_resetmem
00026202                RTA_F_dispatch
000262a9                _KNL_switch
00026307                KNL_glue
00026346                KNL_tick_stub
00026346                PRD_THOOKFXN
00026366                _KNL_saveIsrFrame
000263cf                IDL_F_calibrate
00026464                CLK_F_isr
000264f1                _KNL_check
0002654e                _KNL_idle
00026568                _KNL_max
0002657d                _ATM_andi
0002657d                _ATM_andu
00026595                _ATM_clearu
00026595                _ATM_cleari
000265a9                _ATM_decu
000265a9                _ATM_deci
000265c0                _ATM_inci
000265c0                _ATM_incu
000265d7                _ATM_oru
000265d7                _ATM_ori
000265ef                _ATM_seti
000265ef                _ATM_setu
00026604                CLK_F_getfhtime
00026630                CLK_F_gethtime
00026630                CLK_TIMEFXN
00026630                CLK_F_getshtime
00026661                _CLK_getltime
00026661                CLK_F_getltime
0002666a                _CLK_itime
0002666a                CLK_F_itime
00026687                _C55_plug
00026707                _SEM_post
00026781                _auto_init
000267f2                _LOG_printf
00026854                LOG_F_event
00026854                _LOG_event
000268a5                _SEM_pend
000268f0                RTA_F_andn
00026906                RTA_F_or
0002691a                iRTA_F_or
00026930                IDL_F_busy
00026955                IDL_F_init
00026970                _QUE_get
0002698f                _QUE_put
000269af                FXN_F_nop
000269b1                FXN_F_run
000269db                FXN_F_zero
000269df                FXN_F_selfLoop
000269e1                _STS_delta
000269e1                STS_F_delta
000269eb                STS_F_add
000269eb                _STS_add
00026a03                STS_F_reset
00026a03                _STS_reset
00026a11                _TRC_disable
00026a20                _TRC_enable
00026a2d                _TRC_query
00026a3c                IDL_CALIBRFXN
00026a3c                IDL_F_stub
00026a60                _HWI_disable
00026a72                _HWI_enable
00026a76                _HWI_restore
00026a82                GBL_F_biosbootfxn
00026a82                GBL_BIOS_BOOTFXN
00026aa3                CLK_F_wdogdisable
00026ac1                CLK_F_start5561
00026ad6                CLK_F_wdogdisable5561
00026add                _CLK_gethtime
00026af4                __CLK_hwienter
00026af4                CLK_HOOKFXN
00026af4                CLK_F_run
00026afa                CLK_F_dispRun
00026b06                IDL_F_loop
00026b06                _IDL_F_loop
00026b12                _STS_set
00026b19                GBL_F_version
00026bcf                _RTDX_Final_RT_Monitor
00026c09                _RTDX_Init_RT_Monitor
00026d18                _RTDX_Poll
00026dff                _RTDX_H2TPoll
00026e63                _RTDX_Mon_Queue
00026ee8                _RTDX_IsFlowEnabled
00026ef5                _RTDX_Buffer_Initialize
000270ee                _RTDX_Buffer_Write
000271cc                _RTDX_Buffer_Read
00027213                _RTDX_Mask_IER
0002723d                _RTDX_Set_IER
0002725c                BIOS_init
0002725c                _BIOS_init
00027338                _BIOS_start
00027338                BIOS_start
00027378                _c_int00
            00028000    SDRAM$B
            00028000    _SDRAM_base
005457e8                PWRM_PWRM_INITVOLTS
0054a2a0                CLK_MICROSECONDS
00f80000                GBL_CACHEICRTAG1
00f81000                GBL_CACHEICRTAG2
ffffffff                _VECT
ffffffff                binit
ffffffff                _FLASH
ffffffff                ___binit__
ffffffff                SARAM_B
ffffffff                _SARAM
ffffffff                SARAM
ffffffff                SARAM_A
ffffffff                VECT
ffffffff                FLASH
ffffffff                _SARAM_A
ffffffff                _SARAM_B

[1008 symbols]
